
Load Dataset

============================================================
AUTO-GENERATED LABEL DICTIONARY
============================================================
CSV Path: environ/csv/dataset_tipo_histologico_label.csv
Label Column: label
Number of Classes: 2

Label Mapping (alphabetically sorted):
  'carcinoma invasivo de tipo no específico (ductal)': 0
  'carcinoma lobulillar invasivo': 1
============================================================

NOTE: Overriding existing label_dict for task 'tipo_histologico'
Original had 18 classes, auto-generated has 2 classes

Traceback (most recent call last):
  File "/home/onco/miniconda3/envs/memoriaSebaDonoso/lib/python3.11/site-packages/pandas/core/frame.py", line 4911, in _set_value
    self._mgr.column_setitem(icol, iindex, value, inplace_only=True)
  File "/home/onco/miniconda3/envs/memoriaSebaDonoso/lib/python3.11/site-packages/pandas/core/internals/managers.py", line 1518, in column_setitem
    col_mgr.setitem_inplace(idx, value)
  File "/home/onco/miniconda3/envs/memoriaSebaDonoso/lib/python3.11/site-packages/pandas/core/internals/managers.py", line 2226, in setitem_inplace
    arr[indexer] = value
    ~~~^^^^^^^^^
  File "/home/onco/miniconda3/envs/memoriaSebaDonoso/lib/python3.11/site-packages/pandas/core/arrays/string_.py", line 863, in __setitem__
    value = self._maybe_convert_setitem_value(value)
            ^^^^^^^^^^^^^^^^^^^^^^^^^^^^^^^^^^^^^^^^
  File "/home/onco/miniconda3/envs/memoriaSebaDonoso/lib/python3.11/site-packages/pandas/core/arrays/string_.py", line 837, in _maybe_convert_setitem_value
    raise TypeError(
TypeError: Invalid value '0' for dtype 'str'. Value should be a string or missing value, got 'int' instead.

During handling of the above exception, another exception occurred:

Traceback (most recent call last):
  File "/mnt/disco_duro/onco/sebastianDonoso/testMIL/CLAM/main.py", line 460, in <module>
    dataset = Generic_MIL_Dataset(**dataset_kwargs)
              ^^^^^^^^^^^^^^^^^^^^^^^^^^^^^^^^^^^^^
  File "/mnt/disco_duro/onco/sebastianDonoso/testMIL/CLAM/dataset_modules/dataset_generic.py", line 320, in __init__
    super(Generic_MIL_Dataset, self).__init__(**kwargs)
  File "/mnt/disco_duro/onco/sebastianDonoso/testMIL/CLAM/dataset_modules/dataset_generic.py", line 66, in __init__
    slide_data = self.df_prep(slide_data, self.label_dict, ignore, self.label_col)
                 ^^^^^^^^^^^^^^^^^^^^^^^^^^^^^^^^^^^^^^^^^^^^^^^^^^^^^^^^^^^^^^^^^
  File "/mnt/disco_duro/onco/sebastianDonoso/testMIL/CLAM/dataset_modules/dataset_generic.py", line 120, in df_prep
    data.at[i, 'label'] = label_dict[key]
    ~~~~~~~^^^^^^^^^^^^
  File "/home/onco/miniconda3/envs/memoriaSebaDonoso/lib/python3.11/site-packages/pandas/core/indexing.py", line 2592, in __setitem__
    return super().__setitem__(key, value)
           ^^^^^^^^^^^^^^^^^^^^^^^^^^^^^^^
  File "/home/onco/miniconda3/envs/memoriaSebaDonoso/lib/python3.11/site-packages/pandas/core/indexing.py", line 2542, in __setitem__
    self.obj._set_value(*key, value=value, takeable=self._takeable)
  File "/home/onco/miniconda3/envs/memoriaSebaDonoso/lib/python3.11/site-packages/pandas/core/frame.py", line 4922, in _set_value
    self.loc[index, col] = value
    ~~~~~~~~^^^^^^^^^^^^
  File "/home/onco/miniconda3/envs/memoriaSebaDonoso/lib/python3.11/site-packages/pandas/core/indexing.py", line 938, in __setitem__
    iloc._setitem_with_indexer(indexer, value, self.name)
  File "/home/onco/miniconda3/envs/memoriaSebaDonoso/lib/python3.11/site-packages/pandas/core/indexing.py", line 1953, in _setitem_with_indexer
    self._setitem_with_indexer_split_path(indexer, value, name)
  File "/home/onco/miniconda3/envs/memoriaSebaDonoso/lib/python3.11/site-packages/pandas/core/indexing.py", line 2044, in _setitem_with_indexer_split_path
    self._setitem_single_column(loc, value, pi)
  File "/home/onco/miniconda3/envs/memoriaSebaDonoso/lib/python3.11/site-packages/pandas/core/indexing.py", line 2181, in _setitem_single_column
    self.obj._mgr.column_setitem(loc, plane_indexer, value)
  File "/home/onco/miniconda3/envs/memoriaSebaDonoso/lib/python3.11/site-packages/pandas/core/internals/managers.py", line 1520, in column_setitem
    new_mgr = col_mgr.setitem((idx,), value)
              ^^^^^^^^^^^^^^^^^^^^^^^^^^^^^^
  File "/home/onco/miniconda3/envs/memoriaSebaDonoso/lib/python3.11/site-packages/pandas/core/internals/managers.py", line 604, in setitem
    return self.apply("setitem", indexer=indexer, value=value)
           ^^^^^^^^^^^^^^^^^^^^^^^^^^^^^^^^^^^^^^^^^^^^^^^^^^^
  File "/home/onco/miniconda3/envs/memoriaSebaDonoso/lib/python3.11/site-packages/pandas/core/internals/managers.py", line 442, in apply
    applied = getattr(b, f)(**kwargs)
              ^^^^^^^^^^^^^^^^^^^^^^^
  File "/home/onco/miniconda3/envs/memoriaSebaDonoso/lib/python3.11/site-packages/pandas/core/internals/blocks.py", line 1667, in setitem
    values[indexer] = value
    ~~~~~~^^^^^^^^^
  File "/home/onco/miniconda3/envs/memoriaSebaDonoso/lib/python3.11/site-packages/pandas/core/arrays/string_.py", line 863, in __setitem__
    value = self._maybe_convert_setitem_value(value)
            ^^^^^^^^^^^^^^^^^^^^^^^^^^^^^^^^^^^^^^^^
  File "/home/onco/miniconda3/envs/memoriaSebaDonoso/lib/python3.11/site-packages/pandas/core/arrays/string_.py", line 837, in _maybe_convert_setitem_value
    raise TypeError(
TypeError: Invalid value '0' for dtype 'str'. Value should be a string or missing value, got 'int' instead.
