[silueta] level 6 (downsample 64), miniatura 360x320
[silueta] NCC sin registrar 0.9912, registrada 0.9912 (dx=0 dy=0 px de level 0)
[silueta] control contra la región 1 espejada: -0.2392
[silueta] OJO: esta medida la domina el CONTORNO del tejido, no las células. Dos secciones seriadas del mismo bloque también la pasan.

[etapa A] 3 ventanas de 1024 px (476 µm) repartidas en grilla 4x4; búsqueda ±2048 px (952 µm) a level 2
vent      x0      y0      NCC      dx      dy     sd     2do
   0   20864   35840   0.2203   -1772    1684    4.9  0.2202
   1   20352   35328   0.3811   -1644   -1852    3.8  0.3811
   2   21888   29696   0.3944    1352   -1912    5.4  0.3933

[rígido] ajuste con 3 ventanas sobre 2.9 mm de vidrio: rotación +17.965°, escala 1.50924
[rígido] residuo: RMS 1263 px = 587 µm, máximo 739 µm

[etapa B] level 0, plantilla 512 px (238 µm), residual ±48 px, rotación ±8.0° en pasos de 0.5°
vent      NCC     ctrl      θ    dx    dy     sd     2do
   0   0.0310   0.0367  +8.00   -32    43    4.0  0.0257
   1  -0.0169  -0.1677  -4.50    28   -13    4.1 -0.0227
   2   0.1374   0.0627  -8.00   -28   -31    2.9  0.1318

[resumen] NCC a level 0, señal  : medio 0.0505, mediana 0.0310, rango -0.0169..0.1374
[resumen] NCC a level 0, control: medio -0.0227, mediana 0.0367, máximo 0.0627
[resumen] separación señal-control: 0.7 sd del control; ventanas con señal > máximo del control: 1/3

[out] /media/administrador/Storage1/sdonoso/clam_testing2/oncomets-ernesto/sprints/B8_sprint8/anotaciones_patologo/regiones_escaneo/120361_registro_level0.png  (izq = región 0 en (22144,29952), der = lo mejor que se encontró en la región 1, NCC 0.1374)
[out] /media/administrador/Storage1/sdonoso/clam_testing2/oncomets-ernesto/sprints/B8_sprint8/anotaciones_patologo/regiones_escaneo/registro_120361.json
