[silueta] level 6 (downsample 64), miniatura 340x420
[silueta] NCC sin registrar 0.7787, registrada 0.7787 (dx=0 dy=0 px de level 0)
[silueta] control contra la región 1 espejada: -0.1298
[silueta] OJO: esta medida la domina el CONTORNO del tejido, no las células. Dos secciones seriadas del mismo bloque también la pasan.

[etapa A] 8 ventanas de 1024 px (476 µm) repartidas en grilla 4x4; búsqueda ±2048 px (952 µm) a level 2
vent      x0      y0      NCC      dx      dy     sd     2do
   0   18368   17024   0.0984    1912    -848    2.6  0.0964
   1   11392   14464   0.2095    2048    2048    3.1  0.2045
   2   10048   13440   0.0969   -1204   -1160    3.3  0.0832
   3   10048   13376   0.1515    -392    -328    2.8  0.1466
   4   14976   12352   0.1043   -1000    1268    3.7  0.0979
   5   16320    5632   0.2630    1744   -1744    4.0  0.2270
   6   15488    6656   0.4084     304    1100    2.3  0.3958
   7   10048   23744   0.3141    1844     852    3.1  0.3058

[rígido] ajuste con 7 ventanas sobre 9.3 mm de vidrio: rotación -2.633°, escala 1.07590
[rígido] residuo: RMS 1584 px = 737 µm, máximo 999 µm

[etapa B] level 0, plantilla 512 px (238 µm), residual ±48 px, rotación ±8.0° en pasos de 0.5°
vent      NCC     ctrl      θ    dx    dy     sd     2do
   0   0.0573   0.0699  +0.00   -47    45    2.5  0.0519
   1   0.0365   0.0436  -1.00    18   -17    3.7  0.0308
   2   0.0385   0.0451  +4.50    47     1    3.6  0.0270
   3   0.0341  -0.0086  +3.50   -48   -47    4.1  0.0213
   4   0.0505   0.0091  +0.00    40    42    3.0  0.0502
   5  -0.0004   0.0150  -8.00    -8   -38    3.4 -0.0050
   6   0.0097   0.0623  +8.00   -48    -2    2.9  0.0057
   7   0.1064   0.1426  +5.50   -34   -48    4.4  0.0710

[resumen] NCC a level 0, señal  : medio 0.0416, mediana 0.0375, rango -0.0004..0.1064
[resumen] NCC a level 0, control: medio 0.0474, mediana 0.0443, máximo 0.1426
[resumen] separación señal-control: -0.1 sd del control; ventanas con señal > máximo del control: 0/8

[out] /media/administrador/Storage1/sdonoso/clam_testing2/oncomets-ernesto/sprints/B8_sprint8/anotaciones_patologo/regiones_escaneo/128774-2_registro_level0.png  (izq = región 0 en (10304,24000), der = lo mejor que se encontró en la región 1, NCC 0.1064)
[out] /media/administrador/Storage1/sdonoso/clam_testing2/oncomets-ernesto/sprints/B8_sprint8/anotaciones_patologo/regiones_escaneo/registro_128774-2.json
