[silueta] level 6 (downsample 64), miniatura 740x640
[silueta] NCC sin registrar 0.8619, registrada 0.8631 (dx=0 dy=-512 px de level 0)
[silueta] control contra la región 1 espejada: -0.1002
[silueta] OJO: esta medida la domina el CONTORNO del tejido, no las células. Dos secciones seriadas del mismo bloque también la pasan.

[etapa A] 8 ventanas de 1024 px (476 µm) repartidas en grilla 4x4; búsqueda ±2048 px (952 µm) a level 2
vent      x0      y0      NCC      dx      dy     sd     2do
   0   17984   32768   0.1137    2048    2048    3.8  0.1057
   1   35520   30720   0.1603   -1880    2044    3.8  0.1420
   2   33408   30720   0.2635    -324    1232    3.7  0.2343
   3   36032   22528   0.1184   -2048   -1772    4.6  0.1169
   4   19008   21504   0.2201    -480   -1996    3.9  0.1984
   5   34432   20992   0.3073    1716   -1352    2.8  0.3052
   6   29824   16896   0.1450    1660      52    2.8  0.1290
   7   37568   10752   0.2372    2008   -2040    3.0  0.2308

[rígido] ajuste con 5 ventanas sobre 12.7 mm de vidrio: rotación +4.281°, escala 1.12505
[rígido] residuo: RMS 981 px = 456 µm, máximo 689 µm

[etapa B] level 0, plantilla 512 px (238 µm), residual ±48 px, rotación ±8.0° en pasos de 0.5°
vent      NCC     ctrl      θ    dx    dy     sd     2do
   0   0.0381   0.0568  -1.00   -14   -48    3.0  0.0301
   1   0.0321   0.0258  -6.00    13    37    3.5  0.0175
   2   0.2134   0.0452  +0.00   -16    38    3.2  0.1837
   3   0.0451   0.0502  +7.50   -22     8    2.8  0.0412
   4   0.0131  -0.0345  +7.50    39    -1    2.4  0.0110
   5   0.2535   0.0990  -7.50   -26   -38    2.5  0.2384
   6   0.0372   0.0399  +8.00    16   -23    3.8  0.0301
   7   0.0361   0.0295  -3.50    39   -33    4.6  0.0226

[resumen] NCC a level 0, señal  : medio 0.0836, mediana 0.0377, rango 0.0131..0.2535
[resumen] NCC a level 0, control: medio 0.0390, mediana 0.0426, máximo 0.0990
[resumen] separación señal-control: 1.3 sd del control; ventanas con señal > máximo del control: 2/8

[out] /media/administrador/Storage1/sdonoso/clam_testing2/oncomets-ernesto/sprints/B8_sprint8/anotaciones_patologo/regiones_escaneo/129440_registro_level0.png  (izq = región 0 en (34688,21248), der = lo mejor que se encontró en la región 1, NCC 0.2535)
[out] /media/administrador/Storage1/sdonoso/clam_testing2/oncomets-ernesto/sprints/B8_sprint8/anotaciones_patologo/regiones_escaneo/registro_129440.json
