[silueta] level 6 (downsample 64), miniatura 660x560
[silueta] NCC sin registrar 0.9677, registrada 0.9700 (dx=0 dy=576 px de level 0)
[silueta] control contra la región 1 espejada: -0.1953
[silueta] OJO: esta medida la domina el CONTORNO del tejido, no las células. Dos secciones seriadas del mismo bloque también la pasan.

[etapa A] 8 ventanas de 1024 px (476 µm) repartidas en grilla 4x4; búsqueda ±2048 px (952 µm) a level 2
vent      x0      y0      NCC      dx      dy     sd     2do
   0   19776   78080   0.3699     288    -476   10.4  0.1392
   1   22144   73728   0.4591    -100    -600    5.6  0.3001
   2    9216   72704   0.3622    -168     496    7.5  0.2063
   3   34752   67072   0.3781    -456   -1540    5.6  0.2512
   4   31680   59136   0.3353   -1192   -1228    8.1  0.1527
   5   32704   52736   0.1871   -1784   -1016    5.8  0.1415
   6   17728   74752   0.1917      28    -248    6.2  0.1165
   7   30848   59136   0.3075   -1192   -1148   10.1  0.1134

[rígido] ajuste con 8 ventanas sobre 16.7 mm de vidrio: rotación -4.328°, escala 0.99686
[rígido] residuo: RMS 121 px = 56 µm, máximo 104 µm

[etapa B] level 0, plantilla 512 px (238 µm), residual ±48 px, rotación ±8.0° en pasos de 0.5°
vent      NCC     ctrl      θ    dx    dy     sd     2do
   0   0.2049   0.1065  -4.00   -38   -30    5.9  0.1299
   1   0.2843   0.0375  -4.50   -47     5    3.0  0.2394
   2   0.1856   0.0673  -4.50    37    14    8.0  0.0828
   3   0.1476   0.0551  +8.00   -48     2    3.1  0.1331
   4   0.0220   0.0834  -7.00    45   -37    4.0  0.0065
   5   0.0685   0.0727  +0.00   -47    43    3.3  0.0635
   6   0.1439   0.0252  -6.50   -13    14    4.9  0.0898
   7   0.0797   0.0356  -8.00   -48    21    4.8  0.0421

[resumen] NCC a level 0, señal  : medio 0.1421, mediana 0.1457, rango 0.0220..0.2843
[resumen] NCC a level 0, control: medio 0.0604, mediana 0.0612, máximo 0.1065
[resumen] separación señal-control: 3.2 sd del control; ventanas con señal > máximo del control: 5/8

[out] /media/administrador/Storage1/sdonoso/clam_testing2/oncomets-ernesto/sprints/B8_sprint8/anotaciones_patologo/regiones_escaneo/129500_registro_level0.png  (izq = región 0 en (22400,73984), der = lo mejor que se encontró en la región 1, NCC 0.2843)
[out] /media/administrador/Storage1/sdonoso/clam_testing2/oncomets-ernesto/sprints/B8_sprint8/anotaciones_patologo/regiones_escaneo/registro_129500.json
