[silueta] level 6 (downsample 64), miniatura 580x560
[silueta] NCC sin registrar 0.9860, registrada 0.9863 (dx=0 dy=384 px de level 0)
[silueta] control contra la región 1 espejada: -0.3343
[silueta] OJO: esta medida la domina el CONTORNO del tejido, no las células. Dos secciones seriadas del mismo bloque también la pasan.

[etapa A] 8 ventanas de 1024 px (476 µm) repartidas en grilla 4x4; búsqueda ±2048 px (952 µm) a level 2
vent      x0      y0      NCC      dx      dy     sd     2do
   0   18560   69888   0.3828    -476    -784   24.0  0.0589
   1   17984   54272   0.0783   -1232   -1612    2.9  0.0711
   2   18496   69888   0.3740    -476    -792   23.3  0.0591
   3   19072   55808   0.1735     896    -100    8.0  0.0969
   4   14912   52992   0.2508     976    -136    6.3  0.1100
   7   18560   49408   0.6012    1096     124    5.2  0.4398

[rígido] ajuste con 6 ventanas sobre 9.7 mm de vidrio: rotación +3.306°, escala 0.97124
[rígido] residuo: RMS 934 px = 434 µm, máximo 934 µm

[etapa B] level 0, plantilla 512 px (238 µm), residual ±48 px, rotación ±8.0° en pasos de 0.5°
vent      NCC     ctrl      θ    dx    dy     sd     2do
   0   0.1041   0.0555  +0.00    48   -28    6.0  0.0699
   1   0.0471   0.0338  -7.50    -3    -7    3.7  0.0401
   2   0.0835   0.0604  +1.00    48   -23    4.5  0.0531
   3   0.1857   0.0601  +2.00     4    29    3.5  0.1706
   4   0.2498   0.0292  +0.00     1     6    4.8  0.1750
   7   0.1518   0.0524  +7.00     4    48    5.1  0.1322

[resumen] NCC a level 0, señal  : medio 0.1370, mediana 0.1280, rango 0.0471..0.2498
[resumen] NCC a level 0, control: medio 0.0486, mediana 0.0540, máximo 0.0604
[resumen] separación señal-control: 7.1 sd del control; ventanas con señal > máximo del control: 5/6

[out] /media/administrador/Storage1/sdonoso/clam_testing2/oncomets-ernesto/sprints/B8_sprint8/anotaciones_patologo/regiones_escaneo/129749_registro_level0.png  (izq = región 0 en (15168,53248), der = lo mejor que se encontró en la región 1, NCC 0.2498)
[out] /media/administrador/Storage1/sdonoso/clam_testing2/oncomets-ernesto/sprints/B8_sprint8/anotaciones_patologo/regiones_escaneo/registro_129749.json
