[silueta] level 6 (downsample 64), miniatura 520x420
[silueta] NCC sin registrar 0.9907, registrada 0.9916 (dx=0 dy=-640 px de level 0)
[silueta] control contra la región 1 espejada: -0.6719
[silueta] OJO: esta medida la domina el CONTORNO del tejido, no las células. Dos secciones seriadas del mismo bloque también la pasan.

[etapa A] 8 ventanas de 1024 px (476 µm) repartidas en grilla 4x4; búsqueda ±2048 px (952 µm) a level 2
vent      x0      y0      NCC      dx      dy     sd     2do
   0   21760   19072   0.2464     416    1152    7.6  0.1598
   1   21760   20160   0.3141   -1412    1936    3.5  0.3141
   2   25472    4608   0.3922   -1900     656   11.0  0.1781
   3   27008   16000   0.1683    1884   -1968    3.6  0.1683
   4   23808    2560   0.3154    2048   -2044    6.1  0.3127
   6   15488   18560   0.1457    2040   -1652    3.6  0.1423
   7   16000   20160   0.0834   -2016   -2048    4.0  0.0805

[rígido] ajuste con 5 ventanas sobre 9.0 mm de vidrio: rotación -4.993°, escala 0.95987
[rígido] residuo: RMS 2155 px = 1002 µm, máximo 1341 µm

[etapa B] level 0, plantilla 512 px (238 µm), residual ±48 px, rotación ±8.0° en pasos de 0.5°
vent      NCC     ctrl      θ    dx    dy     sd     2do
   0   0.1200   0.0386  -3.00     4   -40    3.8  0.0945
   1   0.0137   0.0145  -8.00    13    11    3.8  0.0096
   2   0.0720   0.0277  -4.50    48    44    3.1  0.0610
   3   0.0351   0.0284  -6.00    40    16    4.1  0.0250
   4   0.0457   0.0540  -8.00    29   -48    2.9  0.0436
   6   0.0311   0.0123  -6.50    16   -48    4.1  0.0250
   7   0.0200   0.0474  -6.00    32     9    4.1  0.0146

[resumen] NCC a level 0, señal  : medio 0.0482, mediana 0.0351, rango 0.0137..0.1200
[resumen] NCC a level 0, control: medio 0.0318, mediana 0.0284, máximo 0.0540
[resumen] separación señal-control: 1.1 sd del control; ventanas con señal > máximo del control: 2/7

[out] /media/administrador/Storage1/sdonoso/clam_testing2/oncomets-ernesto/sprints/B8_sprint8/anotaciones_patologo/regiones_escaneo/135353_registro_level0.png  (izq = región 0 en (22016,19328), der = lo mejor que se encontró en la región 1, NCC 0.1200)
[out] /media/administrador/Storage1/sdonoso/clam_testing2/oncomets-ernesto/sprints/B8_sprint8/anotaciones_patologo/regiones_escaneo/registro_135353.json
