[silueta] level 6 (downsample 64), miniatura 440x380
[silueta] NCC sin registrar 0.9862, registrada 0.9868 (dx=0 dy=640 px de level 0)
[silueta] control contra la región 1 espejada: -0.6565
[silueta] OJO: esta medida la domina el CONTORNO del tejido, no las células. Dos secciones seriadas del mismo bloque también la pasan.

[etapa A] 8 ventanas de 1024 px (476 µm) repartidas en grilla 4x4; búsqueda ±2048 px (952 µm) a level 2
vent      x0      y0      NCC      dx      dy     sd     2do
   0   18688   39552   0.4345    1348    -280    5.9  0.2257
   1   14592   32960   0.3853     976     -96   10.0  0.1561
   2   23168   30400   0.3077     980    -956    8.6  0.0993
   3   13696   30400   0.3151     528      -8    8.5  0.1326
   4   13696   29440   0.3329    1412   -1836    3.4  0.3320
   5   25216   37504   0.3983    1308    -792    9.4  0.1626
   6   14080   29952   0.2413     440    -144    4.1  0.1534
   7   14080   44608   0.2745    1484     -96    8.7  0.1132

[rígido] ajuste con 8 ventanas sobre 8.9 mm de vidrio: rotación -2.294°, escala 1.03327
[rígido] residuo: RMS 604 px = 281 µm, máximo 677 µm

[etapa B] level 0, plantilla 512 px (238 µm), residual ±48 px, rotación ±8.0° en pasos de 0.5°
vent      NCC     ctrl      θ    dx    dy     sd     2do
   0   0.4304   0.0550  -2.00    -6   -38    7.4  0.2564
   1   0.1163   0.0434  -8.00    -2   -35    2.7  0.0972
   2   0.3261   0.0450  -0.50    -8    -8   13.4  0.0980
   3   0.2542   0.0547  +8.00    23   -48    3.0  0.2151
   4   0.0077   0.0475  -8.00   -48   -24    2.4  0.0068
   5   0.2441   0.0961  -2.50   -35   -48    5.9  0.1174
   6   0.0915   0.0504  -6.00   -39    19    3.2  0.0834
   7   0.0772   0.0950  -8.00    -7   -48    4.6  0.0765

[resumen] NCC a level 0, señal  : medio 0.1934, mediana 0.1802, rango 0.0077..0.4304
[resumen] NCC a level 0, control: medio 0.0609, mediana 0.0525, máximo 0.0961
[resumen] separación señal-control: 6.5 sd del control; ventanas con señal > máximo del control: 5/8

[out] /media/administrador/Storage1/sdonoso/clam_testing2/oncomets-ernesto/sprints/B8_sprint8/anotaciones_patologo/regiones_escaneo/135492_registro_level0.png  (izq = región 0 en (18944,39808), der = lo mejor que se encontró en la región 1, NCC 0.4304)
[out] /media/administrador/Storage1/sdonoso/clam_testing2/oncomets-ernesto/sprints/B8_sprint8/anotaciones_patologo/regiones_escaneo/registro_135492.json
