[silueta] level 6 (downsample 64), miniatura 380x340
[silueta] NCC sin registrar 0.9886, registrada 0.9905 (dx=0 dy=-960 px de level 0)
[silueta] control contra la región 1 espejada: -0.5134
[silueta] OJO: esta medida la domina el CONTORNO del tejido, no las células. Dos secciones seriadas del mismo bloque también la pasan.

[etapa A] 8 ventanas de 1024 px (476 µm) repartidas en grilla 4x4; búsqueda ±2048 px (952 µm) a level 2
vent      x0      y0      NCC      dx      dy     sd     2do
   0   22848   10560   0.3882    -144     640    7.0  0.2657
   1   22848   10880   0.3886     -92     644    5.7  0.3150
   2   15744    3584   0.3248   -1592    1764    3.8  0.2030
   3   18304    5440   0.2110   -1240    1440    6.5  0.0836
   4   15744   11392   0.1683    -424    1868    5.1  0.0770
   5   22848   16320   0.3070     812     860    5.6  0.1851
   6   21824    5120   0.2001   -1096     660    5.8  0.1621
   7   14272   11904   0.2385    2048    2048    3.3  0.2344

[rígido] ajuste con 7 ventanas sobre 6.8 mm de vidrio: rotación -9.539°, escala 1.04518
[rígido] residuo: RMS 97 px = 45 µm, máximo 81 µm

[etapa B] level 0, plantilla 512 px (238 µm), residual ±48 px, rotación ±8.0° en pasos de 0.5°
vent      NCC     ctrl      θ    dx    dy     sd     2do
   0   0.0903   0.0885  +6.00    29    11    2.6  0.0785
   1   0.0528   0.0294  +8.00    36    48    3.0  0.0461
   2   0.0854   0.0328  -7.00   -27    26    3.3  0.0783
   3   0.0412   0.0271  +4.50    -8    -8    3.4  0.0312
   4   0.0260   0.0418  -8.00    -8   -32    4.1  0.0181
   5   0.0974   0.0269  +8.00    48   -46    4.8  0.0625
   6   0.0335   0.0350  +0.50    30    47    4.1  0.0258
   7   0.0226   0.0195  +1.00    10   -13    3.8  0.0125

[resumen] NCC a level 0, señal  : medio 0.0562, mediana 0.0470, rango 0.0226..0.0974
[resumen] NCC a level 0, control: medio 0.0376, mediana 0.0311, máximo 0.0885
[resumen] separación señal-control: 0.9 sd del control; ventanas con señal > máximo del control: 2/8

[out] /media/administrador/Storage1/sdonoso/clam_testing2/oncomets-ernesto/sprints/B8_sprint8/anotaciones_patologo/regiones_escaneo/135924_registro_level0.png  (izq = región 0 en (23104,16576), der = lo mejor que se encontró en la región 1, NCC 0.0974)
[out] /media/administrador/Storage1/sdonoso/clam_testing2/oncomets-ernesto/sprints/B8_sprint8/anotaciones_patologo/regiones_escaneo/registro_135924.json
