[silueta] level 6 (downsample 64), miniatura 600x540
[silueta] NCC sin registrar 0.9378, registrada 0.9722 (dx=0 dy=1472 px de level 0)
[silueta] control contra la región 1 espejada: -0.2300
[silueta] OJO: esta medida la domina el CONTORNO del tejido, no las células. Dos secciones seriadas del mismo bloque también la pasan.

[etapa A] 8 ventanas de 1024 px (476 µm) repartidas en grilla 4x4; búsqueda ±2048 px (952 µm) a level 2
vent      x0      y0      NCC      dx      dy     sd     2do
   0   22272   74560   0.4282    -524   -1616   24.9  0.0682
   1   14720   74560   0.3366    -540   -1988   15.8  0.0811
   2   31872   65920   0.2726     -56   -1116   11.5  0.0903
   3   19200   65920   0.4144    -188   -1848   12.3  0.1203
   4   10624   65920   0.1406   -1732    1992    5.7  0.1402
   5   36992   57280   0.4029     308    -856   20.4  0.0802
   6   27392   57280   0.3485     200   -1408   13.9  0.0907
   7   13696   57280   0.1103   -2048    1852    4.8  0.1101

[rígido] ajuste con 7 ventanas sobre 14.7 mm de vidrio: rotación -0.840°, escala 1.02530
[rígido] residuo: RMS 1380 px = 642 µm, máximo 1381 µm

[etapa B] level 0, plantilla 512 px (238 µm), residual ±48 px, rotación ±8.0° en pasos de 0.5°
vent      NCC     ctrl      θ    dx    dy     sd     2do
   0   0.1403   0.0765  +8.00    48   -48    7.1  0.0443
   1   0.1383   0.0481  -4.50    48    -5    5.7  0.0940
   2   0.2661   0.0382  +2.00    37    -2   13.9  0.1068
   3   0.1445   0.0559  -7.50    37   -22    4.0  0.1076
   4   0.0468   0.0378  -7.50   -48   -31    3.5  0.0354
   5   0.3956   0.0610  +2.00    38    13   14.1  0.1104
   6   0.2249   0.0084  +4.00    48     4    9.2  0.1061
   7   0.0118   0.0697  -8.00    29   -34    3.6  0.0092

[resumen] NCC a level 0, señal  : medio 0.1710, mediana 0.1424, rango 0.0118..0.3956
[resumen] NCC a level 0, control: medio 0.0495, mediana 0.0520, máximo 0.0765
[resumen] separación señal-control: 6.0 sd del control; ventanas con señal > máximo del control: 6/8

[out] /media/administrador/Storage1/sdonoso/clam_testing2/oncomets-ernesto/sprints/B8_sprint8/anotaciones_patologo/regiones_escaneo/136370_registro_level0.png  (izq = región 0 en (37248,57536), der = lo mejor que se encontró en la región 1, NCC 0.3956)
[out] /media/administrador/Storage1/sdonoso/clam_testing2/oncomets-ernesto/sprints/B8_sprint8/anotaciones_patologo/regiones_escaneo/registro_136370.json
