[silueta] level 6 (downsample 64), miniatura 620x480
[silueta] NCC sin registrar 0.9881, registrada 0.9887 (dx=0 dy=-320 px de level 0)
[silueta] control contra la región 1 espejada: -0.3569
[silueta] OJO: esta medida la domina el CONTORNO del tejido, no las células. Dos secciones seriadas del mismo bloque también la pasan.

[etapa A] 8 ventanas de 1024 px (476 µm) repartidas en grilla 4x4; búsqueda ±2048 px (952 µm) a level 2
vent      x0      y0      NCC      dx      dy     sd     2do
   0   27520   15872   0.2942     496     296   13.0  0.0947
   1   16064    5632   0.4082     268     492   21.4  0.0927
   2   23424    9216   0.3255     300     360   18.0  0.0792
   3   17088    7680   0.3452     268     500   15.6  0.0670
   4   24960   23552   0.2851     612     416   11.1  0.0930
   5   36416   22528   0.3320     628      88    4.8  0.2103
   6   17088   20992   0.5334     656     584   12.4  0.1703
   7   17088   23552   0.2964     652     580   12.0  0.1152

[rígido] ajuste con 8 ventanas sobre 12.6 mm de vidrio: rotación -1.300°, escala 1.00260
[rígido] residuo: RMS 47 px = 22 µm, máximo 38 µm

[etapa B] level 0, plantilla 512 px (238 µm), residual ±48 px, rotación ±8.0° en pasos de 0.5°
vent      NCC     ctrl      θ    dx    dy     sd     2do
   0   0.2660   0.0510  +0.50    -4     1   17.3  0.0536
   1   0.3227   0.0393  +0.00    -6     3    9.0  0.1465
   2   0.2969   0.0489  -0.50    11   -13    7.4  0.1097
   3   0.2588   0.0524  +0.50    -3     2   13.4  0.0839
   4   0.2521   0.0514  -2.00    16   -21    7.0  0.1182
   5   0.2746   0.0568  +0.00     4    -9    2.8  0.2485
   6   0.5442   0.0666  +0.50    -6     8    8.8  0.2424
   7   0.1621   0.0401  +0.00    -6     3    6.9  0.0803

[resumen] NCC a level 0, señal  : medio 0.2972, mediana 0.2703, rango 0.1621..0.5442
[resumen] NCC a level 0, control: medio 0.0508, mediana 0.0512, máximo 0.0666
[resumen] separación señal-control: 30.0 sd del control; ventanas con señal > máximo del control: 8/8

[out] /media/administrador/Storage1/sdonoso/clam_testing2/oncomets-ernesto/sprints/B8_sprint8/anotaciones_patologo/regiones_escaneo/137538_registro_level0.png  (izq = región 0 en (17344,21248), der = lo mejor que se encontró en la región 1, NCC 0.5442)
[out] /media/administrador/Storage1/sdonoso/clam_testing2/oncomets-ernesto/sprints/B8_sprint8/anotaciones_patologo/regiones_escaneo/registro_137538.json
