[silueta] level 6 (downsample 64), miniatura 460x460
[silueta] NCC sin registrar 0.9877, registrada 0.9879 (dx=0 dy=320 px de level 0)
[silueta] control contra la región 1 espejada: -0.7551
[silueta] OJO: esta medida la domina el CONTORNO del tejido, no las células. Dos secciones seriadas del mismo bloque también la pasan.

[etapa A] 6 ventanas de 1024 px (476 µm) repartidas en grilla 4x4; búsqueda ±2048 px (952 µm) a level 2
vent      x0      y0      NCC      dx      dy     sd     2do
   0   19328   16768   0.3066    1620    -352   17.2  0.0671
   1   20864   13504   0.4273    1408    -452   19.9  0.0763
   2   23104    9920   0.3945    1148    -576   19.4  0.0715
   3   26176   19840   0.2889    1932    -780    9.4  0.1062
   4   26176   23104   0.0936    1788   -1860    2.7  0.0885
   5   20864   22592   0.1566    2032    -592    3.8  0.1287

[rígido] ajuste con 6 ventanas sobre 6.9 mm de vidrio: rotación -4.733°, escala 0.96323
[rígido] residuo: RMS 334 px = 155 µm, máximo 289 µm

[etapa B] level 0, plantilla 512 px (238 µm), residual ±48 px, rotación ±8.0° en pasos de 0.5°
vent      NCC     ctrl      θ    dx    dy     sd     2do
   0   0.0666   0.0481  +3.50     4     8    5.0  0.0462
   1   0.0826   0.0411  +0.00    -8   -48    3.5  0.0459
   2   0.1099   0.0198  +2.00   -48   -48    5.8  0.0693
   3   0.1015   0.0491  +6.50   -48   -48    7.4  0.0743
   4   0.0401   0.0430  +0.00    45   -38    3.0  0.0401
   5   0.0610   0.0405  +8.00    -8    28    3.4  0.0510

[resumen] NCC a level 0, señal  : medio 0.0770, mediana 0.0746, rango 0.0401..0.1099
[resumen] NCC a level 0, control: medio 0.0403, mediana 0.0420, máximo 0.0491
[resumen] separación señal-control: 3.8 sd del control; ventanas con señal > máximo del control: 5/6

[out] /media/administrador/Storage1/sdonoso/clam_testing2/oncomets-ernesto/sprints/B8_sprint8/anotaciones_patologo/regiones_escaneo/137877-2_registro_level0.png  (izq = región 0 en (23360,10176), der = lo mejor que se encontró en la región 1, NCC 0.1099)
[out] /media/administrador/Storage1/sdonoso/clam_testing2/oncomets-ernesto/sprints/B8_sprint8/anotaciones_patologo/regiones_escaneo/registro_137877-2.json
