[silueta] level 6 (downsample 64), miniatura 400x420
[silueta] NCC sin registrar 0.9927, registrada 0.9930 (dx=0 dy=256 px de level 0)
[silueta] control contra la región 1 espejada: -0.9075
[silueta] OJO: esta medida la domina el CONTORNO del tejido, no las células. Dos secciones seriadas del mismo bloque también la pasan.

[etapa A] 7 ventanas de 1024 px (476 µm) repartidas en grilla 4x4; búsqueda ±2048 px (952 µm) a level 2
vent      x0      y0      NCC      dx      dy     sd     2do
   1   21760   54976   0.2437    -176     100    4.3  0.1236
   2   18432   40000   0.2997     444    -444    5.7  0.1586
   3   21248   33280   0.3289     576    -264    7.0  0.1513
   4   22272   43072   0.2062     256    -320    2.6  0.1737
   5   13824   44160   0.6215     432    -684    6.3  0.2980
   6   18432   52928   0.3100     -12    -104    7.1  0.1158

[rígido] ajuste con 6 ventanas sobre 10.8 mm de vidrio: rotación +2.138°, escala 1.01362
[rígido] residuo: RMS 178 px = 83 µm, máximo 136 µm

[etapa B] level 0, plantilla 512 px (238 µm), residual ±48 px, rotación ±8.0° en pasos de 0.5°
vent      NCC     ctrl      θ    dx    dy     sd     2do
   1   0.2132   0.0359  +3.50    -5   -10   17.3  0.0462
   2   0.2147   0.0256  +1.50     9     7   15.5  0.0776
   3   0.1699   0.0182  +1.50     9    18   16.9  0.0533
   4   0.1165   0.0229  +2.00    12    11   12.3  0.0379
   5   0.4850   0.1182  +1.00    12    11    4.1  0.3654
   6   0.2620   0.0235  +2.00     4    -6    4.2  0.2110

[resumen] NCC a level 0, señal  : medio 0.2436, mediana 0.2140, rango 0.1165..0.4850
[resumen] NCC a level 0, control: medio 0.0407, mediana 0.0246, máximo 0.1182
[resumen] separación señal-control: 5.8 sd del control; ventanas con señal > máximo del control: 5/6

[out] /media/administrador/Storage1/sdonoso/clam_testing2/oncomets-ernesto/sprints/B8_sprint8/anotaciones_patologo/regiones_escaneo/141560_registro_level0.png  (izq = región 0 en (14080,44416), der = lo mejor que se encontró en la región 1, NCC 0.4850)
[out] /media/administrador/Storage1/sdonoso/clam_testing2/oncomets-ernesto/sprints/B8_sprint8/anotaciones_patologo/regiones_escaneo/registro_141560.json
