[silueta] level 6 (downsample 64), miniatura 440x400
[silueta] NCC sin registrar 0.9947, registrada 0.9950 (dx=0 dy=320 px de level 0)
[silueta] control contra la región 1 espejada: -0.9200
[silueta] OJO: esta medida la domina el CONTORNO del tejido, no las células. Dos secciones seriadas del mismo bloque también la pasan.

[etapa A] 6 ventanas de 1024 px (476 µm) repartidas en grilla 4x4; búsqueda ±2048 px (952 µm) a level 2
vent      x0      y0      NCC      dx      dy     sd     2do
   0   23040    6400   0.3592     528    -464    8.4  0.1406
   1   23040    6144   0.3788     544    -464    8.7  0.1424
   2   25984    2560   0.2275     764    -352    4.8  0.1556
   3   20992   16896   0.1717     208    -116    6.4  0.0810
   4   22528   20736   0.5025      48     104    4.7  0.2983
   5   24960    6400   0.7877     544    -352    3.4  0.7110

[rígido] ajuste con 6 ventanas sobre 8.8 mm de vidrio: rotación +1.697°, escala 1.03414
[rígido] residuo: RMS 64 px = 30 µm, máximo 42 µm

[etapa B] level 0, plantilla 512 px (238 µm), residual ±48 px, rotación ±8.0° en pasos de 0.5°
vent      NCC     ctrl      θ    dx    dy     sd     2do
   0   0.2507   0.0506  +4.00    32    30   12.4  0.0925
   1   0.2349   0.0357  +3.50    30    33   11.5  0.1201
   2   0.1725   0.0251  +2.00    22    41    7.2  0.0881
   3   0.1158   0.0750  -2.00    -6    -3    5.5  0.0930
   4   0.2845   0.0561  +1.00    -8     1    3.9  0.2097
   5   0.7681  -0.0158  +2.00    20    26    3.4  0.7366

[resumen] NCC a level 0, señal  : medio 0.3044, mediana 0.2428, rango 0.1158..0.7681
[resumen] NCC a level 0, control: medio 0.0378, mediana 0.0432, máximo 0.0750
[resumen] separación señal-control: 9.3 sd del control; ventanas con señal > máximo del control: 6/6

[out] /media/administrador/Storage1/sdonoso/clam_testing2/oncomets-ernesto/sprints/B8_sprint8/anotaciones_patologo/regiones_escaneo/141756_registro_level0.png  (izq = región 0 en (25216,6656), der = lo mejor que se encontró en la región 1, NCC 0.7681)
[out] /media/administrador/Storage1/sdonoso/clam_testing2/oncomets-ernesto/sprints/B8_sprint8/anotaciones_patologo/regiones_escaneo/registro_141756.json
