[silueta] level 6 (downsample 64), miniatura 460x420
[silueta] NCC sin registrar 0.9893, registrada 0.9893 (dx=0 dy=-64 px de level 0)
[silueta] control contra la región 1 espejada: -0.8479
[silueta] OJO: esta medida la domina el CONTORNO del tejido, no las células. Dos secciones seriadas del mismo bloque también la pasan.

[etapa A] 7 ventanas de 1024 px (476 µm) repartidas en grilla 4x4; búsqueda ±2048 px (952 µm) a level 2
vent      x0      y0      NCC      dx      dy     sd     2do
   0   20864   14976   0.2552     424      80    7.9  0.1015
   2   20864    2560   0.3921    1004     132    6.1  0.2255
   3   18304   23744   0.1301     180    -156    5.0  0.1071
   4   16768    7232   0.2940     944     -24    7.5  0.1381
   5   25664    4608   0.7015     828     352    5.1  0.5008
   6   22080   17024   0.3816     324     104    5.3  0.2548

[rígido] ajuste con 6 ventanas sobre 10.7 mm de vidrio: rotación +2.449°, escala 0.98997
[rígido] residuo: RMS 62 px = 29 µm, máximo 44 µm

[etapa B] level 0, plantilla 512 px (238 µm), residual ±48 px, rotación ±8.0° en pasos de 0.5°
vent      NCC     ctrl      θ    dx    dy     sd     2do
   0   0.1383   0.0364  +1.50    10    13    4.2  0.0997
   2   0.3110   0.0532  +2.00    -3    25    5.5  0.2347
   3   0.1143   0.0490  +0.00    16     2    4.1  0.1020
   4   0.1425   0.0609  +3.00     2    42    8.9  0.0716
   5   0.1593   0.0421  +2.00   -16    33    9.7  0.0824
   6   0.3128   0.0862  +4.50    -6    20    3.7  0.2373

[resumen] NCC a level 0, señal  : medio 0.1964, mediana 0.1509, rango 0.1143..0.3128
[resumen] NCC a level 0, control: medio 0.0546, mediana 0.0511, máximo 0.0862
[resumen] separación señal-control: 8.8 sd del control; ventanas con señal > máximo del control: 6/6

[out] /media/administrador/Storage1/sdonoso/clam_testing2/oncomets-ernesto/sprints/B8_sprint8/anotaciones_patologo/regiones_escaneo/141760_registro_level0.png  (izq = región 0 en (22336,17280), der = lo mejor que se encontró en la región 1, NCC 0.3128)
[out] /media/administrador/Storage1/sdonoso/clam_testing2/oncomets-ernesto/sprints/B8_sprint8/anotaciones_patologo/regiones_escaneo/registro_141760.json
