[silueta] level 6 (downsample 64), miniatura 660x520
[silueta] NCC sin registrar 0.9526, registrada 0.9532 (dx=0 dy=-256 px de level 0)
[silueta] control contra la región 1 espejada: -0.0896
[silueta] OJO: esta medida la domina el CONTORNO del tejido, no las células. Dos secciones seriadas del mismo bloque también la pasan.

[etapa A] 8 ventanas de 1024 px (476 µm) repartidas en grilla 4x4; búsqueda ±2048 px (952 µm) a level 2
vent      x0      y0      NCC      dx      dy     sd     2do
   0   18752   17664   0.1312     592     376    7.6  0.0629
   1   31680   16640   0.3619     744    1212    3.5  0.2554
   2   31360   16640   0.3533     736    1204    4.1  0.2447
   3   28800   14976   0.2119     812    1012    8.3  0.1378
   4   16192   11392   0.2834   -1996    2044    3.9  0.2819
   5   36288    8832   0.2962    2048   -2048    4.1  0.2865
   6    9216   10368   0.2663    1004    -476   11.2  0.0990
   7   36288    8192   0.6746   -2048    2048    4.5  0.6695

[rígido] ajuste con 5 ventanas sobre 11.0 mm de vidrio: rotación +4.076°, escala 1.01101
[rígido] residuo: RMS 40 px = 19 µm, máximo 33 µm

[etapa B] level 0, plantilla 512 px (238 µm), residual ±48 px, rotación ±8.0° en pasos de 0.5°
vent      NCC     ctrl      θ    dx    dy     sd     2do
   0   0.0919   0.0316  +4.50   -45    48   10.7  0.0323
   1   0.1581   0.0597  +6.00   -48    47    8.3  0.0724
   2   0.2778   0.0208  +3.00   -48    34   17.8  0.0729
   3   0.1644   0.0113  +1.00   -34    38    4.9  0.1290
   4   0.0335   0.0290  +1.00    24   -43    4.6  0.0248
   5  -0.0112   0.1067  +7.00   -25   -34    3.6 -0.0164
   6   0.2592   0.0362  +2.00    22    48    6.7  0.1315
   7   0.0321   0.0312  +6.00    -4   -32    5.4  0.0162

[resumen] NCC a level 0, señal  : medio 0.1257, mediana 0.1250, rango -0.0112..0.2778
[resumen] NCC a level 0, control: medio 0.0408, mediana 0.0314, máximo 0.1067
[resumen] separación señal-control: 3.0 sd del control; ventanas con señal > máximo del control: 4/8

[out] /media/administrador/Storage1/sdonoso/clam_testing2/oncomets-ernesto/sprints/B8_sprint8/anotaciones_patologo/regiones_escaneo/141825_registro_level0.png  (izq = región 0 en (31616,16896), der = lo mejor que se encontró en la región 1, NCC 0.2778)
[out] /media/administrador/Storage1/sdonoso/clam_testing2/oncomets-ernesto/sprints/B8_sprint8/anotaciones_patologo/regiones_escaneo/registro_141825.json
