[silueta] level 6 (downsample 64), miniatura 460x360
[silueta] NCC sin registrar 0.9253, registrada 0.9454 (dx=0 dy=1536 px de level 0)
[silueta] control contra la región 1 espejada: -0.2505
[silueta] OJO: esta medida la domina el CONTORNO del tejido, no las células. Dos secciones seriadas del mismo bloque también la pasan.

[etapa A] 8 ventanas de 1024 px (476 µm) repartidas en grilla 4x4; búsqueda ±2048 px (952 µm) a level 2
vent      x0      y0      NCC      dx      dy     sd     2do
   0   13504   44672   0.2312    1004    1228    3.3  0.2260
   1   25152   39936   0.2815    -716   -1728    7.6  0.1287
   2   16256   38400   0.2201    1012    -376    4.2  0.1855
   3   22080   33664   0.1997    -968     860    3.3  0.1927
   4   21376   33152   0.2500     312   -1904    3.0  0.2373
   5   11456   42496   0.1243    2040   -1948    4.9  0.1061

[rígido] ajuste con 6 ventanas sobre 8.3 mm de vidrio: rotación -5.469°, escala 0.90817
[rígido] residuo: RMS 1450 px = 674 µm, máximo 963 µm

[etapa B] level 0, plantilla 512 px (238 µm), residual ±48 px, rotación ±8.0° en pasos de 0.5°
vent      NCC     ctrl      θ    dx    dy     sd     2do
   0   0.0854   0.0505  -8.00    48    46    2.2  0.0712
   1   0.1117  -0.0211  +3.00    37   -48    3.8  0.1043
   2   0.1135   0.0593  +8.00    24    48    3.3  0.0984
   3   0.0406   0.0764  -6.00   -41   -48    2.7  0.0303
   4   0.0619   0.0738  -3.00    47   -24    3.0  0.0444
   5   0.1723   0.0358  +8.00   -48   -32    1.9  0.1601

[resumen] NCC a level 0, señal  : medio 0.0976, mediana 0.0985, rango 0.0406..0.1723
[resumen] NCC a level 0, control: medio 0.0458, mediana 0.0549, máximo 0.0764
[resumen] separación señal-control: 1.6 sd del control; ventanas con señal > máximo del control: 4/6

[out] /media/administrador/Storage1/sdonoso/clam_testing2/oncomets-ernesto/sprints/B8_sprint8/anotaciones_patologo/regiones_escaneo/142432_registro_level0.png  (izq = región 0 en (11712,42752), der = lo mejor que se encontró en la región 1, NCC 0.1723)
[out] /media/administrador/Storage1/sdonoso/clam_testing2/oncomets-ernesto/sprints/B8_sprint8/anotaciones_patologo/regiones_escaneo/registro_142432.json
