[silueta] level 6 (downsample 64), miniatura 460x200
[silueta] NCC sin registrar 0.7098, registrada 0.7098 (dx=0 dy=0 px de level 0)
[silueta] control contra la región 1 espejada: -0.1468
[silueta] OJO: esta medida la domina el CONTORNO del tejido, no las células. Dos secciones seriadas del mismo bloque también la pasan.

[etapa A] 8 ventanas de 1024 px (476 µm) repartidas en grilla 4x4; búsqueda ±2048 px (952 µm) a level 2
vent      x0      y0      NCC      dx      dy     sd     2do
   0   22080    6400   0.3016   -1860   -1056    5.2  0.2844
   1   14720    6400   0.2396    -412     336    3.9  0.2363
   2    7360    6400   0.7108   -2044    2036    8.0  0.7099
   3    6144    6400   0.7105   -1464    2048    9.9  0.7019
   4   22080    3200   0.5985    2008   -2048    4.2  0.5980
   5   14720    3200   0.3910   -2016    1088    6.3  0.2071
   6    7360    3200   0.4780   -2048   -2048    7.4  0.4707
   7    5120    3200   0.4204    2048   -2048    8.8  0.4168

[rígido] ajuste con 3 ventanas sobre 3.7 mm de vidrio: rotación -16.049°, escala 0.88889
[rígido] residuo: RMS 377 px = 175 µm, máximo 215 µm

[etapa B] level 0, plantilla 512 px (238 µm), residual ±48 px, rotación ±8.0° en pasos de 0.5°
vent      NCC     ctrl      θ    dx    dy     sd     2do
   0   0.0018  -0.1181  -3.50   -48    -5    2.8 -0.0137
   1   0.4151   0.0338  +0.00   -48   -48    2.1  0.3996
   2   0.0665   0.0975  -8.00    48   -21    1.7  0.0633
   3   0.0762   0.0575  -8.00   -48    48    1.8  0.0760
   4   0.0536   0.0452  +0.00    48   -44    1.9  0.0520
   5   0.1392   0.1743  +0.00   -20    38   20.3  0.0594
   6   0.1509  -0.0031  +0.00   -48     9    1.8  0.1490
   7   0.0095   0.1094  -8.00   -48   -33    2.4  0.0089

[resumen] NCC a level 0, señal  : medio 0.1141, mediana 0.0713, rango 0.0018..0.4151
[resumen] NCC a level 0, control: medio 0.0495, mediana 0.0513, máximo 0.1743
[resumen] separación señal-control: 0.8 sd del control; ventanas con señal > máximo del control: 1/8

[out] /media/administrador/Storage1/sdonoso/clam_testing2/oncomets-ernesto/sprints/B8_sprint8/anotaciones_patologo/regiones_escaneo/142430_registro_level0.png  (izq = región 0 en (14976,6656), der = lo mejor que se encontró en la región 1, NCC 0.4151)
[out] /media/administrador/Storage1/sdonoso/clam_testing2/oncomets-ernesto/sprints/B8_sprint8/anotaciones_patologo/regiones_escaneo/registro_142430.json
