[silueta] level 6 (downsample 64), miniatura 460x340
[silueta] NCC sin registrar 0.9229, registrada 0.9231 (dx=0 dy=-128 px de level 0)
[silueta] control contra la región 1 espejada: -0.4835
[silueta] OJO: esta medida la domina el CONTORNO del tejido, no las células. Dos secciones seriadas del mismo bloque también la pasan.

[etapa A] 8 ventanas de 1024 px (476 µm) repartidas en grilla 4x4; búsqueda ±2048 px (952 µm) a level 2
vent      x0      y0      NCC      dx      dy     sd     2do
   0   27200   14976   0.3087   -1728     612   11.8  0.0872
   1   18816   10880   0.3921   -1556     572   10.3  0.1408
   2   16064   10880   0.2778   -1484     468    5.3  0.1647
   3   17280    5952   0.3198   -1492     748    5.4  0.2137
   4   25664    5440   0.3077    1172     892    4.4  0.2682
   5   17088    5440   0.2837   -1500     752    4.1  0.2435
   6   25664    5120   0.2784   -1408     836    3.7  0.2422
   7   17088    3584   0.3928   -1484     820    7.6  0.1932

[rígido] ajuste con 8 ventanas sobre 7.4 mm de vidrio: rotación +2.084°, escala 1.03528
[rígido] residuo: RMS 857 px = 398 µm, máximo 974 µm

[etapa B] level 0, plantilla 512 px (238 µm), residual ±48 px, rotación ±8.0° en pasos de 0.5°
vent      NCC     ctrl      θ    dx    dy     sd     2do
   0   0.2466   0.0189  +6.00   -43   -47    8.1  0.0564
   1   0.1688   0.0676  +4.50   -13   -48    7.4  0.0766
   2   0.0593   0.0375  -3.00   -28     6    3.1  0.0391
   3   0.2333   0.0940  +1.00    -8   -11   10.0  0.0981
   4  -0.0637   0.0610  -7.00    48    48    5.3 -0.0768
   5   0.2292   0.1026  +0.00     6    13    8.4  0.1348
   6   0.1746   0.1280  +8.00   -48   -48    3.7  0.0963
   7   0.0757   0.0861  -4.50    48    48    3.5  0.0370

[resumen] NCC a level 0, señal  : medio 0.1405, mediana 0.1717, rango -0.0637..0.2466
[resumen] NCC a level 0, control: medio 0.0745, mediana 0.0769, máximo 0.1280
[resumen] separación señal-control: 2.0 sd del control; ventanas con señal > máximo del control: 5/8

[out] /media/administrador/Storage1/sdonoso/clam_testing2/oncomets-ernesto/sprints/B8_sprint8/anotaciones_patologo/regiones_escaneo/142696_registro_level0.png  (izq = región 0 en (27456,15232), der = lo mejor que se encontró en la región 1, NCC 0.2466)
[out] /media/administrador/Storage1/sdonoso/clam_testing2/oncomets-ernesto/sprints/B8_sprint8/anotaciones_patologo/regiones_escaneo/registro_142696.json
