[silueta] level 6 (downsample 64), miniatura 460x440
[silueta] NCC sin registrar 0.9028, registrada 0.9451 (dx=0 dy=1152 px de level 0)
[silueta] control contra la región 1 espejada: -0.3735
[silueta] OJO: esta medida la domina el CONTORNO del tejido, no las células. Dos secciones seriadas del mismo bloque también la pasan.

[etapa A] 8 ventanas de 1024 px (476 µm) repartidas en grilla 4x4; búsqueda ±2048 px (952 µm) a level 2
vent      x0      y0      NCC      dx      dy     sd     2do
   0   19584   14080   0.5299     748    -800    8.7  0.1925
   1   23360    9600   0.3999     820    -720   23.4  0.0703
   2   17536    7040   0.4327     900    -840   13.7  0.1097
   5   24384   16128   0.3429     720    -768    6.4  0.1198
   6   18048    5632   0.4606     948    -808    9.1  0.1412
   7   23168   24704   0.3831     660    -772    5.8  0.2387

[rígido] ajuste con 6 ventanas sobre 9.4 mm de vidrio: rotación +0.825°, escala 0.99748
[rígido] residuo: RMS 34 px = 16 µm, máximo 18 µm

[etapa B] level 0, plantilla 512 px (238 µm), residual ±48 px, rotación ±8.0° en pasos de 0.5°
vent      NCC     ctrl      θ    dx    dy     sd     2do
   0   0.5588   0.0773  +1.50    13     9    7.5  0.2805
   1   0.3766   0.0574  +1.00    12    15   18.0  0.1027
   2   0.3776   0.0260  +1.50    29    30   25.1  0.0633
   5   0.2162   0.0495  +0.00     7    10    7.5  0.0985
   6   0.4284   0.0132  +2.00    28    32   18.4  0.1087
   7   0.2543   0.1225  +0.00     4     7    6.4  0.1926

[resumen] NCC a level 0, señal  : medio 0.3686, mediana 0.3771, rango 0.2162..0.5588
[resumen] NCC a level 0, control: medio 0.0576, mediana 0.0534, máximo 0.1225
[resumen] separación señal-control: 8.7 sd del control; ventanas con señal > máximo del control: 6/6

[out] /media/administrador/Storage1/sdonoso/clam_testing2/oncomets-ernesto/sprints/B8_sprint8/anotaciones_patologo/regiones_escaneo/142887-2_registro_level0.png  (izq = región 0 en (19840,14336), der = lo mejor que se encontró en la región 1, NCC 0.5588)
[out] /media/administrador/Storage1/sdonoso/clam_testing2/oncomets-ernesto/sprints/B8_sprint8/anotaciones_patologo/regiones_escaneo/registro_142887-2.json
