[silueta] level 6 (downsample 64), miniatura 400x420
[silueta] NCC sin registrar 0.9747, registrada 0.9821 (dx=0 dy=-1280 px de level 0)
[silueta] control contra la región 1 espejada: -0.8398
[silueta] OJO: esta medida la domina el CONTORNO del tejido, no las células. Dos secciones seriadas del mismo bloque también la pasan.

[etapa A] 7 ventanas de 1024 px (476 µm) repartidas en grilla 4x4; búsqueda ±2048 px (952 µm) a level 2
vent      x0      y0      NCC      dx      dy     sd     2do
   0   23040   17536   0.3064     -32    1424   16.4  0.0662
   1   20736   14976   0.2037     204    1152    6.6  0.1116
   2   23040    6720   0.2032    1040    1236   11.3  0.0622
   3   21760    6720   0.3484    1032    1088    7.5  0.2248
   4   22272    6144   0.2905    1096    1132    5.3  0.1807
   6   25600   22720   0.3043    -580    1936    7.6  0.1039

[rígido] ajuste con 6 ventanas sobre 8.0 mm de vidrio: rotación +5.835°, escala 1.02922
[rígido] residuo: RMS 49 px = 23 µm, máximo 34 µm

[etapa B] level 0, plantilla 512 px (238 µm), residual ±48 px, rotación ±8.0° en pasos de 0.5°
vent      NCC     ctrl      θ    dx    dy     sd     2do
   0   0.0471   0.0554  +8.00   -42    29    3.9  0.0308
   1   0.0489   0.0356  +3.50   -22     5    4.5  0.0339
   2   0.0446   0.0456  -5.50    31    36    5.6  0.0250
   3   0.0833   0.0416  -8.00   -46    42    5.9  0.0483
   4   0.0541   0.0507  -4.00   -10     0    4.1  0.0403
   6   0.0595   0.0473  -6.00   -17    36    2.9  0.0454

[resumen] NCC a level 0, señal  : medio 0.0563, mediana 0.0515, rango 0.0446..0.0833
[resumen] NCC a level 0, control: medio 0.0460, mediana 0.0465, máximo 0.0554
[resumen] separación señal-control: 1.6 sd del control; ventanas con señal > máximo del control: 2/6

[out] /media/administrador/Storage1/sdonoso/clam_testing2/oncomets-ernesto/sprints/B8_sprint8/anotaciones_patologo/regiones_escaneo/144672_registro_level0.png  (izq = región 0 en (22016,6976), der = lo mejor que se encontró en la región 1, NCC 0.0833)
[out] /media/administrador/Storage1/sdonoso/clam_testing2/oncomets-ernesto/sprints/B8_sprint8/anotaciones_patologo/regiones_escaneo/registro_144672.json
