[silueta] level 6 (downsample 64), miniatura 360x400
[silueta] NCC sin registrar 0.9883, registrada 0.9887 (dx=0 dy=256 px de level 0)
[silueta] control contra la región 1 espejada: -0.8130
[silueta] OJO: esta medida la domina el CONTORNO del tejido, no las células. Dos secciones seriadas del mismo bloque también la pasan.

[etapa A] 5 ventanas de 1024 px (476 µm) repartidas en grilla 4x4; búsqueda ±2048 px (952 µm) a level 2
vent      x0      y0      NCC      dx      dy     sd     2do
   0   18304   38656   0.4225     940      60    6.7  0.1736
   1   16128   38144   0.2742     932      28    7.1  0.1205
   3   12544   41472   0.4602     852     -88    9.9  0.1477

[rígido] ajuste con 3 ventanas sobre 3.1 mm de vidrio: rotación +1.511°, escala 1.00070
[rígido] residuo: RMS 14 px = 7 µm, máximo 9 µm

[etapa B] level 0, plantilla 512 px (238 µm), residual ±48 px, rotación ±8.0° en pasos de 0.5°
vent      NCC     ctrl      θ    dx    dy     sd     2do
   0   0.2852   0.0457  +1.00    -1    16   18.0  0.0706
   1   0.1411   0.0226  +0.00    -4    22    5.6  0.0904
   3   0.1395   0.0391  +1.50     1    28    7.2  0.0741

[resumen] NCC a level 0, señal  : medio 0.1886, mediana 0.1411, rango 0.1395..0.2852
[resumen] NCC a level 0, control: medio 0.0358, mediana 0.0391, máximo 0.0457
[resumen] separación señal-control: 15.8 sd del control; ventanas con señal > máximo del control: 3/3

[out] /media/administrador/Storage1/sdonoso/clam_testing2/oncomets-ernesto/sprints/B8_sprint8/anotaciones_patologo/regiones_escaneo/144995_registro_level0.png  (izq = región 0 en (18560,38912), der = lo mejor que se encontró en la región 1, NCC 0.2852)
[out] /media/administrador/Storage1/sdonoso/clam_testing2/oncomets-ernesto/sprints/B8_sprint8/anotaciones_patologo/regiones_escaneo/registro_144995.json
