[silueta] level 6 (downsample 64), miniatura 420x320
[silueta] NCC sin registrar 0.9962, registrada 0.9972 (dx=0 dy=-704 px de level 0)
[silueta] control contra la región 1 espejada: -0.9833
[silueta] OJO: esta medida la domina el CONTORNO del tejido, no las células. Dos secciones seriadas del mismo bloque también la pasan.

[etapa A] 4 ventanas de 1024 px (476 µm) repartidas en grilla 4x4; búsqueda ±2048 px (952 µm) a level 2
vent      x0      y0      NCC      dx      dy     sd     2do
   0   22720    6144   0.2436      72     744    7.6  0.1071
   1   20096   12800   0.4656     816    1164    8.1  0.2691
   2   20160   12800   0.4704     816    1160    6.9  0.2815

[rígido] ajuste con 3 ventanas sobre 3.3 mm de vidrio: rotación -6.636°, escala 1.02359
[rígido] residuo: RMS 2 px = 1 µm, máximo 1 µm

[etapa B] level 0, plantilla 512 px (238 µm), residual ±48 px, rotación ±8.0° en pasos de 0.5°
vent      NCC     ctrl      θ    dx    dy     sd     2do
   0   0.1194   0.0525  -3.00    48    -4    3.5  0.0875
   1   0.0827   0.2123  -6.00    48   -48    3.7  0.0484
   2   0.0954   0.0539  -8.00    48   -46    4.1  0.0673

[resumen] NCC a level 0, señal  : medio 0.0992, mediana 0.0954, rango 0.0827..0.1194
[resumen] NCC a level 0, control: medio 0.1062, mediana 0.0539, máximo 0.2123
[resumen] separación señal-control: -0.1 sd del control; ventanas con señal > máximo del control: 0/3

[out] /media/administrador/Storage1/sdonoso/clam_testing2/oncomets-ernesto/sprints/B8_sprint8/anotaciones_patologo/regiones_escaneo/145450_registro_level0.png  (izq = región 0 en (22976,6400), der = lo mejor que se encontró en la región 1, NCC 0.1194)
[out] /media/administrador/Storage1/sdonoso/clam_testing2/oncomets-ernesto/sprints/B8_sprint8/anotaciones_patologo/regiones_escaneo/registro_145450.json
