[silueta] level 6 (downsample 64), miniatura 700x460
[silueta] NCC sin registrar 0.8954, registrada 0.9051 (dx=0 dy=896 px de level 0)
[silueta] control contra la región 1 espejada: -0.1201
[silueta] OJO: esta medida la domina el CONTORNO del tejido, no las células. Dos secciones seriadas del mismo bloque también la pasan.

[etapa A] 8 ventanas de 1024 px (476 µm) repartidas en grilla 4x4; búsqueda ±2048 px (952 µm) a level 2
vent      x0      y0      NCC      dx      dy     sd     2do
   0   13760   23104   0.2162    1056     -44    2.7  0.1971
   1   29056   22080   0.1886    1116    -288    6.9  0.1045
   2   28032   17792   0.3380     996    -328    7.0  0.1383
   3   38208   14720   0.4465    1012    -600   13.1  0.0969
   4   11200   14720   0.3075    1044     -20   12.7  0.0825
   5    9728   14720   0.2490    1048     -40    7.1  0.1027
   6    9728   12992   0.3383    1064     -52   10.0  0.1224
   7   25984   12480   0.3733     940    -356   13.8  0.1036

[rígido] ajuste con 8 ventanas sobre 14.1 mm de vidrio: rotación -0.994°, escala 0.99951
[rígido] residuo: RMS 74 px = 34 µm, máximo 52 µm

[etapa B] level 0, plantilla 512 px (238 µm), residual ±48 px, rotación ±8.0° en pasos de 0.5°
vent      NCC     ctrl      θ    dx    dy     sd     2do
   0   0.1795   0.0960  +2.00     2    37    6.7  0.1090
   1   0.1825   0.0490  -2.00    -2   -48    4.8  0.1565
   2   0.2540   0.0357  -1.50   -10   -37   11.1  0.1177
   3   0.3844   0.0522  -2.00   -21   -34    8.9  0.1993
   4   0.2174   0.0530  +0.00    -3     7    6.3  0.1122
   5   0.1906   0.0431  +0.50     3    16    9.3  0.0928
   6   0.2430   0.0571  +0.00     0     7    8.4  0.1253
   7   0.3446   0.0505  -0.50   -13   -24   10.0  0.0968

[resumen] NCC a level 0, señal  : medio 0.2495, mediana 0.2302, rango 0.1795..0.3844
[resumen] NCC a level 0, control: medio 0.0546, mediana 0.0513, máximo 0.0960
[resumen] separación señal-control: 11.6 sd del control; ventanas con señal > máximo del control: 8/8

[out] /media/administrador/Storage1/sdonoso/clam_testing2/oncomets-ernesto/sprints/B8_sprint8/anotaciones_patologo/regiones_escaneo/145814_registro_level0.png  (izq = región 0 en (38464,14976), der = lo mejor que se encontró en la región 1, NCC 0.3844)
[out] /media/administrador/Storage1/sdonoso/clam_testing2/oncomets-ernesto/sprints/B8_sprint8/anotaciones_patologo/regiones_escaneo/registro_145814.json
