[silueta] level 6 (downsample 64), miniatura 500x420
[silueta] NCC sin registrar 0.9548, registrada 0.9827 (dx=0 dy=-1536 px de level 0)
[silueta] control contra la región 1 espejada: -0.6080
[silueta] OJO: esta medida la domina el CONTORNO del tejido, no las células. Dos secciones seriadas del mismo bloque también la pasan.

[etapa A] 8 ventanas de 1024 px (476 µm) repartidas en grilla 4x4; búsqueda ±2048 px (952 µm) a level 2
vent      x0      y0      NCC      dx      dy     sd     2do
   0   24000   14976   0.2219    -188    1644    3.6  0.1602
   1   22144   13952   0.4063    -232    1664    7.8  0.1634
   3   21120    7744   0.1700    -380    1552    4.1  0.0978
   5   24000   22720   0.2240    -140    1788   10.9  0.0920
   6   23168   21696   0.4355    -164    1764    7.2  0.2006
   7   15680   12864   0.3294    -280    1800   10.0  0.1356

[rígido] ajuste con 6 ventanas sobre 8.0 mm de vidrio: rotación -0.728°, escala 1.01337
[rígido] residuo: RMS 51 px = 24 µm, máximo 41 µm

[etapa B] level 0, plantilla 512 px (238 µm), residual ±48 px, rotación ±8.0° en pasos de 0.5°
vent      NCC     ctrl      θ    dx    dy     sd     2do
   0   0.1270   0.0528  -1.00    27    10    4.8  0.0725
   1   0.3687   0.0669  -1.50    44     7    8.8  0.1785
   3   0.0958   0.0388  +0.00    48    10    8.3  0.0436
   5   0.1580   0.0380  -1.50    37    -2    7.1  0.0637
   6   0.2973   0.0576  -1.50    43     4   19.1  0.0892
   7   0.3815   0.0662  +0.00   -17    -6    3.3  0.3428

[resumen] NCC a level 0, señal  : medio 0.2381, mediana 0.2277, rango 0.0958..0.3815
[resumen] NCC a level 0, control: medio 0.0534, mediana 0.0552, máximo 0.0669
[resumen] separación señal-control: 15.8 sd del control; ventanas con señal > máximo del control: 6/6

[out] /media/administrador/Storage1/sdonoso/clam_testing2/oncomets-ernesto/sprints/B8_sprint8/anotaciones_patologo/regiones_escaneo/145913_registro_level0.png  (izq = región 0 en (15936,13120), der = lo mejor que se encontró en la región 1, NCC 0.3815)
[out] /media/administrador/Storage1/sdonoso/clam_testing2/oncomets-ernesto/sprints/B8_sprint8/anotaciones_patologo/regiones_escaneo/registro_145913.json
