[silueta] level 6 (downsample 64), miniatura 480x420
[silueta] NCC sin registrar 0.9351, registrada 0.9511 (dx=0 dy=-1536 px de level 0)
[silueta] control contra la región 1 espejada: -0.8499
[silueta] OJO: esta medida la domina el CONTORNO del tejido, no las células. Dos secciones seriadas del mismo bloque también la pasan.

[etapa A] 8 ventanas de 1024 px (476 µm) repartidas en grilla 4x4; búsqueda ±2048 px (952 µm) a level 2
vent      x0      y0      NCC      dx      dy     sd     2do
   0   23552   20160   0.1455   -1956    1156    3.3  0.1421
   1   20480   16000   0.0575    1548    1436    3.2  0.0544
   2   25600   14464   0.2914     340    1900    2.6  0.2822
   3   23040    7232   0.1963   -2044    1980    5.8  0.1811
   4   20480    6720   0.1511    2048   -2048    3.0  0.1459
   5   19968    5632   0.2042    1936    1980    3.8  0.2042
   6   18432   23744   0.2632    1988    1564    3.9  0.2632

[rígido] ajuste con 5 ventanas sobre 9.1 mm de vidrio: rotación +3.805°, escala 0.91056
[rígido] residuo: RMS 1332 px = 619 µm, máximo 1072 µm

[etapa B] level 0, plantilla 512 px (238 µm), residual ±48 px, rotación ±8.0° en pasos de 0.5°
vent      NCC     ctrl      θ    dx    dy     sd     2do
   0   0.0194   0.0121  -7.00   -48    45    3.5  0.0150
   1   0.0327   0.0220  -4.50   -25   -26    4.4  0.0184
   2   0.0662   0.0342  +2.50    26   -39    4.7  0.0477
   3   0.0240   0.0417  -7.00    28   -48    3.6  0.0126
   4   0.0442   0.0443  +8.00   -39    41    5.1  0.0315
   5   0.0418   0.0405  +8.00   -48    48    2.1  0.0343
   6   0.0336   0.0328  +0.00    25     1    3.2  0.0322

[resumen] NCC a level 0, señal  : medio 0.0374, mediana 0.0336, rango 0.0194..0.0662
[resumen] NCC a level 0, control: medio 0.0325, mediana 0.0342, máximo 0.0443
[resumen] separación señal-control: 0.5 sd del control; ventanas con señal > máximo del control: 1/7

[out] /media/administrador/Storage1/sdonoso/clam_testing2/oncomets-ernesto/sprints/B8_sprint8/anotaciones_patologo/regiones_escaneo/145917_registro_level0.png  (izq = región 0 en (25856,14720), der = lo mejor que se encontró en la región 1, NCC 0.0662)
[out] /media/administrador/Storage1/sdonoso/clam_testing2/oncomets-ernesto/sprints/B8_sprint8/anotaciones_patologo/regiones_escaneo/registro_145917.json
