[silueta] level 6 (downsample 64), miniatura 520x440
[silueta] NCC sin registrar 0.9603, registrada 0.9694 (dx=0 dy=1280 px de level 0)
[silueta] control contra la región 1 espejada: -0.3974
[silueta] OJO: esta medida la domina el CONTORNO del tejido, no las células. Dos secciones seriadas del mismo bloque también la pasan.

[etapa A] 8 ventanas de 1024 px (476 µm) repartidas en grilla 4x4; búsqueda ±2048 px (952 µm) a level 2
vent      x0      y0      NCC      dx      dy     sd     2do
   0   16640   22144   0.0944    1872    1424    4.1  0.0868
   1   14976   21120   0.1741    1984    1100    3.5  0.1727
   2   16640   20736   0.1945    -260     228    3.2  0.1765
   3   15488   19712   0.1269    2048    2024    3.5  0.1215
   4   19200    7552   0.4192    -944   -2020    4.2  0.2495
   6   28032    3072   0.6773    -728   -1600    5.4  0.3439

[rígido] ajuste con 5 ventanas sobre 10.7 mm de vidrio: rotación -7.770°, escala 1.08835
[rígido] residuo: RMS 1102 px = 513 µm, máximo 638 µm

[etapa B] level 0, plantilla 512 px (238 µm), residual ±48 px, rotación ±8.0° en pasos de 0.5°
vent      NCC     ctrl      θ    dx    dy     sd     2do
   0   0.0217   0.0277  -7.00   -26    -3    4.0  0.0170
   1   0.0496   0.0333  -7.00     5    47    3.1  0.0422
   2   0.1277  -0.0004  -6.50    36    46    3.5  0.1142
   3   0.0379   0.0501  +8.00    44    36    3.7  0.0282
   4   0.0670   0.0031  -7.00    -2   -47    3.9  0.0553
   6   0.5994   0.0344  +1.00    12    -8    7.0  0.4471

[resumen] NCC a level 0, señal  : medio 0.1506, mediana 0.0583, rango 0.0217..0.5994
[resumen] NCC a level 0, control: medio 0.0247, mediana 0.0305, máximo 0.0501
[resumen] separación señal-control: 7.0 sd del control; ventanas con señal > máximo del control: 3/6

[out] /media/administrador/Storage1/sdonoso/clam_testing2/oncomets-ernesto/sprints/B8_sprint8/anotaciones_patologo/regiones_escaneo/147247_registro_level0.png  (izq = región 0 en (28288,3328), der = lo mejor que se encontró en la región 1, NCC 0.5994)
[out] /media/administrador/Storage1/sdonoso/clam_testing2/oncomets-ernesto/sprints/B8_sprint8/anotaciones_patologo/regiones_escaneo/registro_147247.json
