[silueta] level 6 (downsample 64), miniatura 480x420
[silueta] NCC sin registrar 0.9691, registrada 0.9715 (dx=0 dy=-1536 px de level 0)
[silueta] control contra la región 1 espejada: -0.3503
[silueta] OJO: esta medida la domina el CONTORNO del tejido, no las células. Dos secciones seriadas del mismo bloque también la pasan.

[etapa A] 8 ventanas de 1024 px (476 µm) repartidas en grilla 4x4; búsqueda ±2048 px (952 µm) a level 2
vent      x0      y0      NCC      dx      dy     sd     2do
   0   25600    5632   0.2140    2048    2040    4.5  0.2038
   1   18432   16000   0.0903    1596    1060    4.3  0.0808
   4   27136   21184   0.1521   -1640     216    3.3  0.1471
   5   17408   12352   0.1160   -1028    2036    4.5  0.1104
   6   22528    3072   0.2395    2048    2048    4.6  0.2289
   7   17920   20672   0.4427    2048    2048    3.2  0.4351

[rígido] ajuste con 3 ventanas sobre 6.1 mm de vidrio: rotación -3.285°, escala 0.80990
[rígido] residuo: RMS 1129 px = 525 µm, máximo 702 µm

[etapa B] level 0, plantilla 512 px (238 µm), residual ±48 px, rotación ±8.0° en pasos de 0.5°
vent      NCC     ctrl      θ    dx    dy     sd     2do
   0   0.0037   0.0288  +6.00    32    33    4.0 -0.0139
   1   0.0394   0.0322  -4.50    26    -6    3.7  0.0308
   4   0.0403   0.0413  +6.00    48   -48    5.2  0.0013
   5   0.2077   0.0207  +4.50   -48    48    3.1  0.1829
   6   0.0271   0.0653  -2.50   -48    34    3.1  0.0225
   7   0.0928   0.0196  -8.00   -25   -42    2.8  0.0851

[resumen] NCC a level 0, señal  : medio 0.0685, mediana 0.0398, rango 0.0037..0.2077
[resumen] NCC a level 0, control: medio 0.0347, mediana 0.0305, máximo 0.0653
[resumen] separación señal-control: 2.2 sd del control; ventanas con señal > máximo del control: 2/6

[out] /media/administrador/Storage1/sdonoso/clam_testing2/oncomets-ernesto/sprints/B8_sprint8/anotaciones_patologo/regiones_escaneo/147258_registro_level0.png  (izq = región 0 en (17664,12608), der = lo mejor que se encontró en la región 1, NCC 0.2077)
[out] /media/administrador/Storage1/sdonoso/clam_testing2/oncomets-ernesto/sprints/B8_sprint8/anotaciones_patologo/regiones_escaneo/registro_147258.json
