[silueta] level 6 (downsample 64), miniatura 440x440
[silueta] NCC sin registrar 0.9257, registrada 0.9333 (dx=0 dy=-1536 px de level 0)
[silueta] control contra la región 1 espejada: -0.3657
[silueta] OJO: esta medida la domina el CONTORNO del tejido, no las células. Dos secciones seriadas del mismo bloque también la pasan.

[etapa A] 8 ventanas de 1024 px (476 µm) repartidas en grilla 4x4; búsqueda ±2048 px (952 µm) a level 2
vent      x0      y0      NCC      dx      dy     sd     2do
   0   28416   16128   0.1942   -1460     664    2.2  0.1822
   1   26880   13184   0.1890   -1824    2048    3.0  0.1836
   2   27904    5632   0.2232     904     960    4.0  0.1930
   3   22400   17664   0.1836     -32    -712    3.9  0.1544
   4   33920    8064   0.1406    -624    -320    3.9  0.1375
   5   32896   21632   0.1923    2048    1104    4.1  0.1841
   6   34432   17664   0.3305   -1624    1680    4.8  0.2622
   7   23936   11136   0.1881    1508   -2040    4.9  0.1449

[rígido] ajuste con 6 ventanas sobre 7.9 mm de vidrio: rotación +9.430°, escala 0.95415
[rígido] residuo: RMS 1272 px = 592 µm, máximo 882 µm

[etapa B] level 0, plantilla 512 px (238 µm), residual ±48 px, rotación ±8.0° en pasos de 0.5°
vent      NCC     ctrl      θ    dx    dy     sd     2do
   0   0.0338   0.0240  -0.50    48    27    3.2  0.0303
   1   0.0708   0.0803  +7.50    39     3    3.7  0.0667
   2   0.0936   0.0896  -7.50    48    48    3.1  0.0736
   3   0.1058   0.0849  -7.00   -48    48    2.7  0.0827
   4   0.0328   0.0773  -8.00   -33    34    3.8  0.0171
   5   0.0402   0.0712  +0.00   -20   -48    3.4  0.0271
   6   0.0478  -0.0456  +6.00   -12    43    5.4  0.0319
   7  -0.0319   0.0456  +7.00   -46    -7    3.8 -0.0375

[resumen] NCC a level 0, señal  : medio 0.0491, mediana 0.0440, rango -0.0319..0.1058
[resumen] NCC a level 0, control: medio 0.0534, mediana 0.0743, máximo 0.0896
[resumen] separación señal-control: -0.1 sd del control; ventanas con señal > máximo del control: 2/8

[out] /media/administrador/Storage1/sdonoso/clam_testing2/oncomets-ernesto/sprints/B8_sprint8/anotaciones_patologo/regiones_escaneo/147784_registro_level0.png  (izq = región 0 en (22656,17920), der = lo mejor que se encontró en la región 1, NCC 0.1058)
[out] /media/administrador/Storage1/sdonoso/clam_testing2/oncomets-ernesto/sprints/B8_sprint8/anotaciones_patologo/regiones_escaneo/registro_147784.json
