[silueta] level 6 (downsample 64), miniatura 480x440
[silueta] NCC sin registrar 0.9473, registrada 0.9758 (dx=0 dy=1152 px de level 0)
[silueta] control contra la región 1 espejada: -0.2920
[silueta] OJO: esta medida la domina el CONTORNO del tejido, no las células. Dos secciones seriadas del mismo bloque también la pasan.

[etapa A] 8 ventanas de 1024 px (476 µm) repartidas en grilla 4x4; búsqueda ±2048 px (952 µm) a level 2
vent      x0      y0      NCC      dx      dy     sd     2do
   0   19456   21632   0.2636   -1624    2040    3.9  0.2586
   2   20480   14080   0.1127    1004   -1592    3.2  0.1081
   3   14336   14080   0.1237    2048    2044    2.8  0.1209
   5   15360    9600   0.3240     348   -1008    6.0  0.1897
   6   13824    9088   0.2030     348    -968    7.2  0.0866
   7   18944    3584   0.4658     268   -1100    7.9  0.1878

[rígido] ajuste con 5 ventanas sobre 8.9 mm de vidrio: rotación +5.002°, escala 1.13465
[rígido] residuo: RMS 1156 px = 537 µm, máximo 864 µm

[etapa B] level 0, plantilla 512 px (238 µm), residual ±48 px, rotación ±8.0° en pasos de 0.5°
vent      NCC     ctrl      θ    dx    dy     sd     2do
   0   0.2453   0.2181  +8.00     4    31    2.3  0.2395
   2   0.0406   0.0276  -2.00    -8   -46    3.7  0.0351
   3   0.0534   0.0210  -0.50   -39    46    6.5  0.0344
   5   0.3093   0.0434  -1.50   -18    -7   15.1  0.1269
   6   0.2182   0.0392  -1.00   -26    -8   26.0  0.0368
   7   0.3274   0.0023  -1.00   -28   -10    8.6  0.2096

[resumen] NCC a level 0, señal  : medio 0.1990, mediana 0.2318, rango 0.0406..0.3274
[resumen] NCC a level 0, control: medio 0.0586, mediana 0.0334, máximo 0.2181
[resumen] separación señal-control: 1.9 sd del control; ventanas con señal > máximo del control: 4/6

[out] /media/administrador/Storage1/sdonoso/clam_testing2/oncomets-ernesto/sprints/B8_sprint8/anotaciones_patologo/regiones_escaneo/148150_registro_level0.png  (izq = región 0 en (19200,3840), der = lo mejor que se encontró en la región 1, NCC 0.3274)
[out] /media/administrador/Storage1/sdonoso/clam_testing2/oncomets-ernesto/sprints/B8_sprint8/anotaciones_patologo/regiones_escaneo/registro_148150.json
