[silueta] level 6 (downsample 64), miniatura 420x460
[silueta] NCC sin registrar 0.9473, registrada 0.9491 (dx=0 dy=-576 px de level 0)
[silueta] control contra la región 1 espejada: -0.4125
[silueta] OJO: esta medida la domina el CONTORNO del tejido, no las células. Dos secciones seriadas del mismo bloque también la pasan.

[etapa A] 8 ventanas de 1024 px (476 µm) repartidas en grilla 4x4; búsqueda ±2048 px (952 µm) a level 2
vent      x0      y0      NCC      dx      dy     sd     2do
   0   18560   19840   0.1073     924   -1852    4.1  0.0960
   1   21184   15744   0.3236    1528    1932    7.2  0.1677
   2   12352   15232   0.1723    1748   -1288    3.1  0.1712
   3   13376   12992   0.2255    -776   -1988    5.5  0.2254
   4   20672   11456   0.1975   -1520     244    2.5  0.1931
   5   19072    7360   0.2152    2048   -2048    2.6  0.2026
   6   19584    4096   0.1627    1956    1916    3.9  0.1601

[rígido] ajuste con 6 ventanas sobre 8.4 mm de vidrio: rotación +8.106°, escala 0.87822
[rígido] residuo: RMS 1822 px = 847 µm, máximo 1206 µm

[etapa B] level 0, plantilla 512 px (238 µm), residual ±48 px, rotación ±8.0° en pasos de 0.5°
vent      NCC     ctrl      θ    dx    dy     sd     2do
   0   0.0302   0.0541  -6.00    48    43    4.4  0.0158
   1   0.1022   0.0280  +8.00    33    28    3.5  0.0940
   2   0.0417   0.0604  +2.00    -2    20    4.2  0.0240
   3  -0.0003   0.0239  -7.50   -46   -47    3.6 -0.0017
   4   0.0561   0.0671  +8.00     0     3    3.4  0.0526
   5   0.0467   0.0280  -3.00    14    46    2.5  0.0437
   6   0.0261   0.0298  +3.00   -41   -17    4.9  0.0158

[resumen] NCC a level 0, señal  : medio 0.0432, mediana 0.0417, rango -0.0003..0.1022
[resumen] NCC a level 0, control: medio 0.0416, mediana 0.0298, máximo 0.0671
[resumen] separación señal-control: 0.1 sd del control; ventanas con señal > máximo del control: 1/7

[out] /media/administrador/Storage1/sdonoso/clam_testing2/oncomets-ernesto/sprints/B8_sprint8/anotaciones_patologo/regiones_escaneo/149618-2_registro_level0.png  (izq = región 0 en (21440,16000), der = lo mejor que se encontró en la región 1, NCC 0.1022)
[out] /media/administrador/Storage1/sdonoso/clam_testing2/oncomets-ernesto/sprints/B8_sprint8/anotaciones_patologo/regiones_escaneo/registro_149618-2.json
