[silueta] level 6 (downsample 64), miniatura 420x440
[silueta] NCC sin registrar 0.9890, registrada 0.9901 (dx=0 dy=640 px de level 0)
[silueta] control contra la región 1 espejada: -0.3657
[silueta] OJO: esta medida la domina el CONTORNO del tejido, no las células. Dos secciones seriadas del mismo bloque también la pasan.

[etapa A] 4 ventanas de 1024 px (476 µm) repartidas en grilla 4x4; búsqueda ±2048 px (952 µm) a level 2
vent      x0      y0      NCC      dx      dy     sd     2do
   0   24512   51584   0.4965    -432    -720   11.8  0.1314
   2   24000   35072   0.4718    -444   -1020    7.7  0.1759
   3   25024   42112   0.2925    -468   -1064    4.1  0.1852

[rígido] ajuste con 3 ventanas sobre 7.7 mm de vidrio: rotación -0.060°, escala 1.01902
[rígido] residuo: RMS 83 px = 39 µm, máximo 54 µm

[etapa B] level 0, plantilla 512 px (238 µm), residual ±48 px, rotación ±8.0° en pasos de 0.5°
vent      NCC     ctrl      θ    dx    dy     sd     2do
   0   0.3981   0.0654  -3.50   -46    26   19.2  0.0959
   2   0.4609   0.0290  +0.00     6    -5    5.4  0.3007
   3   0.1854   0.0483  +0.00    -7     1    6.0  0.1022

[resumen] NCC a level 0, señal  : medio 0.3481, mediana 0.3981, rango 0.1854..0.4609
[resumen] NCC a level 0, control: medio 0.0476, mediana 0.0483, máximo 0.0654
[resumen] separación señal-control: 20.2 sd del control; ventanas con señal > máximo del control: 3/3

[out] /media/administrador/Storage1/sdonoso/clam_testing2/oncomets-ernesto/sprints/B8_sprint8/anotaciones_patologo/regiones_escaneo/149618-1_registro_level0.png  (izq = región 0 en (24256,35328), der = lo mejor que se encontró en la región 1, NCC 0.4609)
[out] /media/administrador/Storage1/sdonoso/clam_testing2/oncomets-ernesto/sprints/B8_sprint8/anotaciones_patologo/regiones_escaneo/registro_149618-1.json
