[silueta] level 6 (downsample 64), miniatura 440x300
[silueta] NCC sin registrar 0.9654, registrada 0.9894 (dx=0 dy=1344 px de level 0)
[silueta] control contra la región 1 espejada: -0.9134
[silueta] OJO: esta medida la domina el CONTORNO del tejido, no las células. Dos secciones seriadas del mismo bloque también la pasan.

[etapa A] 5 ventanas de 1024 px (476 µm) repartidas en grilla 4x4; búsqueda ±2048 px (952 µm) a level 2
vent      x0      y0      NCC      dx      dy     sd     2do
   0   20736   37760   0.3291    -748   -1656    3.9  0.2628
   1   17152   36032   0.3330     -52   -1244    5.7  0.1878
   3   21120   37056   0.5280   -1792    1912    2.8  0.5279
   4   21120   37760   0.5277    -792   -1592    3.5  0.4885

[rígido] ajuste con 4 ventanas sobre 2.0 mm de vidrio: rotación +20.656°, escala 0.74768
[rígido] residuo: RMS 1436 px = 668 µm, máximo 1084 µm

[etapa B] level 0, plantilla 512 px (238 µm), residual ±48 px, rotación ±8.0° en pasos de 0.5°
vent      NCC     ctrl      θ    dx    dy     sd     2do
   0   0.0242   0.0786  +1.00    23   -47    3.4  0.0149
   1   0.2009   0.0236  +0.50   -23     1    5.7  0.0849
   3   0.0269   0.0952  -8.00   -48     8    3.8  0.0261
   4   0.1184   0.0220  -6.00    40   -36    5.5  0.0951

[resumen] NCC a level 0, señal  : medio 0.0926, mediana 0.0726, rango 0.0242..0.2009
[resumen] NCC a level 0, control: medio 0.0548, mediana 0.0511, máximo 0.0952
[resumen] separación señal-control: 1.2 sd del control; ventanas con señal > máximo del control: 2/4

[out] /media/administrador/Storage1/sdonoso/clam_testing2/oncomets-ernesto/sprints/B8_sprint8/anotaciones_patologo/regiones_escaneo/150986-3_registro_level0.png  (izq = región 0 en (17408,36288), der = lo mejor que se encontró en la región 1, NCC 0.2009)
[out] /media/administrador/Storage1/sdonoso/clam_testing2/oncomets-ernesto/sprints/B8_sprint8/anotaciones_patologo/regiones_escaneo/registro_150986-3.json
