[silueta] level 6 (downsample 64), miniatura 520x420
[silueta] NCC sin registrar 0.9749, registrada 0.9835 (dx=0 dy=-576 px de level 0)
[silueta] control contra la región 1 espejada: -0.3904
[silueta] OJO: esta medida la domina el CONTORNO del tejido, no las células. Dos secciones seriadas del mismo bloque también la pasan.

[etapa A] 8 ventanas de 1024 px (476 µm) repartidas en grilla 4x4; búsqueda ±2048 px (952 µm) a level 2
vent      x0      y0      NCC      dx      dy     sd     2do
   0   25472   20160   0.4081     248     584    6.7  0.2534
   1   17664   20160   0.2257     108     316    4.3  0.1533
   2   25984   13952   0.2208     344     748    5.1  0.1723
   3   24320   13952   0.2197    1932   -2040    3.0  0.2195
   4   16000   13440   0.4599     420     344    5.3  0.2205
   5   16000   12352   0.4592     524     344    5.8  0.2728
   6   27520    7232   0.1845    2048    2048    2.8  0.1800
   7   23808    6720   0.1683     232    1196    2.7  0.1256

[rígido] ajuste con 7 ventanas sobre 7.8 mm de vidrio: rotación +0.033°, escala 0.99664
[rígido] residuo: RMS 1125 px = 523 µm, máximo 1234 µm

[etapa B] level 0, plantilla 512 px (238 µm), residual ±48 px, rotación ±8.0° en pasos de 0.5°
vent      NCC     ctrl      θ    dx    dy     sd     2do
   0   0.0977   0.0258  +3.00   -10    10   12.2  0.0440
   1   0.0864   0.0337  +3.00   -20    40    6.9  0.0761
   2   0.2609   0.0504  -4.50    47   -37    3.2  0.2119
   3   0.0329   0.0275  +6.50     4    36    4.4  0.0166
   4   0.3808   0.0475  +4.50   -25    33   11.4  0.1267
   5   0.2403   0.0262  +8.00   -36    48    7.3  0.1603
   6   0.0229   0.0101  +1.00    16     6    3.8  0.0223
   7   0.1253   0.0515  -3.50     6     5    8.1  0.0557

[resumen] NCC a level 0, señal  : medio 0.1559, mediana 0.1115, rango 0.0229..0.3808
[resumen] NCC a level 0, control: medio 0.0341, mediana 0.0306, máximo 0.0515
[resumen] separación señal-control: 8.9 sd del control; ventanas con señal > máximo del control: 6/8

[out] /media/administrador/Storage1/sdonoso/clam_testing2/oncomets-ernesto/sprints/B8_sprint8/anotaciones_patologo/regiones_escaneo/152293_registro_level0.png  (izq = región 0 en (16256,13696), der = lo mejor que se encontró en la región 1, NCC 0.3808)
[out] /media/administrador/Storage1/sdonoso/clam_testing2/oncomets-ernesto/sprints/B8_sprint8/anotaciones_patologo/regiones_escaneo/registro_152293.json
