[silueta] level 6 (downsample 64), miniatura 520x420
[silueta] NCC sin registrar 0.8945, registrada 0.8963 (dx=0 dy=-384 px de level 0)
[silueta] control contra la región 1 espejada: -0.1568
[silueta] OJO: esta medida la domina el CONTORNO del tejido, no las células. Dos secciones seriadas del mismo bloque también la pasan.

[etapa A] 8 ventanas de 1024 px (476 µm) repartidas en grilla 4x4; búsqueda ±2048 px (952 µm) a level 2
vent      x0      y0      NCC      dx      dy     sd     2do
   0   28288   21696   0.1674   -1188     392    3.9  0.1252
   1   17920   14976   0.2580   -1936     840    4.3  0.1874
   2   13184   14976   0.4780   -1612   -1972    5.8  0.4774
   3   24576    9792   0.3087    1748    1476    4.4  0.3086
   4   29824    3072   0.2677    -660    2028    4.3  0.2301
   5   24064   21696   0.2788   -1172     772    4.9  0.2576
   6   26240   10304   0.1759   -1844   -1280    3.5  0.1705
   7   13184   21696   0.3250   -1208    1696   13.3  0.0986

[rígido] ajuste con 8 ventanas sobre 11.6 mm de vidrio: rotación +3.129°, escala 1.01722
[rígido] residuo: RMS 1653 px = 768 µm, máximo 1204 µm

[etapa B] level 0, plantilla 512 px (238 µm), residual ±48 px, rotación ±8.0° en pasos de 0.5°
vent      NCC     ctrl      θ    dx    dy     sd     2do
   0   0.1752   0.0468  -3.50    19    48    5.5  0.0962
   1   0.0604   0.0493  +3.00    28    48    6.0  0.0250
   2   0.0336   0.0426  +3.50   -15    48    5.3  0.0189
   3   0.0567   0.0863  +0.00   -48   -13    3.1  0.0524
   4   0.1620   0.0933  +8.00    48   -23    3.2  0.1397
   5   0.0742   0.0669  +5.00    17    40    3.4  0.0629
   6   0.0849   0.0498  +6.50    23   -21    4.6  0.0664
   7   0.0503   0.0495  +8.00   -47   -47    4.4  0.0424

[resumen] NCC a level 0, señal  : medio 0.0872, mediana 0.0673, rango 0.0336..0.1752
[resumen] NCC a level 0, control: medio 0.0606, mediana 0.0496, máximo 0.0933
[resumen] separación señal-control: 1.5 sd del control; ventanas con señal > máximo del control: 2/8

[out] /media/administrador/Storage1/sdonoso/clam_testing2/oncomets-ernesto/sprints/B8_sprint8/anotaciones_patologo/regiones_escaneo/152303_registro_level0.png  (izq = región 0 en (28544,21952), der = lo mejor que se encontró en la región 1, NCC 0.1752)
[out] /media/administrador/Storage1/sdonoso/clam_testing2/oncomets-ernesto/sprints/B8_sprint8/anotaciones_patologo/regiones_escaneo/registro_152303.json
