[silueta] level 6 (downsample 64), miniatura 580x480
[silueta] NCC sin registrar 0.9559, registrada 0.9621 (dx=0 dy=-768 px de level 0)
[silueta] control contra la región 1 espejada: -0.2615
[silueta] OJO: esta medida la domina el CONTORNO del tejido, no las células. Dos secciones seriadas del mismo bloque también la pasan.

[etapa A] 8 ventanas de 1024 px (476 µm) repartidas en grilla 4x4; búsqueda ±2048 px (952 µm) a level 2
vent      x0      y0      NCC      dx      dy     sd     2do
   0   29632   26624   0.3521   -1480     108    7.7  0.1456
   1   28544   24064   0.3512   -1360      68   11.3  0.1266
   2   29120   15360   0.4116    -936      48   11.5  0.1103
   3   21888   15360   0.3650    -984    -304    6.6  0.1648
   4   16704   15360   0.4442    -972    -616    8.3  0.2124
   5   32704   11776   0.2448    -772     276    7.0  0.1054
   6   14144   10240   0.2084    -772    -688    5.5  0.1382
   7   26496    7680   0.4314    -644     -88    7.0  0.1736

[rígido] ajuste con 8 ventanas sobre 12.3 mm de vidrio: rotación +2.783°, escala 1.00424
[rígido] residuo: RMS 41 px = 19 µm, máximo 32 µm

[etapa B] level 0, plantilla 512 px (238 µm), residual ±48 px, rotación ±8.0° en pasos de 0.5°
vent      NCC     ctrl      θ    dx    dy     sd     2do
   0   0.1636   0.0653  -2.00     1   -48    5.8  0.1130
   1   0.1928   0.0514  +2.00    -4   -48    4.1  0.1819
   2   0.3640   0.0681  +3.50    -4   -48   15.0  0.0908
   3   0.2360   0.0605  +3.00    14   -48    8.3  0.1077
   4   0.3345   0.0276  +2.50    27   -42   15.1  0.1308
   5   0.1706   0.0362  +3.50   -21   -46   13.0  0.0591
   6   0.0955   0.0462  +2.00    29   -39    3.9  0.0647
   7   0.3586   0.0972  +2.50     4   -30   13.7  0.1709

[resumen] NCC a level 0, señal  : medio 0.2395, mediana 0.2144, rango 0.0955..0.3640
[resumen] NCC a level 0, control: medio 0.0566, mediana 0.0559, máximo 0.0972
[resumen] separación señal-control: 9.1 sd del control; ventanas con señal > máximo del control: 7/8

[out] /media/administrador/Storage1/sdonoso/clam_testing2/oncomets-ernesto/sprints/B8_sprint8/anotaciones_patologo/regiones_escaneo/154404_registro_level0.png  (izq = región 0 en (29376,15616), der = lo mejor que se encontró en la región 1, NCC 0.3640)
[out] /media/administrador/Storage1/sdonoso/clam_testing2/oncomets-ernesto/sprints/B8_sprint8/anotaciones_patologo/regiones_escaneo/registro_154404.json
