[silueta] level 6 (downsample 64), miniatura 420x420
[silueta] NCC sin registrar 0.9556, registrada 0.9665 (dx=0 dy=-1408 px de level 0)
[silueta] control contra la región 1 espejada: -0.4625
[silueta] OJO: esta medida la domina el CONTORNO del tejido, no las células. Dos secciones seriadas del mismo bloque también la pasan.

[etapa A] 8 ventanas de 1024 px (476 µm) repartidas en grilla 4x4; búsqueda ±2048 px (952 µm) a level 2
vent      x0      y0      NCC      dx      dy     sd     2do
   0   13440   20672   0.4293    1012    2008    9.8  0.1391
   1   12864   20672   0.4291    1004    2048    7.9  0.1610
   2   18048   17024   0.1968     732    1836    6.7  0.0861
   3   23232   13440   0.5203     392    1372   19.0  0.1016
   4   20096    9792   0.5590      56    1660    9.2  0.2298
   6   12352   19584   0.3020     708     968    2.6  0.2799
   7   17536    5120   0.2878    -420    1892   11.2  0.1253

[rígido] ajuste con 6 ventanas sobre 8.8 mm de vidrio: rotación -3.331°, escala 0.97249
[rígido] residuo: RMS 420 px = 196 µm, máximo 373 µm

[etapa B] level 0, plantilla 512 px (238 µm), residual ±48 px, rotación ±8.0° en pasos de 0.5°
vent      NCC     ctrl      θ    dx    dy     sd     2do
   0   0.0980   0.0083  +7.00    37    -4    3.6  0.0785
   1   0.0877   0.0364  -5.00    41   -29    3.7  0.0646
   2   0.0430   0.0426  -8.00   -47    17    4.1  0.0349
   3   0.0503   0.0556  -3.00     7    28    4.4  0.0294
   4   0.0919  -0.0602  -1.00   -32   -46    3.4  0.0670
   6   0.1871   0.0558  -8.00    48    -8    3.4  0.1774
   7   0.0318   0.0084  +4.50    26   -44    3.7  0.0201

[resumen] NCC a level 0, señal  : medio 0.0843, mediana 0.0877, rango 0.0318..0.1871
[resumen] NCC a level 0, control: medio 0.0210, mediana 0.0364, máximo 0.0558
[resumen] separación señal-control: 1.7 sd del control; ventanas con señal > máximo del control: 4/7

[out] /media/administrador/Storage1/sdonoso/clam_testing2/oncomets-ernesto/sprints/B8_sprint8/anotaciones_patologo/regiones_escaneo/155793-1_registro_level0.png  (izq = región 0 en (12608,19840), der = lo mejor que se encontró en la región 1, NCC 0.1871)
[out] /media/administrador/Storage1/sdonoso/clam_testing2/oncomets-ernesto/sprints/B8_sprint8/anotaciones_patologo/regiones_escaneo/registro_155793-1.json
