[silueta] level 6 (downsample 64), miniatura 420x420
[silueta] NCC sin registrar 0.9322, registrada 0.9415 (dx=0 dy=1152 px de level 0)
[silueta] control contra la región 1 espejada: -0.2821
[silueta] OJO: esta medida la domina el CONTORNO del tejido, no las células. Dos secciones seriadas del mismo bloque también la pasan.

[etapa A] 8 ventanas de 1024 px (476 µm) repartidas en grilla 4x4; búsqueda ±2048 px (952 µm) a level 2
vent      x0      y0      NCC      dx      dy     sd     2do
   0   13952   21184   0.1745    1072    -668    3.0  0.1695
   1   11840   20160   0.2492   -1016   -1872    7.8  0.1166
   2   10304   14976   0.2790   -1188   -1796    7.2  0.1339
   3   17024    9792   0.2080   -1312   -1520    5.0  0.1242
   4   19072    4608   0.2785    1964   -1396    2.5  0.2727
   5   23232    3072   0.3968   -1276   -1276    4.9  0.2176
   6   22208   20672   0.1985   -1060   -1948    9.9  0.0737
   7   13440   20096   0.1164    1400     900    3.2  0.1062

[rígido] ajuste con 8 ventanas sobre 10.3 mm de vidrio: rotación -0.980°, escala 1.01013
[rígido] residuo: RMS 1566 px = 728 µm, máximo 1160 µm

[etapa B] level 0, plantilla 512 px (238 µm), residual ±48 px, rotación ±8.0° en pasos de 0.5°
vent      NCC     ctrl      θ    dx    dy     sd     2do
   0   0.0979   0.0380  -2.00    23   -48    1.8  0.0907
   1   0.2007   0.0296  -1.50   -48    26   21.4  0.0372
   2   0.1375   0.0236  -1.00   -48    29   15.8  0.0358
   3   0.1111   0.0549  +0.00    14   -14   11.2  0.0453
   4   0.0878  -0.0088  +0.00    19    17    3.0  0.0836
   5   0.1871   0.0401  -1.00   -10     8   10.5  0.0969
   6   0.0577   0.0591  -7.50    39    44    4.0  0.0494
   7   0.0373   0.0858  -5.00    46   -35    3.4  0.0305

[resumen] NCC a level 0, señal  : medio 0.1146, mediana 0.1045, rango 0.0373..0.2007
[resumen] NCC a level 0, control: medio 0.0403, mediana 0.0390, máximo 0.0858
[resumen] separación señal-control: 2.8 sd del control; ventanas con señal > máximo del control: 6/8

[out] /media/administrador/Storage1/sdonoso/clam_testing2/oncomets-ernesto/sprints/B8_sprint8/anotaciones_patologo/regiones_escaneo/158901_registro_level0.png  (izq = región 0 en (12096,20416), der = lo mejor que se encontró en la región 1, NCC 0.2007)
[out] /media/administrador/Storage1/sdonoso/clam_testing2/oncomets-ernesto/sprints/B8_sprint8/anotaciones_patologo/regiones_escaneo/registro_158901.json
