[silueta] level 6 (downsample 64), miniatura 500x420
[silueta] NCC sin registrar 0.9784, registrada 0.9834 (dx=0 dy=-1536 px de level 0)
[silueta] control contra la región 1 espejada: -0.4618
[silueta] OJO: esta medida la domina el CONTORNO del tejido, no las células. Dos secciones seriadas del mismo bloque también la pasan.

[etapa A] 5 ventanas de 1024 px (476 µm) repartidas en grilla 4x4; búsqueda ±2048 px (952 µm) a level 2
vent      x0      y0      NCC      dx      dy     sd     2do
   1   25536   11840   0.0600     176    1972    3.9  0.0542
   2   28608   18560   0.2609    1068    1648    5.1  0.1663
   3   23680   17024   0.0862   -1592    -332    2.9  0.0805
   4   27072    3584   0.0919   -1804   -2048    4.7  0.0916

[rígido] ajuste con 3 ventanas sobre 3.9 mm de vidrio: rotación +5.788°, escala 1.07765
[rígido] residuo: RMS 1431 px = 665 µm, máximo 806 µm

[etapa B] level 0, plantilla 512 px (238 µm), residual ±48 px, rotación ±8.0° en pasos de 0.5°
vent      NCC     ctrl      θ    dx    dy     sd     2do
   1   0.0310   0.0225  +1.00    13    42    4.3  0.0213
   2   0.0735   0.0719  +3.00    44     0    4.0  0.0544
   3   0.0233   0.0170  +0.00   -39    28    4.0  0.0182
   4   0.0139   0.0294  +4.50    25   -11    4.6  0.0097

[resumen] NCC a level 0, señal  : medio 0.0354, mediana 0.0272, rango 0.0139..0.0735
[resumen] NCC a level 0, control: medio 0.0352, mediana 0.0259, máximo 0.0719
[resumen] separación señal-control: 0.0 sd del control; ventanas con señal > máximo del control: 1/4

[out] /media/administrador/Storage1/sdonoso/clam_testing2/oncomets-ernesto/sprints/B8_sprint8/anotaciones_patologo/regiones_escaneo/159188_registro_level0.png  (izq = región 0 en (28864,18816), der = lo mejor que se encontró en la región 1, NCC 0.0735)
[out] /media/administrador/Storage1/sdonoso/clam_testing2/oncomets-ernesto/sprints/B8_sprint8/anotaciones_patologo/regiones_escaneo/registro_159188.json
