[silueta] level 6 (downsample 64), miniatura 380x340
[silueta] NCC sin registrar 0.9727, registrada 0.9737 (dx=0 dy=-640 px de level 0)
[silueta] control contra la región 1 espejada: -0.5890
[silueta] OJO: esta medida la domina el CONTORNO del tejido, no las células. Dos secciones seriadas del mismo bloque también la pasan.

[etapa A] 6 ventanas de 1024 px (476 µm) repartidas en grilla 4x4; búsqueda ±2048 px (952 µm) a level 2
vent      x0      y0      NCC      dx      dy     sd     2do
   0   27008   12416   0.2906   -2048   -2044    4.4  0.2548
   1   31040   10880   0.3532    1928   -2048    3.8  0.3472
   2   28480    8512   0.0801    -620    -428    3.3  0.0783
   3   28032    8512   0.2219    -816    -236    2.4  0.2201
   4   32576   17344   0.1770   -1980    -756    3.3  0.1706
   5   32064    3072   0.1544   -2004    2004    4.0  0.1431

[rígido] ajuste con 4 ventanas sobre 7.0 mm de vidrio: rotación +2.986°, escala 0.81009
[rígido] residuo: RMS 659 px = 306 µm, máximo 380 µm

[etapa B] level 0, plantilla 512 px (238 µm), residual ±48 px, rotación ±8.0° en pasos de 0.5°
vent      NCC     ctrl      θ    dx    dy     sd     2do
   0   0.0943   0.0371  +8.00    48    45    1.4  0.0941
   1   0.0693   0.0599  +8.00    48   -48    3.5  0.0574
   2   0.0379   0.0363  +0.00    10    38    2.9  0.0339
   3   0.0483   0.0021  +0.00    42    44    2.6  0.0402
   4   0.0535   0.0948  -8.00    47    37    3.1  0.0399
   5   0.0356   0.0248  +8.00     6    41    2.5  0.0320

[resumen] NCC a level 0, señal  : medio 0.0565, mediana 0.0509, rango 0.0356..0.0943
[resumen] NCC a level 0, control: medio 0.0425, mediana 0.0367, máximo 0.0948
[resumen] separación señal-control: 0.5 sd del control; ventanas con señal > máximo del control: 0/6

[out] /media/administrador/Storage1/sdonoso/clam_testing2/oncomets-ernesto/sprints/B8_sprint8/anotaciones_patologo/regiones_escaneo/160814_registro_level0.png  (izq = región 0 en (27264,12672), der = lo mejor que se encontró en la región 1, NCC 0.0943)
[out] /media/administrador/Storage1/sdonoso/clam_testing2/oncomets-ernesto/sprints/B8_sprint8/anotaciones_patologo/regiones_escaneo/registro_160814.json
