[silueta] level 6 (downsample 64), miniatura 700x620
[silueta] NCC sin registrar 0.9430, registrada 0.9668 (dx=0 dy=-768 px de level 0)
[silueta] control contra la región 1 espejada: -0.1051
[silueta] OJO: esta medida la domina el CONTORNO del tejido, no las células. Dos secciones seriadas del mismo bloque también la pasan.

[etapa A] 8 ventanas de 1024 px (476 µm) repartidas en grilla 4x4; búsqueda ±2048 px (952 µm) a level 2
vent      x0      y0      NCC      dx      dy     sd     2do
   1   29568   29760   0.2638      60     772   11.4  0.0875
   2   33600   21888   0.1725     316     832    7.4  0.0612
   3   32640   21376   0.4217     324     816   10.6  0.3026
   4   12224   19840   0.2499     396     520   10.7  0.1415
   5   41280   18112   0.2175     404     864    8.6  0.1004
   6   11712   18112   0.2125     380     536    5.3  0.0959
   7   29568   11456   0.2144   -1936   -1828    3.6  0.2141

[rígido] ajuste con 7 ventanas sobre 16.2 mm de vidrio: rotación -0.813°, escala 1.01755
[rígido] residuo: RMS 1174 px = 546 µm, máximo 1266 µm

[etapa B] level 0, plantilla 512 px (238 µm), residual ±48 px, rotación ±8.0° en pasos de 0.5°
vent      NCC     ctrl      θ    dx    dy     sd     2do
   1   0.1677   0.0288  +1.50   -13     0   19.3  0.0501
   2   0.0812   0.0297  +0.00   -16     7    8.0  0.0466
   3   0.1426   0.0267  +1.00   -16     7   16.6  0.0364
   4   0.2453   0.0315  +1.50   -12    11   20.3  0.0625
   5   0.2453   0.0346  +0.00    -7     0   17.5  0.0411
   6   0.1298   0.0255  -0.50     3    -6   15.4  0.0330
   7   0.0307   0.0269  -2.50    48   -36    7.3  0.0148

[resumen] NCC a level 0, señal  : medio 0.1490, mediana 0.1426, rango 0.0307..0.2453
[resumen] NCC a level 0, control: medio 0.0291, mediana 0.0288, máximo 0.0346
[resumen] separación señal-control: 41.1 sd del control; ventanas con señal > máximo del control: 6/7

[out] /media/administrador/Storage1/sdonoso/clam_testing2/oncomets-ernesto/sprints/B8_sprint8/anotaciones_patologo/regiones_escaneo/B25-161152_registro_level0.png  (izq = región 0 en (12480,20096), der = lo mejor que se encontró en la región 1, NCC 0.2453)
[out] /media/administrador/Storage1/sdonoso/clam_testing2/oncomets-ernesto/sprints/B8_sprint8/anotaciones_patologo/regiones_escaneo/registro_B25-161152.json
