[silueta] level 6 (downsample 64), miniatura 540x620
[silueta] NCC sin registrar 0.9059, registrada 0.9192 (dx=0 dy=1536 px de level 0)
[silueta] control contra la región 1 espejada: -0.2863
[silueta] OJO: esta medida la domina el CONTORNO del tejido, no las células. Dos secciones seriadas del mismo bloque también la pasan.

[etapa A] 8 ventanas de 1024 px (476 µm) repartidas en grilla 4x4; búsqueda ±2048 px (952 µm) a level 2
vent      x0      y0      NCC      dx      dy     sd     2do
   0   27968   29760   0.1039   -1744    -560    3.3  0.0889
   1   20352   20864   0.0659   -2048    2040    3.9  0.0618
   2   30528   19840   0.1898    1952    -220    4.0  0.1748
   3   27456   15552   0.1780    1880    2000    3.7  0.1745
   4   16832   14016   0.2147    2000   -1932    3.2  0.2146
   5   23424    9920   0.1672    1904    2028    4.0  0.1635
   6   16832    7680   0.0988     592     540    4.6  0.0822
   7   30016    6144   0.2358    2048    1864    4.7  0.2324

[rígido] ajuste con 6 ventanas sobre 12.1 mm de vidrio: rotación +6.348°, escala 0.94637
[rígido] residuo: RMS 1633 px = 759 µm, máximo 895 µm

[etapa B] level 0, plantilla 512 px (238 µm), residual ±48 px, rotación ±8.0° en pasos de 0.5°
vent      NCC     ctrl      θ    dx    dy     sd     2do
   0   0.0248   0.0222  +2.00   -47    31    3.2  0.0167
   1   0.0231   0.0359  +4.00     6    31    3.9  0.0230
   2   0.0339   0.0056  -4.00   -22     2    3.4  0.0260
   3   0.0777   0.0089  -8.00   -33   -22    5.0  0.0572
   4   0.0349   0.0313  -8.00     8   -31    2.5  0.0346
   5   0.0802   0.1065  -3.50   -25   -48    3.7  0.0662
   6   0.0150   0.0324  +6.50    -6    39    3.6  0.0098
   7   0.0376   0.0351  +8.00     8     3    3.4  0.0372

[resumen] NCC a level 0, señal  : medio 0.0409, mediana 0.0344, rango 0.0150..0.0802
[resumen] NCC a level 0, control: medio 0.0348, mediana 0.0319, máximo 0.1065
[resumen] separación señal-control: 0.2 sd del control; ventanas con señal > máximo del control: 0/8

[out] /media/administrador/Storage1/sdonoso/clam_testing2/oncomets-ernesto/sprints/B8_sprint8/anotaciones_patologo/regiones_escaneo/B25-163346_registro_level0.png  (izq = región 0 en (23680,10176), der = lo mejor que se encontró en la región 1, NCC 0.0802)
[out] /media/administrador/Storage1/sdonoso/clam_testing2/oncomets-ernesto/sprints/B8_sprint8/anotaciones_patologo/regiones_escaneo/registro_B25-163346.json
