[silueta] level 6 (downsample 64), miniatura 700x480
[silueta] NCC sin registrar 0.9528, registrada 0.9548 (dx=0 dy=320 px de level 0)
[silueta] control contra la región 1 espejada: -0.0131
[silueta] OJO: esta medida la domina el CONTORNO del tejido, no las células. Dos secciones seriadas del mismo bloque también la pasan.

[etapa A] 8 ventanas de 1024 px (476 µm) repartidas en grilla 4x4; búsqueda ±2048 px (952 µm) a level 2
vent      x0      y0      NCC      dx      dy     sd     2do
   0   38208   75520   0.1226     452    -408    5.4  0.0860
   1   28544   75520   0.2157     804    2044    3.7  0.2098
   2   33600   68864   0.1527     868    1548    2.5  0.1423
   3   11200   68864   0.1738     564     -84    2.7  0.1295
   4   33152   68352   0.2054     380    -288    7.8  0.0913
   5   10752   67840   0.2303     540     -68    3.2  0.1674
   6   10240   65280   0.1302    -188      24    2.5  0.1270

[rígido] ajuste con 6 ventanas sobre 13.8 mm de vidrio: rotación +0.395°, escala 1.00699
[rígido] residuo: RMS 717 px = 333 µm, máximo 651 µm

[etapa B] level 0, plantilla 512 px (238 µm), residual ±48 px, rotación ±8.0° en pasos de 0.5°
vent      NCC     ctrl      θ    dx    dy     sd     2do
   0   0.0733   0.0702  -0.50   -21   -27    5.2  0.0546
   1   0.0419   0.0340  +7.00   -25    44    2.8  0.0344
   2   0.0175   0.0589  -8.00    41    25    4.7 -0.0086
   3   0.0893   0.0588  -1.00    -2   -19    4.4  0.0709
   4   0.0652   0.0429  +6.50     3     1    3.8  0.0410
   5   0.1343   0.1048  -2.00    -1    -9    5.6  0.0884
   6   0.0525   0.0447  -5.50   -42    44    2.6  0.0475

[resumen] NCC a level 0, señal  : medio 0.0677, mediana 0.0652, rango 0.0175..0.1343
[resumen] NCC a level 0, control: medio 0.0592, mediana 0.0588, máximo 0.1048
[resumen] separación señal-control: 0.4 sd del control; ventanas con señal > máximo del control: 1/7

[out] /media/administrador/Storage1/sdonoso/clam_testing2/oncomets-ernesto/sprints/B8_sprint8/anotaciones_patologo/regiones_escaneo/B25-150011_registro_level0.png  (izq = región 0 en (11008,68096), der = lo mejor que se encontró en la región 1, NCC 0.1343)
[out] /media/administrador/Storage1/sdonoso/clam_testing2/oncomets-ernesto/sprints/B8_sprint8/anotaciones_patologo/regiones_escaneo/registro_B25-150011.json
