[silueta] level 6 (downsample 64), miniatura 400x480
[silueta] NCC sin registrar 0.9301, registrada 0.9306 (dx=0 dy=-448 px de level 0)
[silueta] control contra la región 1 espejada: -0.7725
[silueta] OJO: esta medida la domina el CONTORNO del tejido, no las células. Dos secciones seriadas del mismo bloque también la pasan.

[etapa A] 8 ventanas de 1024 px (476 µm) repartidas en grilla 4x4; búsqueda ±2048 px (952 µm) a level 2
vent      x0      y0      NCC      dx      dy     sd     2do
   1   19200   17408   0.5840    1948     652   12.5  0.1661
   2   16896   17408   0.5603    1940     752   14.9  0.2371
   3   22272    3584   0.5584    1224     372    9.2  0.1919
   4   18432    3584   0.2718    1152     472    6.0  0.1684
   5   14848   27648   0.1093   -1904   -1924    4.7  0.1091
   6   23808   12800   0.5068    1636     348    6.5  0.3279
   7   16384    8192   0.3355    1568     492    6.4  0.1729

[rígido] ajuste con 7 ventanas sobre 11.9 mm de vidrio: rotación +5.594°, escala 0.96639
[rígido] residuo: RMS 1245 px = 579 µm, máximo 975 µm

[etapa B] level 0, plantilla 512 px (238 µm), residual ±48 px, rotación ±8.0° en pasos de 0.5°
vent      NCC     ctrl      θ    dx    dy     sd     2do
   1   0.0795   0.0534  +7.50   -38   -48    3.5  0.0680
   2   0.2557   0.0862  +0.00   -27   -35    2.9  0.2285
   3   0.2302   0.0576  -5.00    29   -48   13.0  0.0499
   4   0.1087   0.0118  -2.50    -4   -46    4.6  0.1020
   5   0.0469   0.0903  +0.00    37    20    2.9  0.0424
   6   0.1062   0.0757  -8.00    41   -48    4.8  0.0822
   7   0.1456   0.0225  +8.00   -41    48    3.9  0.1290

[resumen] NCC a level 0, señal  : medio 0.1390, mediana 0.1087, rango 0.0469..0.2557
[resumen] NCC a level 0, control: medio 0.0568, mediana 0.0576, máximo 0.0903
[resumen] separación señal-control: 2.9 sd del control; ventanas con señal > máximo del control: 5/7

[out] /media/administrador/Storage1/sdonoso/clam_testing2/oncomets-ernesto/sprints/B8_sprint8/anotaciones_patologo/regiones_escaneo/B25-151026_registro_level0.png  (izq = región 0 en (17152,17664), der = lo mejor que se encontró en la región 1, NCC 0.2557)
[out] /media/administrador/Storage1/sdonoso/clam_testing2/oncomets-ernesto/sprints/B8_sprint8/anotaciones_patologo/regiones_escaneo/registro_B25-151026.json
