[silueta] level 6 (downsample 64), miniatura 500x440
[silueta] NCC sin registrar 0.9769, registrada 0.9770 (dx=0 dy=128 px de level 0)
[silueta] control contra la región 1 espejada: -0.8955
[silueta] OJO: esta medida la domina el CONTORNO del tejido, no las células. Dos secciones seriadas del mismo bloque también la pasan.

[etapa A] 8 ventanas de 1024 px (476 µm) repartidas en grilla 4x4; búsqueda ±2048 px (952 µm) a level 2
vent      x0      y0      NCC      dx      dy     sd     2do
   0   19584    9600   0.1782    2048   -1616    3.0  0.1759
   1   25024    4608   0.1460    -168    -836    4.4  0.1136
   2   26048   13696   0.2273    2048   -2048    3.5  0.2223
   3   25536   23168   0.3711    1952    1744    3.1  0.3707
   4   26048   14080   0.2830   -1976   -2012    4.1  0.2828
   5   21632   14080   0.2373    2048    2048    2.5  0.2149
   6   18048    6656   0.1708    2028   -1092    4.7  0.1665
   7   23680   22656   0.6732    2048   -2048    3.4  0.6475

[rígido] ajuste con 4 ventanas sobre 9.4 mm de vidrio: rotación -0.934°, escala 1.05868
[rígido] residuo: RMS 2112 px = 982 µm, máximo 1408 µm

[etapa B] level 0, plantilla 512 px (238 µm), residual ±48 px, rotación ±8.0° en pasos de 0.5°
vent      NCC     ctrl      θ    dx    dy     sd     2do
   0   0.0259   0.0305  -2.00     6    46    4.4  0.0162
   1   0.0452   0.0318  -3.50   -34    16    3.9  0.0378
   2   0.0522   0.0353  +2.50   -45   -37    3.4  0.0490
   3   0.0902   0.0249  +1.50    45   -47    3.1  0.0745
   4   0.0214   0.0163  -1.50   -17    15    3.7  0.0166
   5   0.0487   0.0117  -4.50   -34   -20    3.6  0.0349
   6   0.1163   0.0570  -8.00    32    26    2.5  0.1077
   7  -0.0625   0.0463  +7.00   -48   -48    4.5 -0.0792

[resumen] NCC a level 0, señal  : medio 0.0422, mediana 0.0470, rango -0.0625..0.1163
[resumen] NCC a level 0, control: medio 0.0317, mediana 0.0311, máximo 0.0570
[resumen] separación señal-control: 0.8 sd del control; ventanas con señal > máximo del control: 2/8

[out] /media/administrador/Storage1/sdonoso/clam_testing2/oncomets-ernesto/sprints/B8_sprint8/anotaciones_patologo/regiones_escaneo/B25-158410_registro_level0.png  (izq = región 0 en (18304,6912), der = lo mejor que se encontró en la región 1, NCC 0.1163)
[out] /media/administrador/Storage1/sdonoso/clam_testing2/oncomets-ernesto/sprints/B8_sprint8/anotaciones_patologo/regiones_escaneo/registro_B25-158410.json
