[silueta] level 6 (downsample 64), miniatura 680x720
[silueta] NCC sin registrar 0.8765, registrada 0.9440 (dx=0 dy=1536 px de level 0)
[silueta] control contra la región 1 espejada: -0.0607
[silueta] OJO: esta medida la domina el CONTORNO del tejido, no las células. Dos secciones seriadas del mismo bloque también la pasan.

[etapa A] 8 ventanas de 1024 px (476 µm) repartidas en grilla 4x4; búsqueda ±2048 px (952 µm) a level 2
vent      x0      y0      NCC      dx      dy     sd     2do
   0   21760   85760   0.2495     140   -1928    9.9  0.1302
   1   16000   85760   0.3348     -24   -1932    8.7  0.1183
   2   10752   76288   0.4609     136   -1992    7.4  0.2082
   3   32640   74240   0.0921   -1580    2016    3.4  0.0902
   4   28416   74240   0.4261    2044    2044    3.4  0.4239
   5   11392   74240   0.4105     152   -1996    8.2  0.2096
   6   14976   67840   0.4730     220   -1996    7.7  0.2598
   7   32640   62720   0.2469   -1444   -2040    4.6  0.2417

[rígido] ajuste con 7 ventanas sobre 14.8 mm de vidrio: rotación +1.913°, escala 0.95502
[rígido] residuo: RMS 1445 px = 672 µm, máximo 1422 µm

[etapa B] level 0, plantilla 512 px (238 µm), residual ±48 px, rotación ±8.0° en pasos de 0.5°
vent      NCC     ctrl      θ    dx    dy     sd     2do
   0   0.1526   0.0542  -1.50   -35     7    6.9  0.0896
   1   0.1544   0.0254  +8.00    48   -18    5.9  0.1183
   2   0.2812   0.0278  +0.00    16     0    8.9  0.1607
   3   0.0298   0.0248  +8.00    48    12    3.6  0.0238
   4   0.0115   0.0243  +7.00   -48    -6    4.9  0.0044
   5   0.2945   0.0500  +0.00    18     4    6.0  0.1550
   6   0.2230   0.0328  +0.00    15    -1   10.6  0.1134
   7   0.0456   0.0667  +3.50   -48     0    5.3  0.0283

[resumen] NCC a level 0, señal  : medio 0.1491, mediana 0.1535, rango 0.0115..0.2945
[resumen] NCC a level 0, control: medio 0.0383, mediana 0.0303, máximo 0.0667
[resumen] separación señal-control: 7.2 sd del control; ventanas con señal > máximo del control: 5/8

[out] /media/administrador/Storage1/sdonoso/clam_testing2/oncomets-ernesto/sprints/B8_sprint8/anotaciones_patologo/regiones_escaneo/B25-152204_registro_level0.png  (izq = región 0 en (11648,74496), der = lo mejor que se encontró en la región 1, NCC 0.2945)
[out] /media/administrador/Storage1/sdonoso/clam_testing2/oncomets-ernesto/sprints/B8_sprint8/anotaciones_patologo/regiones_escaneo/registro_B25-152204.json
