[silueta] level 6 (downsample 64), miniatura 480x520
[silueta] NCC sin registrar 0.9492, registrada 0.9596 (dx=0 dy=1536 px de level 0)
[silueta] control contra la región 1 espejada: -0.4189
[silueta] OJO: esta medida la domina el CONTORNO del tejido, no las células. Dos secciones seriadas del mismo bloque también la pasan.

[etapa A] 8 ventanas de 1024 px (476 µm) repartidas en grilla 4x4; búsqueda ±2048 px (952 µm) a level 2
vent      x0      y0      NCC      dx      dy     sd     2do
   0   19968   28032   0.5824   -1688    -580    3.6  0.5512
   1   16896   21760   0.6306   -1768   -1044    2.9  0.6237
   2   25088   18176   0.6124    2040    2044    5.0  0.6102
   3   14848   13952   0.5774    1660    2048    3.6  0.5762
   4   19456    8832   0.4759    1812   -1832    3.2  0.3880
   5   26112    8320   0.3435    1712   -1448    3.4  0.2894
   6   20480    4096   0.6342   -1116    1108    2.4  0.5749
   7   25600    2048   0.5201    -772    -988    3.1  0.4656

[rígido] ajuste con 6 ventanas sobre 12.8 mm de vidrio: rotación +3.443°, escala 1.01231
[rígido] residuo: RMS 1656 px = 770 µm, máximo 1126 µm

[etapa B] level 0, plantilla 512 px (238 µm), residual ±48 px, rotación ±8.0° en pasos de 0.5°
vent      NCC     ctrl      θ    dx    dy     sd     2do
   0   0.3320  -0.0630  +8.00    48   -11    2.3  0.3183
   1   0.1086  -0.0377  +8.00    48   -48    3.8  0.0805
   2  -0.0318   0.0596  -8.00   -47     5    2.5 -0.0363
   3   0.0702   0.2137  +0.00   -48    48    2.6  0.0668
   4   0.2438   0.2124  -8.00    43   -48    2.4  0.2311
   5   0.1143   0.1726  +8.00    -8   -48    3.8  0.0689
   6   0.0848   0.6218  +8.00   -42    48    3.2  0.0588
   7   0.4625   0.1569  -8.00    -6    48    2.0  0.4545

[resumen] NCC a level 0, señal  : medio 0.1731, mediana 0.1115, rango -0.0318..0.4625
[resumen] NCC a level 0, control: medio 0.1670, mediana 0.1648, máximo 0.6218
[resumen] separación señal-control: 0.0 sd del control; ventanas con señal > máximo del control: 0/8

[out] /media/administrador/Storage1/sdonoso/clam_testing2/oncomets-ernesto/sprints/B8_sprint8/anotaciones_patologo/regiones_escaneo/B25-150881_registro_level0.png  (izq = región 0 en (25856,2304), der = lo mejor que se encontró en la región 1, NCC 0.4625)
[out] /media/administrador/Storage1/sdonoso/clam_testing2/oncomets-ernesto/sprints/B8_sprint8/anotaciones_patologo/regiones_escaneo/registro_B25-150881.json
