[silueta] level 6 (downsample 64), miniatura 640x480
[silueta] NCC sin registrar 0.9602, registrada 0.9606 (dx=0 dy=-192 px de level 0)
[silueta] control contra la región 1 espejada: -0.1451
[silueta] OJO: esta medida la domina el CONTORNO del tejido, no las células. Dos secciones seriadas del mismo bloque también la pasan.

[etapa A] 8 ventanas de 1024 px (476 µm) repartidas en grilla 4x4; búsqueda ±2048 px (952 µm) a level 2
vent      x0      y0      NCC      dx      dy     sd     2do
   0   35328    3072   0.2176    -128     124    2.6  0.1893
   1   27136   12800   0.3609     376     588    6.9  0.1922
   2   10240    9728   0.1619   -2032   -1984    3.4  0.1603
   3    9728    9728   0.2315     208    1228    3.0  0.2199
   4   30208   22016   0.3552     816     548    4.4  0.2304
   5   10752    7168   0.2873     132    1184    5.0  0.1804
   6    8704   16896   0.6252     580    1228    6.8  0.4481
   7   16896   19968   0.6857     652    1008    5.4  0.5304

[rígido] ajuste con 8 ventanas sobre 15.2 mm de vidrio: rotación -1.264°, escala 1.02764
[rígido] residuo: RMS 1247 px = 580 µm, máximo 1467 µm

[etapa B] level 0, plantilla 512 px (238 µm), residual ±48 px, rotación ±8.0° en pasos de 0.5°
vent      NCC     ctrl      θ    dx    dy     sd     2do
   0   0.1182   0.0429  -0.50   -10     4    6.1  0.0905
   1   0.1573   0.0139  -2.50    18   -14   10.0  0.0708
   2   0.0416   0.0214  +0.00     2   -47    3.5  0.0372
   3   0.0875   0.0540  +6.00    -9   -10    3.0  0.0829
   4   0.2204   0.0131  -4.00    48   -47    2.4  0.1927
   5   0.1665   0.1098  -8.00    48    19    4.5  0.1377
   6   0.3579   0.0724  -1.00    43     3    2.1  0.3272
   7   0.4444   0.0661  -2.50    48   -33    4.6  0.3588

[resumen] NCC a level 0, señal  : medio 0.1992, mediana 0.1619, rango 0.0416..0.4444
[resumen] NCC a level 0, control: medio 0.0492, mediana 0.0485, máximo 0.1098
[resumen] separación señal-control: 4.8 sd del control; ventanas con señal > máximo del control: 6/8

[out] /media/administrador/Storage1/sdonoso/clam_testing2/oncomets-ernesto/sprints/B8_sprint8/anotaciones_patologo/regiones_escaneo/B25-150006_registro_level0.png  (izq = región 0 en (17152,20224), der = lo mejor que se encontró en la región 1, NCC 0.4444)
[out] /media/administrador/Storage1/sdonoso/clam_testing2/oncomets-ernesto/sprints/B8_sprint8/anotaciones_patologo/regiones_escaneo/registro_B25-150006.json
