[silueta] level 6 (downsample 64), miniatura 420x440
[silueta] NCC sin registrar 0.9476, registrada 0.9627 (dx=0 dy=1536 px de level 0)
[silueta] control contra la región 1 espejada: -0.3425
[silueta] OJO: esta medida la domina el CONTORNO del tejido, no las células. Dos secciones seriadas del mismo bloque también la pasan.

[etapa A] 8 ventanas de 1024 px (476 µm) repartidas en grilla 4x4; búsqueda ±2048 px (952 µm) a level 2
vent      x0      y0      NCC      dx      dy     sd     2do
   0   20672   22144   0.0973      -8    1028    3.5  0.0910
   1   18560   21120   0.1299   -2020    1648    3.3  0.1298
   2   22720   15104   0.0892   -2040    2044    4.1  0.0837
   3   15488   14080   0.0990    1776    1828    3.8  0.0947
   4   20160    8064   0.1502    1436    1572    2.6  0.1445
   5   19072    7040   0.2060   -1828   -2008    3.3  0.2058
   6   11328    7040   0.1800   -2024   -2008    3.7  0.1799
   7   11328    6144   0.1698     644    2048    3.6  0.1579

[rígido] ajuste con 6 ventanas sobre 8.3 mm de vidrio: rotación +2.035°, escala 1.15706
[rígido] residuo: RMS 2018 px = 938 µm, máximo 1372 µm

[etapa B] level 0, plantilla 512 px (238 µm), residual ±48 px, rotación ±8.0° en pasos de 0.5°
vent      NCC     ctrl      θ    dx    dy     sd     2do
   0   0.0458   0.0182  +0.00    28    -6    4.2  0.0323
   1   0.0643   0.0289  +6.50    40    44    4.1  0.0577
   2   0.0261   0.0368  -8.00   -32    19    3.5  0.0219
   3   0.0452   0.0308  +6.00   -19   -42    4.2  0.0323
   4   0.0296   0.0496  +4.50    38    30    3.7  0.0234
   5  -0.0119   0.0204  -0.50   -21   -46    2.2 -0.0155
   6   0.0341   0.0626  +0.00   -14    47    3.0  0.0330
   7   0.0720   0.0315  +0.00     8    41    4.4  0.0607

[resumen] NCC a level 0, señal  : medio 0.0382, mediana 0.0397, rango -0.0119..0.0720
[resumen] NCC a level 0, control: medio 0.0348, mediana 0.0312, máximo 0.0626
[resumen] separación señal-control: 0.2 sd del control; ventanas con señal > máximo del control: 2/8

[out] /media/administrador/Storage1/sdonoso/clam_testing2/oncomets-ernesto/sprints/B8_sprint8/anotaciones_patologo/regiones_escaneo/B25-150401_registro_level0.png  (izq = región 0 en (11584,6400), der = lo mejor que se encontró en la región 1, NCC 0.0720)
[out] /media/administrador/Storage1/sdonoso/clam_testing2/oncomets-ernesto/sprints/B8_sprint8/anotaciones_patologo/regiones_escaneo/registro_B25-150401.json
