[silueta] level 6 (downsample 64), miniatura 440x380
[silueta] NCC sin registrar 0.9520, registrada 0.9587 (dx=0 dy=1536 px de level 0)
[silueta] control contra la región 1 espejada: -0.6984
[silueta] OJO: esta medida la domina el CONTORNO del tejido, no las células. Dos secciones seriadas del mismo bloque también la pasan.

[etapa A] 7 ventanas de 1024 px (476 µm) repartidas en grilla 4x4; búsqueda ±2048 px (952 µm) a level 2
vent      x0      y0      NCC      dx      dy     sd     2do
   0   16640   45120   0.0828    1136   -1656    4.4  0.0820
   1   16128   41088   0.0881   -1980     368    3.8  0.0790
   2   24704   37056   0.1345     272    -616    3.7  0.1305
   3   24704   44160   0.2063    1984   -2044    2.8  0.2008
   4   14592   38592   0.3079     864     104    2.5  0.3078
   5   13696   40576   0.5328    2024   -1736    3.2  0.5103
   6   26240   45120   0.3295    1116     808    6.9  0.3042

[rígido] ajuste con 6 ventanas sobre 6.9 mm de vidrio: rotación +2.524°, escala 0.99796
[rígido] residuo: RMS 1566 px = 728 µm, máximo 1270 µm

[etapa B] level 0, plantilla 512 px (238 µm), residual ±48 px, rotación ±8.0° en pasos de 0.5°
vent      NCC     ctrl      θ    dx    dy     sd     2do
   0   0.0503   0.0294  -5.00    32    22    5.2  0.0233
   1   0.0980   0.0611  +7.50   -21   -17    1.9  0.0930
   2   0.1039  -0.0009  +8.00    48    48    2.4  0.0972
   3   0.0523  -0.0059  -4.00    38    48    5.2  0.0154
   4   0.1957   0.0992  -1.50   -16     7    2.0  0.1893
   5   0.1944  -0.0032  -8.00   -21    28    3.2  0.1877
   6   0.4410   0.0376  -8.00   -39    33    2.1  0.4284

[resumen] NCC a level 0, señal  : medio 0.1622, mediana 0.1039, rango 0.0503..0.4410
[resumen] NCC a level 0, control: medio 0.0310, mediana 0.0294, máximo 0.0992
[resumen] separación señal-control: 3.6 sd del control; ventanas con señal > máximo del control: 4/7

[out] /media/administrador/Storage1/sdonoso/clam_testing2/oncomets-ernesto/sprints/B8_sprint8/anotaciones_patologo/regiones_escaneo/128605_registro_level0.png  (izq = región 0 en (26496,45376), der = lo mejor que se encontró en la región 1, NCC 0.4410)
[out] /media/administrador/Storage1/sdonoso/clam_testing2/oncomets-ernesto/sprints/B8_sprint8/anotaciones_patologo/regiones_escaneo/registro_128605.json
