[silueta] level 6 (downsample 64), miniatura 500x440
[silueta] NCC sin registrar 0.9973, registrada 0.9974 (dx=0 dy=128 px de level 0)
[silueta] control contra la región 1 espejada: -0.7447
[silueta] OJO: esta medida la domina el CONTORNO del tejido, no las células. Dos secciones seriadas del mismo bloque también la pasan.

[etapa A] 5 ventanas de 1024 px (476 µm) repartidas en grilla 4x4; búsqueda ±2048 px (952 µm) a level 2
vent      x0      y0      NCC      dx      dy     sd     2do
   0   25024   17664   0.1145   -1548    -120    3.5  0.1115
   1   23680   16640   0.1401     956    -448    2.7  0.1329
   2   22144   13696   0.1529    1144    -348    3.9  0.1482
   3   24512   12160   0.1112    -476    -708    5.2  0.0826

[rígido] ajuste con 4 ventanas sobre 2.9 mm de vidrio: rotación +7.260°, escala 0.89314
[rígido] residuo: RMS 1048 px = 488 µm, máximo 568 µm

[etapa B] level 0, plantilla 512 px (238 µm), residual ±48 px, rotación ±8.0° en pasos de 0.5°
vent      NCC     ctrl      θ    dx    dy     sd     2do
   0   0.0938  -0.0062  +6.50   -48    32    3.0  0.0704
   1   0.1187   0.0724  +5.50    48    30    4.4  0.1058
   2   0.0600   0.0454  -1.00    48   -22    3.7  0.0426
   3   0.2637   0.0767  +7.00    40    13    5.8  0.1751

[resumen] NCC a level 0, señal  : medio 0.1341, mediana 0.1063, rango 0.0600..0.2637
[resumen] NCC a level 0, control: medio 0.0471, mediana 0.0589, máximo 0.0767
[resumen] separación señal-control: 2.6 sd del control; ventanas con señal > máximo del control: 3/4

[out] /media/administrador/Storage1/sdonoso/clam_testing2/oncomets-ernesto/sprints/B8_sprint8/anotaciones_patologo/regiones_escaneo/128696_registro_level0.png  (izq = región 0 en (24768,12416), der = lo mejor que se encontró en la región 1, NCC 0.2637)
[out] /media/administrador/Storage1/sdonoso/clam_testing2/oncomets-ernesto/sprints/B8_sprint8/anotaciones_patologo/regiones_escaneo/registro_128696.json
