[silueta] level 6 (downsample 64), miniatura 340x420
[silueta] NCC sin registrar 0.7787, registrada 0.7787 (dx=0 dy=0 px de level 0)
[silueta] control contra la región 1 espejada: -0.1298
[silueta] OJO: esta medida la domina el CONTORNO del tejido, no las células. Dos secciones seriadas del mismo bloque también la pasan.

[etapa A] 8 ventanas de 1024 px (476 µm) repartidas en grilla 4x4; búsqueda ±2048 px (952 µm) a level 2
vent      x0      y0      NCC      dx      dy     sd     2do
   0   18368   17024   0.0785    1696   -2000    2.6  0.0779
   1   11392   14464   0.1704   -2040   -1384    2.6  0.1536
   2   10048   13440   0.0833   -1336    -884    3.1  0.0782
   3   10048   13376   0.1188     176    -432    2.4  0.1178
   4   14976   12352   0.0907   -1288    1020    4.1  0.0881
   5   16320    5632   0.2029    2024   -1408    4.3  0.1826
   6   15488    6656   0.3567     -64    1196    2.6  0.3385
   7   10048   23744   0.2702    1332    1240    3.3  0.2549

[rígido] ajuste con 8 ventanas sobre 9.3 mm de vidrio: rotación -1.901°, escala 1.07067
[rígido] residuo: RMS 1819 px = 846 µm, máximo 1087 µm

[etapa B] level 0, plantilla 512 px (238 µm), residual ±48 px, rotación ±8.0° en pasos de 0.5°
vent      NCC     ctrl      θ    dx    dy     sd     2do
   0   0.0619   0.0625  +0.00    37   -22    2.5  0.0588
   1   0.0979   0.0749  -8.00   -23   -45    3.0  0.0924
   2   0.0419   0.0516  -7.50    46    24    4.2  0.0290
   3   0.0424  -0.0121  +4.50   -36    40    3.7  0.0399
   4   0.0632   0.0590  +0.00     3    45    2.9  0.0626
   5   0.0656   0.0078  +7.50   -48    44    3.1  0.0632
   6   0.0483   0.0359  +0.00     5   -36    3.7  0.0421
   7   0.1979  -0.0054  +7.00    26    36    3.5  0.1863

[resumen] NCC a level 0, señal  : medio 0.0774, mediana 0.0626, rango 0.0419..0.1979
[resumen] NCC a level 0, control: medio 0.0343, mediana 0.0438, máximo 0.0749
[resumen] separación señal-control: 1.4 sd del control; ventanas con señal > máximo del control: 2/8

[out] /media/administrador/Storage1/sdonoso/clam_testing2/oncomets-ernesto/sprints/B8_sprint8/anotaciones_patologo/regiones_escaneo/128774-2_registro_level0.png  (izq = región 0 en (10304,24000), der = lo mejor que se encontró en la región 1, NCC 0.1979)
[out] /media/administrador/Storage1/sdonoso/clam_testing2/oncomets-ernesto/sprints/B8_sprint8/anotaciones_patologo/regiones_escaneo/registro_128774-2.json
