[silueta] level 6 (downsample 64), miniatura 480x420
[silueta] NCC sin registrar 0.9854, registrada 0.9882 (dx=0 dy=1536 px de level 0)
[silueta] control contra la región 1 espejada: -0.8811
[silueta] OJO: esta medida la domina el CONTORNO del tejido, no las células. Dos secciones seriadas del mismo bloque también la pasan.

[etapa A] 7 ventanas de 1024 px (476 µm) repartidas en grilla 4x4; búsqueda ±2048 px (952 µm) a level 2
vent      x0      y0      NCC      dx      dy     sd     2do
   0   26624   48000   0.4599   -1632   -1316    4.8  0.4273
   2   23040   54720   0.1761   -1672   -1112    2.6  0.1758
   3   23040   54656   0.2033     840     488    2.9  0.1950
   4   26112   41216   0.1081    1068   -1920    3.0  0.1001
   5   25600   54720   0.1747     180    -556    2.5  0.1704
   6   25088   47936   0.7666   -1468   -1192    3.1  0.7487

[rígido] ajuste con 6 ventanas sobre 6.5 mm de vidrio: rotación +0.542°, escala 1.10691
[rígido] residuo: RMS 1277 px = 594 µm, máximo 843 µm

[etapa B] level 0, plantilla 512 px (238 µm), residual ±48 px, rotación ±8.0° en pasos de 0.5°
vent      NCC     ctrl      θ    dx    dy     sd     2do
   0   0.5673   0.1413  -6.50    48    23    7.2  0.4108
   2   0.0547   0.0676  -6.00    43   -45    4.4  0.0435
   3   0.0791   0.0482  -6.00    15    24    4.1  0.0730
   4   0.0795   0.0410  +1.50     0    -8    3.4  0.0567
   5   0.0278   0.0615  +8.00   -10    37    3.2  0.0171
   6   0.5981   0.1056  +0.00    38   -48    2.1  0.5907

[resumen] NCC a level 0, señal  : medio 0.2344, mediana 0.0793, rango 0.0278..0.5981
[resumen] NCC a level 0, control: medio 0.0775, mediana 0.0645, máximo 0.1413
[resumen] separación señal-control: 4.5 sd del control; ventanas con señal > máximo del control: 2/6

[out] /media/administrador/Storage1/sdonoso/clam_testing2/oncomets-ernesto/sprints/B8_sprint8/anotaciones_patologo/regiones_escaneo/128771_registro_level0.png  (izq = región 0 en (25344,48192), der = lo mejor que se encontró en la región 1, NCC 0.5981)
[out] /media/administrador/Storage1/sdonoso/clam_testing2/oncomets-ernesto/sprints/B8_sprint8/anotaciones_patologo/regiones_escaneo/registro_128771.json
