[silueta] level 6 (downsample 64), miniatura 740x640
[silueta] NCC sin registrar 0.8619, registrada 0.8631 (dx=0 dy=-512 px de level 0)
[silueta] control contra la región 1 espejada: -0.1002
[silueta] OJO: esta medida la domina el CONTORNO del tejido, no las células. Dos secciones seriadas del mismo bloque también la pasan.

[etapa A] 8 ventanas de 1024 px (476 µm) repartidas en grilla 4x4; búsqueda ±2048 px (952 µm) a level 2
vent      x0      y0      NCC      dx      dy     sd     2do
   0   17984   32768   0.0809    1292    2040    4.0  0.0758
   1   35520   30720   0.1357    1072    -932    3.2  0.1321
   2   33408   30720   0.2520    -308    1236    3.8  0.2269
   3   36032   22528   0.0884     980   -1032    3.9  0.0864
   4   19008   21504   0.1936     416     868    4.2  0.1890
   5   34432   20992   0.2864    1548   -1516    2.8  0.2848
   6   29824   16896   0.1306     280    -472    2.7  0.1292
   7   37568   10752   0.1961    1352    1172    2.4  0.1886

[rígido] ajuste con 8 ventanas sobre 13.7 mm de vidrio: rotación -2.261°, escala 1.02154
[rígido] residuo: RMS 1284 px = 597 µm, máximo 844 µm

[etapa B] level 0, plantilla 512 px (238 µm), residual ±48 px, rotación ±8.0° en pasos de 0.5°
vent      NCC     ctrl      θ    dx    dy     sd     2do
   0   0.0781   0.0160  +1.00   -11    13    3.4  0.0655
   1   0.1402   0.0192  -5.50    27    -2    3.0  0.1328
   2   0.2134   0.0286  +0.00   -32    34    3.3  0.1837
   3   0.0420   0.0286  +2.00    22    36    3.7  0.0279
   4   0.0300  -0.0351  -8.00   -28    47    3.2  0.0204
   5   0.2234   0.0829  -8.00    14   -34    3.8  0.2068
   6   0.0573   0.0332  -6.00   -46   -19    4.5  0.0431
   7   0.1660   0.0808  +8.00    22    41    3.4  0.1420

[resumen] NCC a level 0, señal  : medio 0.1188, mediana 0.1091, rango 0.0300..0.2234
[resumen] NCC a level 0, control: medio 0.0318, mediana 0.0286, máximo 0.0829
[resumen] separación señal-control: 2.5 sd del control; ventanas con señal > máximo del control: 4/8

[out] /media/administrador/Storage1/sdonoso/clam_testing2/oncomets-ernesto/sprints/B8_sprint8/anotaciones_patologo/regiones_escaneo/129440_registro_level0.png  (izq = región 0 en (34688,21248), der = lo mejor que se encontró en la región 1, NCC 0.2234)
[out] /media/administrador/Storage1/sdonoso/clam_testing2/oncomets-ernesto/sprints/B8_sprint8/anotaciones_patologo/regiones_escaneo/registro_129440.json
