[silueta] level 6 (downsample 64), miniatura 660x560
[silueta] NCC sin registrar 0.9677, registrada 0.9700 (dx=0 dy=576 px de level 0)
[silueta] control contra la región 1 espejada: -0.1953
[silueta] OJO: esta medida la domina el CONTORNO del tejido, no las células. Dos secciones seriadas del mismo bloque también la pasan.

[etapa A] 8 ventanas de 1024 px (476 µm) repartidas en grilla 4x4; búsqueda ±2048 px (952 µm) a level 2
vent      x0      y0      NCC      dx      dy     sd     2do
   0   19776   78080   0.2148     244    -516    6.3  0.1361
   1   22144   73728   0.3423    -152    -604    4.5  0.2801
   2    9216   72704   0.2222    -176     524    4.7  0.1567
   3   34752   67072   0.3403    -568   -1512    5.3  0.2487
   4   31680   59136   0.1933   -1332   -1112    5.5  0.1407
   5   32704   52736   0.1392    1100     904    4.7  0.1351
   6   17728   74752   0.1179     560    -668    3.9  0.1069
   7   30848   59136   0.1123   -1308   -1068    4.1  0.0983

[rígido] ajuste con 8 ventanas sobre 16.7 mm de vidrio: rotación -1.582°, escala 0.98040
[rígido] residuo: RMS 1036 px = 482 µm, máximo 1061 µm

[etapa B] level 0, plantilla 512 px (238 µm), residual ±48 px, rotación ±8.0° en pasos de 0.5°
vent      NCC     ctrl      θ    dx    dy     sd     2do
   0   0.2049   0.1001  -4.00     3    13    5.1  0.1302
   1   0.2841   0.0417  -4.50     5    13    3.8  0.2383
   2   0.1856   0.0808  -4.50    47   -13    8.2  0.0825
   3   0.2766   0.0324  -3.00     0     2    6.0  0.1801
   4   0.2869   0.0197  -5.50    24     8    2.8  0.2366
   5   0.0241  -0.0032  +2.50   -32   -42    4.1  0.0184
   6   0.1554   0.0617  +0.00    -6    -8    2.7  0.1452
   7   0.1840   0.0324  -5.50     7    43    5.2  0.1311

[resumen] NCC a level 0, señal  : medio 0.2002, mediana 0.1953, rango 0.0241..0.2869
[resumen] NCC a level 0, control: medio 0.0457, mediana 0.0371, máximo 0.1001
[resumen] separación señal-control: 4.9 sd del control; ventanas con señal > máximo del control: 7/8

[out] /media/administrador/Storage1/sdonoso/clam_testing2/oncomets-ernesto/sprints/B8_sprint8/anotaciones_patologo/regiones_escaneo/129500_registro_level0.png  (izq = región 0 en (31936,59392), der = lo mejor que se encontró en la región 1, NCC 0.2869)
[out] /media/administrador/Storage1/sdonoso/clam_testing2/oncomets-ernesto/sprints/B8_sprint8/anotaciones_patologo/regiones_escaneo/registro_129500.json
