[silueta] level 6 (downsample 64), miniatura 580x560
[silueta] NCC sin registrar 0.9860, registrada 0.9863 (dx=0 dy=384 px de level 0)
[silueta] control contra la región 1 espejada: -0.3343
[silueta] OJO: esta medida la domina el CONTORNO del tejido, no las células. Dos secciones seriadas del mismo bloque también la pasan.

[etapa A] 8 ventanas de 1024 px (476 µm) repartidas en grilla 4x4; búsqueda ±2048 px (952 µm) a level 2
vent      x0      y0      NCC      dx      dy     sd     2do
   0   18560   69888   0.0995    -412    -808    7.2  0.0530
   1   17984   54272   0.0684    -744   -1840    3.6  0.0653
   2   18496   69888   0.0955    -412    -808    6.9  0.0565
   3   19072   55808   0.1129     900     -64    5.8  0.0927
   4   14912   52992   0.2063     980    -128    5.8  0.1024
   7   18560   49408   0.5011    1076     176    4.7  0.3675

[rígido] ajuste con 6 ventanas sobre 9.7 mm de vidrio: rotación +3.392°, escala 0.97135
[rígido] residuo: RMS 867 px = 403 µm, máximo 866 µm

[etapa B] level 0, plantilla 512 px (238 µm), residual ±48 px, rotación ±8.0° en pasos de 0.5°
vent      NCC     ctrl      θ    dx    dy     sd     2do
   0   0.3997   0.0440  +6.00    17   -25   13.1  0.1229
   1   0.0550   0.0377  -6.50    32   -44    2.9  0.0517
   2   0.4035   0.0607  +6.00    16   -31   14.5  0.1156
   3   0.1857   0.0620  +2.00    -2    -7    2.5  0.1708
   4   0.2498   0.0484  +0.00    -3    -2    4.4  0.1750
   7   0.1913   0.0532  +7.00    19    22    3.3  0.1585

[resumen] NCC a level 0, señal  : medio 0.2475, mediana 0.2206, rango 0.0550..0.4035
[resumen] NCC a level 0, control: medio 0.0510, mediana 0.0508, máximo 0.0620
[resumen] separación señal-control: 22.6 sd del control; ventanas con señal > máximo del control: 5/6

[out] /media/administrador/Storage1/sdonoso/clam_testing2/oncomets-ernesto/sprints/B8_sprint8/anotaciones_patologo/regiones_escaneo/129749_registro_level0.png  (izq = región 0 en (18752,70144), der = lo mejor que se encontró en la región 1, NCC 0.4035)
[out] /media/administrador/Storage1/sdonoso/clam_testing2/oncomets-ernesto/sprints/B8_sprint8/anotaciones_patologo/regiones_escaneo/registro_129749.json
