[silueta] level 6 (downsample 64), miniatura 660x740
[silueta] NCC sin registrar 0.9589, registrada 0.9652 (dx=0 dy=-1536 px de level 0)
[silueta] control contra la región 1 espejada: -0.2008
[silueta] OJO: esta medida la domina el CONTORNO del tejido, no las células. Dos secciones seriadas del mismo bloque también la pasan.

[etapa A] 8 ventanas de 1024 px (476 µm) repartidas en grilla 4x4; búsqueda ±2048 px (952 µm) a level 2
vent      x0      y0      NCC      dx      dy     sd     2do
   0   19776   40128   0.1033   -1348    1784    3.6  0.0991
   1   25728   29312   0.0786   -1472     844    5.3  0.0744
   3   16192   10240   0.1054     752    1748    5.8  0.0748
   4   33216    7680   0.1386     772     868    2.6  0.1361
   5   37312   37568   0.0860    -232    1320    3.2  0.0789
   6    9216   14912   0.1364   -1140    -192    3.7  0.1315
   7   16192   26240   0.0775   -1892     448    3.1  0.0749

[rígido] ajuste con 7 ventanas sobre 20.0 mm de vidrio: rotación +2.270°, escala 1.02775
[rígido] residuo: RMS 947 px = 440 µm, máximo 805 µm

[etapa B] level 0, plantilla 512 px (238 µm), residual ±48 px, rotación ±8.0° en pasos de 0.5°
vent      NCC     ctrl      θ    dx    dy     sd     2do
   0   0.0732  -0.0041  -7.00    30    24    4.9  0.0518
   1   0.0899   0.0418  -7.50   -26    25    4.2  0.0788
   3   0.3142   0.0326  +3.00    15    12   11.6  0.1219
   4   0.0766   0.0513  -8.00   -20    47    3.6  0.0755
   5   0.0591   0.0276  -7.50   -39   -26    3.1  0.0533
   6   0.0657   0.0404  +0.00   -44    48    2.8  0.0580
   7   0.0274   0.0427  +0.00   -19   -39    3.7  0.0248

[resumen] NCC a level 0, señal  : medio 0.1009, mediana 0.0732, rango 0.0274..0.3142
[resumen] NCC a level 0, control: medio 0.0332, mediana 0.0404, máximo 0.0513
[resumen] separación señal-control: 4.0 sd del control; ventanas con señal > máximo del control: 6/7

[out] /media/administrador/Storage1/sdonoso/clam_testing2/oncomets-ernesto/sprints/B8_sprint8/anotaciones_patologo/regiones_escaneo/129743_registro_level0.png  (izq = región 0 en (16448,10496), der = lo mejor que se encontró en la región 1, NCC 0.3142)
[out] /media/administrador/Storage1/sdonoso/clam_testing2/oncomets-ernesto/sprints/B8_sprint8/anotaciones_patologo/regiones_escaneo/registro_129743.json
