[silueta] level 6 (downsample 64), miniatura 600x540
[silueta] NCC sin registrar 0.9378, registrada 0.9722 (dx=0 dy=1472 px de level 0)
[silueta] control contra la región 1 espejada: -0.2300
[silueta] OJO: esta medida la domina el CONTORNO del tejido, no las células. Dos secciones seriadas del mismo bloque también la pasan.

[etapa A] 8 ventanas de 1024 px (476 µm) repartidas en grilla 4x4; búsqueda ±2048 px (952 µm) a level 2
vent      x0      y0      NCC      dx      dy     sd     2do
   0   22272   74560   0.2315    -444   -1632   14.1  0.0693
   1   14720   74560   0.2116    -472   -2012   10.3  0.0792
   2   31872   65920   0.1894     -12   -1116    8.4  0.0922
   3   19200   65920   0.2583    -116   -1864    8.1  0.1123
   4   10624   65920   0.0787    -812    1992    5.2  0.0651
   5   36992   57280   0.2077     344    -844   11.0  0.0752
   6   27392   57280   0.1634     260   -1392    6.8  0.0891
   7   13696   57280   0.0788   -1400    1788    4.1  0.0744

[rígido] ajuste con 8 ventanas sobre 14.7 mm de vidrio: rotación -2.642°, escala 0.99911
[rígido] residuo: RMS 1513 px = 703 µm, máximo 1010 µm

[etapa B] level 0, plantilla 512 px (238 µm), residual ±48 px, rotación ±8.0° en pasos de 0.5°
vent      NCC     ctrl      θ    dx    dy     sd     2do
   0   0.4472   0.0610  +2.50    -6    -8   10.2  0.1507
   1   0.3438   0.0590  +2.00     5     4    7.2  0.1449
   2   0.2673   0.0459  +2.00    -7     0    9.7  0.1205
   3   0.3712   0.0178  +2.00     6     8    9.5  0.2007
   4  -0.0014   0.0294  -8.00   -47    28    3.5 -0.0066
   5   0.3953   0.0644  +2.00     1     2    9.9  0.1376
   6   0.3131   0.0222  +2.50    -2    -5   10.2  0.1283
   7   0.0563   0.0696  +0.00    10   -48    3.0  0.0530

[resumen] NCC a level 0, señal  : medio 0.2741, mediana 0.3285, rango -0.0014..0.4472
[resumen] NCC a level 0, control: medio 0.0462, mediana 0.0525, máximo 0.0696
[resumen] separación señal-control: 11.9 sd del control; ventanas con señal > máximo del control: 6/8

[out] /media/administrador/Storage1/sdonoso/clam_testing2/oncomets-ernesto/sprints/B8_sprint8/anotaciones_patologo/regiones_escaneo/136370_registro_level0.png  (izq = región 0 en (22528,74816), der = lo mejor que se encontró en la región 1, NCC 0.4472)
[out] /media/administrador/Storage1/sdonoso/clam_testing2/oncomets-ernesto/sprints/B8_sprint8/anotaciones_patologo/regiones_escaneo/registro_136370.json
