[silueta] level 6 (downsample 64), miniatura 460x480
[silueta] NCC sin registrar 0.9936, registrada 0.9937 (dx=0 dy=-256 px de level 0)
[silueta] control contra la región 1 espejada: -0.2877
[silueta] OJO: esta medida la domina el CONTORNO del tejido, no las células. Dos secciones seriadas del mismo bloque también la pasan.

[etapa A] 4 ventanas de 1024 px (476 µm) repartidas en grilla 4x4; búsqueda ±2048 px (952 µm) a level 2
vent      x0      y0      NCC      dx      dy     sd     2do
   0   25664   16384   0.1289    -488    -504    2.8  0.1256
   1   25664   14848   0.2148    1444    -416    2.6  0.2085
   2   26688    6656   0.1291    1428   -1604    2.8  0.1252

[rígido] ajuste con 3 ventanas sobre 4.5 mm de vidrio: rotación +5.797°, escala 1.13966
[rígido] residuo: RMS 734 px = 341 µm, máximo 449 µm

[etapa B] level 0, plantilla 512 px (238 µm), residual ±48 px, rotación ±8.0° en pasos de 0.5°
vent      NCC     ctrl      θ    dx    dy     sd     2do
   0   0.1127   0.0502  +7.50    33    -9    2.4  0.0983
   1   0.1154   0.0775  -8.00   -11    35    3.4  0.1018
   2   0.1093   0.0132  +5.50    -5    46    2.3  0.1086

[resumen] NCC a level 0, señal  : medio 0.1125, mediana 0.1127, rango 0.1093..0.1154
[resumen] NCC a level 0, control: medio 0.0470, mediana 0.0502, máximo 0.0775
[resumen] separación señal-control: 2.5 sd del control; ventanas con señal > máximo del control: 3/3

[out] /media/administrador/Storage1/sdonoso/clam_testing2/oncomets-ernesto/sprints/B8_sprint8/anotaciones_patologo/regiones_escaneo/137969_registro_level0.png  (izq = región 0 en (25920,15104), der = lo mejor que se encontró en la región 1, NCC 0.1154)
[out] /media/administrador/Storage1/sdonoso/clam_testing2/oncomets-ernesto/sprints/B8_sprint8/anotaciones_patologo/regiones_escaneo/registro_137969.json
