[silueta] level 6 (downsample 64), miniatura 520x480
[silueta] NCC sin registrar 0.8974, registrada 0.8974 (dx=0 dy=0 px de level 0)
[silueta] control contra la región 1 espejada: -0.3379
[silueta] OJO: esta medida la domina el CONTORNO del tejido, no las células. Dos secciones seriadas del mismo bloque también la pasan.

[etapa A] 8 ventanas de 1024 px (476 µm) repartidas en grilla 4x4; búsqueda ±2048 px (952 µm) a level 2
vent      x0      y0      NCC      dx      dy     sd     2do
   0   17664   23040   0.1237     596    -780    3.8  0.1230
   1   25472   15360   0.0954    1688    1948    3.4  0.0887
   2   20224   15360   0.0885    1260    -520    3.4  0.0850
   3   14464   15360   0.0746     892   -1352    3.5  0.0722
   4   13952   12800   0.0576   -1168    1332    3.1  0.0516
   5   22784    8704   0.1398    -460    1988    3.0  0.1243
   6   27008    8192   0.1331   -1300   -1972    3.2  0.1293
   7   28544    4096   0.1720     116    -336    2.6  0.1680

[rígido] ajuste con 8 ventanas sobre 11.1 mm de vidrio: rotación -2.837°, escala 0.98998
[rígido] residuo: RMS 1717 px = 799 µm, máximo 1193 µm

[etapa B] level 0, plantilla 512 px (238 µm), residual ±48 px, rotación ±8.0° en pasos de 0.5°
vent      NCC     ctrl      θ    dx    dy     sd     2do
   0   0.1155   0.0733  -1.00    -4     0    3.7  0.1125
   1   0.0841   0.0032  -8.00   -38    -4    3.1  0.0778
   2   0.1022   0.0169  +0.00    -2    -2    3.2  0.0938
   3   0.0493   0.0594  +4.50   -46    -6    3.5  0.0427
   4   0.0484   0.0566  -7.50    48    16    3.1  0.0393
   5   0.0942   0.0839  +6.00   -48    46    3.2  0.0818
   6   0.0836   0.0783  +2.50     3     0    4.3  0.0668
   7   0.1382   0.0250  +0.50    13   -14    4.1  0.1219

[resumen] NCC a level 0, señal  : medio 0.0894, mediana 0.0892, rango 0.0484..0.1382
[resumen] NCC a level 0, control: medio 0.0496, mediana 0.0580, máximo 0.0839
[resumen] separación señal-control: 1.4 sd del control; ventanas con señal > máximo del control: 5/8

[out] /media/administrador/Storage1/sdonoso/clam_testing2/oncomets-ernesto/sprints/B8_sprint8/anotaciones_patologo/regiones_escaneo/137973-1_registro_level0.png  (izq = región 0 en (28800,4352), der = lo mejor que se encontró en la región 1, NCC 0.1382)
[out] /media/administrador/Storage1/sdonoso/clam_testing2/oncomets-ernesto/sprints/B8_sprint8/anotaciones_patologo/regiones_escaneo/registro_137973-1.json
