[silueta] level 6 (downsample 64), miniatura 400x420
[silueta] NCC sin registrar 0.9927, registrada 0.9930 (dx=0 dy=256 px de level 0)
[silueta] control contra la región 1 espejada: -0.9075
[silueta] OJO: esta medida la domina el CONTORNO del tejido, no las células. Dos secciones seriadas del mismo bloque también la pasan.

[etapa A] 7 ventanas de 1024 px (476 µm) repartidas en grilla 4x4; búsqueda ±2048 px (952 µm) a level 2
vent      x0      y0      NCC      dx      dy     sd     2do
   1   21760   54976   0.1123     940    -816    2.2  0.1092
   2   18432   40000   0.2336     448    -440    4.7  0.1505
   3   21248   33280   0.1439    -260    1552    3.3  0.1406
   4   22272   43072   0.1648    1636    -288    2.2  0.1595
   5   13824   44160   0.5264     444    -672    5.8  0.2768
   6   18432   52928   0.1919      -4    -104    5.0  0.1003

[rígido] ajuste con 6 ventanas sobre 10.8 mm de vidrio: rotación -0.501°, escala 0.94652
[rígido] residuo: RMS 905 px = 421 µm, máximo 601 µm

[etapa B] level 0, plantilla 512 px (238 µm), residual ±48 px, rotación ±8.0° en pasos de 0.5°
vent      NCC     ctrl      θ    dx    dy     sd     2do
   1   0.1032   0.0358  +4.00     3   -13    3.4  0.0948
   2   0.2144   0.0240  +1.50     5     3   15.2  0.0773
   3   0.0340  -0.0168  -8.00    37    20    6.1  0.0220
   4   0.0909   0.0245  +3.00     8    43    2.9  0.0864
   5   0.4857   0.1161  +1.00     0    -1    5.1  0.3665
   6   0.2620  -0.0245  +2.00    -4    -6    4.2  0.2111

[resumen] NCC a level 0, señal  : medio 0.1984, mediana 0.1588, rango 0.0340..0.4857
[resumen] NCC a level 0, control: medio 0.0265, mediana 0.0243, máximo 0.1161
[resumen] separación señal-control: 3.8 sd del control; ventanas con señal > máximo del control: 3/6

[out] /media/administrador/Storage1/sdonoso/clam_testing2/oncomets-ernesto/sprints/B8_sprint8/anotaciones_patologo/regiones_escaneo/141560_registro_level0.png  (izq = región 0 en (14080,44416), der = lo mejor que se encontró en la región 1, NCC 0.4857)
[out] /media/administrador/Storage1/sdonoso/clam_testing2/oncomets-ernesto/sprints/B8_sprint8/anotaciones_patologo/regiones_escaneo/registro_141560.json
