[silueta] level 6 (downsample 64), miniatura 460x360
[silueta] NCC sin registrar 0.9253, registrada 0.9454 (dx=0 dy=1536 px de level 0)
[silueta] control contra la región 1 espejada: -0.2505
[silueta] OJO: esta medida la domina el CONTORNO del tejido, no las células. Dos secciones seriadas del mismo bloque también la pasan.

[etapa A] 8 ventanas de 1024 px (476 µm) repartidas en grilla 4x4; búsqueda ±2048 px (952 µm) a level 2
vent      x0      y0      NCC      dx      dy     sd     2do
   0   13504   44672   0.2206    1272     720    3.9  0.2139
   1   25152   39936   0.1124   -1832   -2040    2.8  0.1121
   2   16256   38400   0.1969     992    -456    4.1  0.1872
   3   22080   33664   0.1827    1432     612    3.5  0.1794
   4   21376   33152   0.2168    -312   -1796    3.2  0.2159
   5   11456   42496   0.1172    1980   -2000    5.0  0.0972

[rígido] ajuste con 6 ventanas sobre 8.3 mm de vidrio: rotación -3.321°, escala 0.88869
[rígido] residuo: RMS 1552 px = 722 µm, máximo 920 µm

[etapa B] level 0, plantilla 512 px (238 µm), residual ±48 px, rotación ±8.0° en pasos de 0.5°
vent      NCC     ctrl      θ    dx    dy     sd     2do
   0   0.3630   0.2966  -8.00   -15   -21    3.0  0.3505
   1   0.1402   0.0342  -2.50    33   -28    2.8  0.1313
   2   0.1119   0.0098  +0.50    48    -5    2.5  0.0957
   3   0.1032   0.0068  -3.50   -48   -48    3.6  0.0758
   4   0.1478   0.0495  -7.50    22    17    3.9  0.1268
   5   0.1873  -0.0359  +8.00   -48    18    2.2  0.1800

[resumen] NCC a level 0, señal  : medio 0.1756, mediana 0.1440, rango 0.1032..0.3630
[resumen] NCC a level 0, control: medio 0.0602, mediana 0.0220, máximo 0.2966
[resumen] separación señal-control: 1.1 sd del control; ventanas con señal > máximo del control: 1/6

[out] /media/administrador/Storage1/sdonoso/clam_testing2/oncomets-ernesto/sprints/B8_sprint8/anotaciones_patologo/regiones_escaneo/142432_registro_level0.png  (izq = región 0 en (13760,44928), der = lo mejor que se encontró en la región 1, NCC 0.3630)
[out] /media/administrador/Storage1/sdonoso/clam_testing2/oncomets-ernesto/sprints/B8_sprint8/anotaciones_patologo/regiones_escaneo/registro_142432.json
