[silueta] level 6 (downsample 64), miniatura 480x400
[silueta] NCC sin registrar 0.9535, registrada 0.9680 (dx=0 dy=768 px de level 0)
[silueta] control contra la región 1 espejada: -0.5166
[silueta] OJO: esta medida la domina el CONTORNO del tejido, no las células. Dos secciones seriadas del mismo bloque también la pasan.

[etapa A] 8 ventanas de 1024 px (476 µm) repartidas en grilla 4x4; búsqueda ±2048 px (952 µm) a level 2
vent      x0      y0      NCC      dx      dy     sd     2do
   0   24064   46080   0.3333      92    -596    6.8  0.1149
   1   18944   46080   0.3085     -12    -776    9.4  0.1269
   2   23040   44288   0.2158      96    -644    6.1  0.1379
   3   22016   39680   0.2541     404    -972    2.8  0.2345
   4   20480   34816   0.1513     812   -1188    5.8  0.0970
   6   27648   32000   0.1417     476   -1828    3.0  0.1385
   7   14848   34816   0.4425     752   -1528    2.9  0.4097

[rígido] ajuste con 7 ventanas sobre 8.8 mm de vidrio: rotación +1.781°, escala 1.04274
[rígido] residuo: RMS 393 px = 183 µm, máximo 346 µm

[etapa B] level 0, plantilla 512 px (238 µm), residual ±48 px, rotación ±8.0° en pasos de 0.5°
vent      NCC     ctrl      θ    dx    dy     sd     2do
   0   0.3965   0.0963  +1.50     0     4    9.8  0.1834
   1   0.3853   0.0550  -2.00    -1     2    6.2  0.2362
   2   0.2301   0.0299  +2.00     0    -8    8.2  0.1117
   3   0.2259   0.0387  +2.50   -11    13    9.4  0.1170
   4   0.2096   0.0141  +2.00     1     6    2.9  0.1975
   6   0.0657   0.0443  +1.50   -13    11    3.1  0.0601
   7   0.2899   0.0753  +5.00    -5     8    7.7  0.1532

[resumen] NCC a level 0, señal  : medio 0.2576, mediana 0.2301, rango 0.0657..0.3965
[resumen] NCC a level 0, control: medio 0.0505, mediana 0.0443, máximo 0.0963
[resumen] separación señal-control: 8.0 sd del control; ventanas con señal > máximo del control: 6/7

[out] /media/administrador/Storage1/sdonoso/clam_testing2/oncomets-ernesto/sprints/B8_sprint8/anotaciones_patologo/regiones_escaneo/142536_registro_level0.png  (izq = región 0 en (24320,46336), der = lo mejor que se encontró en la región 1, NCC 0.3965)
[out] /media/administrador/Storage1/sdonoso/clam_testing2/oncomets-ernesto/sprints/B8_sprint8/anotaciones_patologo/regiones_escaneo/registro_142536.json
