[silueta] level 6 (downsample 64), miniatura 440x400
[silueta] NCC sin registrar 0.9925, registrada 0.9979 (dx=0 dy=-768 px de level 0)
[silueta] control contra la región 1 espejada: -0.7727
[silueta] OJO: esta medida la domina el CONTORNO del tejido, no las células. Dos secciones seriadas del mismo bloque también la pasan.

[etapa A] 5 ventanas de 1024 px (476 µm) repartidas en grilla 4x4; búsqueda ±2048 px (952 µm) a level 2
vent      x0      y0      NCC      dx      dy     sd     2do
   0   24192   12800   0.2740     192     840    7.2  0.1256
   1   22656   12544   0.2096     200     860    6.2  0.0965
   2   22656    3072   0.1715     -56     732    3.7  0.1685
   3   20224   10496   0.2701     160     888    4.6  0.1703
   4   20736   12800   0.5305     200     892    4.4  0.3907

[rígido] ajuste con 5 ventanas sobre 4.9 mm de vidrio: rotación -1.445°, escala 1.01127
[rígido] residuo: RMS 28 px = 13 µm, máximo 19 µm

[etapa B] level 0, plantilla 512 px (238 µm), residual ±48 px, rotación ±8.0° en pasos de 0.5°
vent      NCC     ctrl      θ    dx    dy     sd     2do
   0   0.2049   0.0680  +0.00    -1     2    7.3  0.0923
   1   0.2535   0.0876  -1.00    -3    -1   13.8  0.0783
   2   0.1541   0.0603  -8.00   -35    48    5.2  0.1074
   3   0.2740   0.0808  -1.00    -3    -9    7.2  0.1854
   4   0.2527   0.0366  +0.00     1     1    7.7  0.1233

[resumen] NCC a level 0, señal  : medio 0.2279, mediana 0.2527, rango 0.1541..0.2740
[resumen] NCC a level 0, control: medio 0.0667, mediana 0.0680, máximo 0.0876
[resumen] separación señal-control: 9.1 sd del control; ventanas con señal > máximo del control: 5/5

[out] /media/administrador/Storage1/sdonoso/clam_testing2/oncomets-ernesto/sprints/B8_sprint8/anotaciones_patologo/regiones_escaneo/143091_registro_level0.png  (izq = región 0 en (20480,10752), der = lo mejor que se encontró en la región 1, NCC 0.2740)
[out] /media/administrador/Storage1/sdonoso/clam_testing2/oncomets-ernesto/sprints/B8_sprint8/anotaciones_patologo/regiones_escaneo/registro_143091.json
