[silueta] level 6 (downsample 64), miniatura 460x360
[silueta] NCC sin registrar 0.9918, registrada 0.9930 (dx=0 dy=-1216 px de level 0)
[silueta] control contra la región 1 espejada: -0.6723
[silueta] OJO: esta medida la domina el CONTORNO del tejido, no las células. Dos secciones seriadas del mismo bloque también la pasan.

[etapa A] 6 ventanas de 1024 px (476 µm) repartidas en grilla 4x4; búsqueda ±2048 px (952 µm) a level 2
vent      x0      y0      NCC      dx      dy     sd     2do
   1   21376   46080   0.0974   -1960     548    5.2  0.0861
   2   20864   50304   0.1145    -596    1504    3.8  0.1098
   4   24128   48128   0.0958   -1368    -748    4.5  0.0910
   5   22080   50816   0.1696     888     904    3.2  0.1648

[rígido] ajuste con 4 ventanas sobre 2.7 mm de vidrio: rotación -25.912°, escala 1.24439
[rígido] residuo: RMS 492 px = 229 µm, máximo 270 µm

[etapa B] level 0, plantilla 512 px (238 µm), residual ±48 px, rotación ±8.0° en pasos de 0.5°
vent      NCC     ctrl      θ    dx    dy     sd     2do
   1   0.0731   0.0309  -3.50   -44    13    7.7  0.0291
   2   0.0416   0.0465  +0.50    13   -43    5.2  0.0307
   4   0.0908  -0.0277  +5.00     3   -48    4.7  0.0570
   5   0.0312   0.0478  -6.00   -47    41    4.1  0.0152

[resumen] NCC a level 0, señal  : medio 0.0592, mediana 0.0574, rango 0.0312..0.0908
[resumen] NCC a level 0, control: medio 0.0244, mediana 0.0387, máximo 0.0478
[resumen] separación señal-control: 1.1 sd del control; ventanas con señal > máximo del control: 2/4

[out] /media/administrador/Storage1/sdonoso/clam_testing2/oncomets-ernesto/sprints/B8_sprint8/anotaciones_patologo/regiones_escaneo/144822_registro_level0.png  (izq = región 0 en (24384,48384), der = lo mejor que se encontró en la región 1, NCC 0.0908)
[out] /media/administrador/Storage1/sdonoso/clam_testing2/oncomets-ernesto/sprints/B8_sprint8/anotaciones_patologo/regiones_escaneo/registro_144822.json
