[silueta] level 6 (downsample 64), miniatura 520x360
[silueta] NCC sin registrar 0.9822, registrada 0.9822 (dx=0 dy=0 px de level 0)
[silueta] control contra la región 1 espejada: -0.6845
[silueta] OJO: esta medida la domina el CONTORNO del tejido, no las células. Dos secciones seriadas del mismo bloque también la pasan.

[etapa A] 7 ventanas de 1024 px (476 µm) repartidas en grilla 4x4; búsqueda ±2048 px (952 µm) a level 2
vent      x0      y0      NCC      dx      dy     sd     2do
   0   28800   17280   0.2655     304    -484    3.0  0.2563
   2   32384    5760   0.1006    -740    -900    3.0  0.0982
   3   32384    5632   0.1439    -660   -1548    3.0  0.1383
   4   26112   15104   0.2336   -1428   -1796    3.5  0.2089
   5   26112    8832   0.2222    -280   -1620    3.3  0.1888
   6   26112   17280   0.2156     348     232    2.7  0.2001

[rígido] ajuste con 6 ventanas sobre 6.2 mm de vidrio: rotación -2.435°, escala 1.04970
[rígido] residuo: RMS 870 px = 404 µm, máximo 693 µm

[etapa B] level 0, plantilla 512 px (238 µm), residual ±48 px, rotación ±8.0° en pasos de 0.5°
vent      NCC     ctrl      θ    dx    dy     sd     2do
   0   0.2862   0.0580  -2.50    -4    -2    2.6  0.2827
   2   0.0287   0.0498  -2.00   -29   -42    4.0  0.0162
   3   0.0714   0.0415  -1.00   -27   -17    4.5  0.0604
   4   0.2652   0.0626  +8.00    41    21    3.1  0.2408
   5   0.2657   0.0503  +8.00    40    32    5.6  0.1503
   6   0.1745   0.0485  +8.00    13    11    3.0  0.1636

[resumen] NCC a level 0, señal  : medio 0.1820, mediana 0.2198, rango 0.0287..0.2862
[resumen] NCC a level 0, control: medio 0.0518, mediana 0.0500, máximo 0.0626
[resumen] separación señal-control: 19.1 sd del control; ventanas con señal > máximo del control: 5/6

[out] /media/administrador/Storage1/sdonoso/clam_testing2/oncomets-ernesto/sprints/B8_sprint8/anotaciones_patologo/regiones_escaneo/145819_registro_level0.png  (izq = región 0 en (29056,17536), der = lo mejor que se encontró en la región 1, NCC 0.2862)
[out] /media/administrador/Storage1/sdonoso/clam_testing2/oncomets-ernesto/sprints/B8_sprint8/anotaciones_patologo/regiones_escaneo/registro_145819.json
