[silueta] level 6 (downsample 64), miniatura 480x420
[silueta] NCC sin registrar 0.9351, registrada 0.9511 (dx=0 dy=-1536 px de level 0)
[silueta] control contra la región 1 espejada: -0.8499
[silueta] OJO: esta medida la domina el CONTORNO del tejido, no las células. Dos secciones seriadas del mismo bloque también la pasan.

[etapa A] 8 ventanas de 1024 px (476 µm) repartidas en grilla 4x4; búsqueda ±2048 px (952 µm) a level 2
vent      x0      y0      NCC      dx      dy     sd     2do
   0   23552   20160   0.1388   -1844    1360    3.3  0.1352
   1   20480   16000   0.0511    1564   -1656    3.4  0.0472
   2   25600   14464   0.2717     176    1936    2.6  0.2681
   3   23040    7232   0.1171   -1324    1952    4.0  0.1147
   4   20480    6720   0.0815     -80     968    2.4  0.0754
   5   19968    5632   0.1070     456    2040    3.4  0.1054
   6   18432   23744   0.1400    1200    -580    3.7  0.1261

[rígido] ajuste con 7 ventanas sobre 9.1 mm de vidrio: rotación +0.547°, escala 0.86926
[rígido] residuo: RMS 1504 px = 699 µm, máximo 1203 µm

[etapa B] level 0, plantilla 512 px (238 µm), residual ±48 px, rotación ±8.0° en pasos de 0.5°
vent      NCC     ctrl      θ    dx    dy     sd     2do
   0   0.0302   0.0213  -8.00   -24     1    3.7  0.0277
   1   0.0473   0.0350  -8.00     8   -36    2.9  0.0416
   2   0.0562  -0.0353  +5.00   -27   -14    4.4  0.0503
   3   0.0718   0.0109  -8.00   -25    35    3.2  0.0712
   4   0.0329   0.0274  +0.00   -31   -14    3.0  0.0314
   5   0.0192   0.0786  +3.50    44    48    4.0  0.0081
   6   0.0898   0.0213  +7.50    29    -6    3.3  0.0847

[resumen] NCC a level 0, señal  : medio 0.0496, mediana 0.0473, rango 0.0192..0.0898
[resumen] NCC a level 0, control: medio 0.0227, mediana 0.0213, máximo 0.0786
[resumen] separación señal-control: 0.9 sd del control; ventanas con señal > máximo del control: 1/7

[out] /media/administrador/Storage1/sdonoso/clam_testing2/oncomets-ernesto/sprints/B8_sprint8/anotaciones_patologo/regiones_escaneo/145917_registro_level0.png  (izq = región 0 en (18688,24000), der = lo mejor que se encontró en la región 1, NCC 0.0898)
[out] /media/administrador/Storage1/sdonoso/clam_testing2/oncomets-ernesto/sprints/B8_sprint8/anotaciones_patologo/regiones_escaneo/registro_145917.json
