[silueta] level 6 (downsample 64), miniatura 500x420
[silueta] NCC sin registrar 0.9548, registrada 0.9827 (dx=0 dy=-1536 px de level 0)
[silueta] control contra la región 1 espejada: -0.6080
[silueta] OJO: esta medida la domina el CONTORNO del tejido, no las células. Dos secciones seriadas del mismo bloque también la pasan.

[etapa A] 8 ventanas de 1024 px (476 µm) repartidas en grilla 4x4; búsqueda ±2048 px (952 µm) a level 2
vent      x0      y0      NCC      dx      dy     sd     2do
   0   24000   14976   0.1687    -164    1652    3.0  0.1440
   1   22144   13952   0.2705    -196    1672    5.7  0.1537
   3   21120    7744   0.1000    -332    1560    2.6  0.0955
   5   24000   22720   0.1548    -108    1792    8.3  0.0789
   6   23168   21696   0.3329    -120    1772    6.0  0.1956
   7   15680   12864   0.2821    -296    1800    9.4  0.1223

[rígido] ajuste con 6 ventanas sobre 8.0 mm de vidrio: rotación -0.738°, escala 1.01469
[rígido] residuo: RMS 37 px = 17 µm, máximo 29 µm

[etapa B] level 0, plantilla 512 px (238 µm), residual ±48 px, rotación ±8.0° en pasos de 0.5°
vent      NCC     ctrl      θ    dx    dy     sd     2do
   0   0.1270   0.0529  -1.00     4     1    4.3  0.0820
   1   0.3685   0.0672  -1.50     8    -2    9.2  0.1772
   3   0.1565   0.0387  -1.50     6    10   13.2  0.0622
   5   0.1581   0.0347  -1.50     5    -7    7.3  0.0636
   6   0.2983   0.0575  -1.50    -1    -5   11.2  0.0852
   7   0.3815   0.0903  +0.00    -1    -6    3.1  0.3428

[resumen] NCC a level 0, señal  : medio 0.2483, mediana 0.2282, rango 0.1270..0.3815
[resumen] NCC a level 0, control: medio 0.0569, mediana 0.0552, máximo 0.0903
[resumen] separación señal-control: 10.3 sd del control; ventanas con señal > máximo del control: 6/6

[out] /media/administrador/Storage1/sdonoso/clam_testing2/oncomets-ernesto/sprints/B8_sprint8/anotaciones_patologo/regiones_escaneo/145913_registro_level0.png  (izq = región 0 en (15936,13120), der = lo mejor que se encontró en la región 1, NCC 0.3815)
[out] /media/administrador/Storage1/sdonoso/clam_testing2/oncomets-ernesto/sprints/B8_sprint8/anotaciones_patologo/regiones_escaneo/registro_145913.json
