[silueta] level 6 (downsample 64), miniatura 540x440
[silueta] NCC sin registrar 0.9862, registrada 0.9959 (dx=0 dy=1472 px de level 0)
[silueta] control contra la región 1 espejada: -0.2838
[silueta] OJO: esta medida la domina el CONTORNO del tejido, no las células. Dos secciones seriadas del mismo bloque también la pasan.

[etapa A] 8 ventanas de 1024 px (476 µm) repartidas en grilla 4x4; búsqueda ±2048 px (952 µm) a level 2
vent      x0      y0      NCC      dx      dy     sd     2do
   0   30272   21120   0.2158      80   -1564    5.5  0.1596
   1   27712   15104   0.1266     -12   -1524    9.4  0.0595
   2   26240   14080   0.1311      -4   -1500    3.4  0.1157
   3   25728   13696   0.2354       8   -1500    6.6  0.1222
   4   27200    7552   0.2097     244   -1356    5.9  0.0924
   5   21632   23168   0.4380     292   -1320    6.6  0.2328
   6   26240    6656   0.4648     280   -1364    7.1  0.2135
   7   32832    6656   0.4407     236   -1264    6.0  0.2544

[rígido] ajuste con 8 ventanas sobre 9.3 mm de vidrio: rotación +0.247°, escala 0.99290
[rígido] residuo: RMS 154 px = 71 µm, máximo 116 µm

[etapa B] level 0, plantilla 512 px (238 µm), residual ±48 px, rotación ±8.0° en pasos de 0.5°
vent      NCC     ctrl      θ    dx    dy     sd     2do
   0   0.1801   0.0330  +1.00   -17   -14    4.7  0.1447
   1   0.1413   0.0321  -1.50     7     0   14.9  0.0476
   2   0.0595   0.0268  +1.50    16     5    6.6  0.0362
   3   0.0969   0.0186  +0.00    -2    -7    7.4  0.0704
   4   0.2052   0.0439  +1.50     3     3    6.5  0.1250
   5   0.4206   0.0100  -1.00    -4    -7    4.4  0.2815
   6   0.5009   0.0970  +1.00     1     1    9.7  0.3203
   7   0.4710   0.0589  +1.00     0    -1    6.9  0.3130

[resumen] NCC a level 0, señal  : medio 0.2594, mediana 0.1927, rango 0.0595..0.5009
[resumen] NCC a level 0, control: medio 0.0400, mediana 0.0325, máximo 0.0970
[resumen] separación señal-control: 8.6 sd del control; ventanas con señal > máximo del control: 6/8

[out] /media/administrador/Storage1/sdonoso/clam_testing2/oncomets-ernesto/sprints/B8_sprint8/anotaciones_patologo/regiones_escaneo/146358_registro_level0.png  (izq = región 0 en (26496,6912), der = lo mejor que se encontró en la región 1, NCC 0.5009)
[out] /media/administrador/Storage1/sdonoso/clam_testing2/oncomets-ernesto/sprints/B8_sprint8/anotaciones_patologo/regiones_escaneo/registro_146358.json
