[silueta] level 6 (downsample 64), miniatura 520x440
[silueta] NCC sin registrar 0.9603, registrada 0.9694 (dx=0 dy=1280 px de level 0)
[silueta] control contra la región 1 espejada: -0.3974
[silueta] OJO: esta medida la domina el CONTORNO del tejido, no las células. Dos secciones seriadas del mismo bloque también la pasan.

[etapa A] 8 ventanas de 1024 px (476 µm) repartidas en grilla 4x4; búsqueda ±2048 px (952 µm) a level 2
vent      x0      y0      NCC      dx      dy     sd     2do
   0   16640   22144   0.0688   -1624    1096    3.5  0.0681
   1   14976   21120   0.1059   -1844   -1600    2.9  0.1018
   2   16640   20736   0.1786    -352    -324    3.6  0.1746
   3   15488   19712   0.1009   -1984     864    3.3  0.0904
   4   19200    7552   0.2922    -884   -2048    3.0  0.2468
   6   28032    3072   0.6221    -712   -1604    5.1  0.3365

[rígido] ajuste con 5 ventanas sobre 10.7 mm de vidrio: rotación -0.492°, escala 1.08353
[rígido] residuo: RMS 1109 px = 515 µm, máximo 771 µm

[etapa B] level 0, plantilla 512 px (238 µm), residual ±48 px, rotación ±8.0° en pasos de 0.5°
vent      NCC     ctrl      θ    dx    dy     sd     2do
   0   0.0674   0.0609  +5.00    21    21    2.9  0.0594
   1   0.0100   0.1050  -3.50    -2   -48    4.3  0.0003
   2   0.1554  -0.0396  -8.00    47   -45    3.1  0.1448
   3   0.1169   0.0463  -8.00   -32     5    3.8  0.1023
   4   0.2044   0.0211  +1.50     8    -8   13.0  0.0705
   6   0.6000   0.1299  +1.00    -4    -4    6.2  0.4467

[resumen] NCC a level 0, señal  : medio 0.1924, mediana 0.1361, rango 0.0100..0.6000
[resumen] NCC a level 0, control: medio 0.0539, mediana 0.0536, máximo 0.1299
[resumen] separación señal-control: 2.5 sd del control; ventanas con señal > máximo del control: 3/6

[out] /media/administrador/Storage1/sdonoso/clam_testing2/oncomets-ernesto/sprints/B8_sprint8/anotaciones_patologo/regiones_escaneo/147247_registro_level0.png  (izq = región 0 en (28288,3328), der = lo mejor que se encontró en la región 1, NCC 0.6000)
[out] /media/administrador/Storage1/sdonoso/clam_testing2/oncomets-ernesto/sprints/B8_sprint8/anotaciones_patologo/regiones_escaneo/registro_147247.json
