[silueta] level 6 (downsample 64), miniatura 480x420
[silueta] NCC sin registrar 0.9691, registrada 0.9715 (dx=0 dy=-1536 px de level 0)
[silueta] control contra la región 1 espejada: -0.3503
[silueta] OJO: esta medida la domina el CONTORNO del tejido, no las células. Dos secciones seriadas del mismo bloque también la pasan.

[etapa A] 8 ventanas de 1024 px (476 µm) repartidas en grilla 4x4; búsqueda ±2048 px (952 µm) a level 2
vent      x0      y0      NCC      dx      dy     sd     2do
   0   25600    5632   0.1529     864    -204    4.2  0.1456
   1   18432   16000   0.0743     240   -2048    4.3  0.0732
   4   27136   21184   0.1321   -1916    2040    3.4  0.1255
   5   17408   12352   0.1011   -1012    2044    4.5  0.0916
   6   22528    3072   0.0851    -556    2020    5.3  0.0832
   7   17920   20672   0.4152   -1472    2048    3.6  0.3621

[rígido] ajuste con 3 ventanas sobre 8.7 mm de vidrio: rotación +5.500°, escala 1.04318
[rígido] residuo: RMS 1273 px = 592 µm, máximo 776 µm

[etapa B] level 0, plantilla 512 px (238 µm), residual ±48 px, rotación ±8.0° en pasos de 0.5°
vent      NCC     ctrl      θ    dx    dy     sd     2do
   0   0.2041  -0.0087  +8.00    48    -5    1.9  0.2012
   1   0.0405   0.0699  -1.50   -48   -48    2.9  0.0336
   4   0.1588   0.0413  -6.50    43     7    3.4  0.1267
   5   0.1957   0.0219  +5.00   -48    44    3.6  0.1493
   6   0.0874   0.1614  +4.50    35    45    3.2  0.0827
   7   0.3574   0.2587  -7.00     6    48    2.1  0.3553

[resumen] NCC a level 0, señal  : medio 0.1740, mediana 0.1772, rango 0.0405..0.3574
[resumen] NCC a level 0, control: medio 0.0908, mediana 0.0556, máximo 0.2587
[resumen] separación señal-control: 0.9 sd del control; ventanas con señal > máximo del control: 1/6

[out] /media/administrador/Storage1/sdonoso/clam_testing2/oncomets-ernesto/sprints/B8_sprint8/anotaciones_patologo/regiones_escaneo/147258_registro_level0.png  (izq = región 0 en (18176,20928), der = lo mejor que se encontró en la región 1, NCC 0.3574)
[out] /media/administrador/Storage1/sdonoso/clam_testing2/oncomets-ernesto/sprints/B8_sprint8/anotaciones_patologo/regiones_escaneo/registro_147258.json
