[silueta] level 6 (downsample 64), miniatura 480x460
[silueta] NCC sin registrar 0.9537, registrada 0.9541 (dx=0 dy=-128 px de level 0)
[silueta] control contra la región 1 espejada: -0.3456
[silueta] OJO: esta medida la domina el CONTORNO del tejido, no las células. Dos secciones seriadas del mismo bloque también la pasan.

[etapa A] 8 ventanas de 1024 px (476 µm) repartidas en grilla 4x4; búsqueda ±2048 px (952 µm) a level 2
vent      x0      y0      NCC      dx      dy     sd     2do
   0   13824   22592   0.1802   -1012    -524    6.8  0.0888
   1   23040   22080   0.1513    -888     -16    5.3  0.1275
   2   22016   22080   0.1860   -1408     820    3.3  0.1827
   4   15360   14720   0.1910    -520    -492    2.5  0.1746
   5   27648    7360   0.1175   -1336   -1416    3.6  0.1129
   6   18432    7360   0.1670    2048     484    4.5  0.1576
   7   16384    6144   0.0543   -1336    1712    4.0  0.0508

[rígido] ajuste con 6 ventanas sobre 10.0 mm de vidrio: rotación -1.808°, escala 0.98509
[rígido] residuo: RMS 1016 px = 472 µm, máximo 672 µm

[etapa B] level 0, plantilla 512 px (238 µm), residual ±48 px, rotación ±8.0° en pasos de 0.5°
vent      NCC     ctrl      θ    dx    dy     sd     2do
   0   0.5918   0.0622  +3.00    16    -7    5.8  0.3701
   1   0.4020  -0.0018  +4.50   -10    13   16.0  0.0929
   2   0.3344  -0.0138  -7.50     8    47    3.1  0.3189
   4   0.3796   0.0679  +4.50    13    24   14.0  0.1586
   5   0.0776   0.0648  -3.00   -15    11    4.7  0.0636
   6   0.2425   0.0813  +8.00    36   -41    3.5  0.2290
   7   0.0631   0.0554  -3.00    38    44    3.0  0.0601

[resumen] NCC a level 0, señal  : medio 0.2987, mediana 0.3344, rango 0.0631..0.5918
[resumen] NCC a level 0, control: medio 0.0451, mediana 0.0622, máximo 0.0813
[resumen] separación señal-control: 7.4 sd del control; ventanas con señal > máximo del control: 5/7

[out] /media/administrador/Storage1/sdonoso/clam_testing2/oncomets-ernesto/sprints/B8_sprint8/anotaciones_patologo/regiones_escaneo/147339_registro_level0.png  (izq = región 0 en (14080,22848), der = lo mejor que se encontró en la región 1, NCC 0.5918)
[out] /media/administrador/Storage1/sdonoso/clam_testing2/oncomets-ernesto/sprints/B8_sprint8/anotaciones_patologo/regiones_escaneo/registro_147339.json
