[silueta] level 6 (downsample 64), miniatura 440x440
[silueta] NCC sin registrar 0.9257, registrada 0.9333 (dx=0 dy=-1536 px de level 0)
[silueta] control contra la región 1 espejada: -0.3657
[silueta] OJO: esta medida la domina el CONTORNO del tejido, no las células. Dos secciones seriadas del mismo bloque también la pasan.

[etapa A] 8 ventanas de 1024 px (476 µm) repartidas en grilla 4x4; búsqueda ±2048 px (952 µm) a level 2
vent      x0      y0      NCC      dx      dy     sd     2do
   0   28416   16128   0.1798   -1552     304    2.3  0.1723
   1   26880   13184   0.1674   -1696    1920    2.9  0.1664
   2   27904    5632   0.1806   -1832     -76    3.9  0.1620
   3   22400   17664   0.1586    -324    -768    3.6  0.1439
   4   33920    8064   0.1288    1812   -1000    4.1  0.1172
   5   32896   21632   0.1784    1388   -1940    4.4  0.1665
   6   34432   17664   0.2556   -1488    1856    4.4  0.2426
   7   23936   11136   0.1612    1984   -1820    4.7  0.1583

[rígido] ajuste con 8 ventanas sobre 9.3 mm de vidrio: rotación +1.099°, escala 1.01301
[rígido] residuo: RMS 2096 px = 975 µm, máximo 1241 µm

[etapa B] level 0, plantilla 512 px (238 µm), residual ±48 px, rotación ±8.0° en pasos de 0.5°
vent      NCC     ctrl      θ    dx    dy     sd     2do
   0   0.0574   0.0309  +3.00    29    39    3.7  0.0479
   1   0.0970   0.0611  +4.50    -6    48    3.8  0.0753
   2   0.2040   0.0243  +0.50    23    35    2.5  0.1952
   3   0.2581   0.0375  -8.00   -48     9    1.9  0.2534
   4   0.0451   0.0192  +0.00     1   -32    4.5  0.0279
   5   0.2310   0.0439  -5.50   -48    48    3.6  0.2124
   6   0.0333   0.0205  -7.50    17    42    4.2  0.0262
   7   0.0323   0.0940  +5.00   -28   -41    3.9  0.0177

[resumen] NCC a level 0, señal  : medio 0.1198, mediana 0.0772, rango 0.0323..0.2581
[resumen] NCC a level 0, control: medio 0.0414, mediana 0.0342, máximo 0.0940
[resumen] separación señal-control: 3.3 sd del control; ventanas con señal > máximo del control: 4/8

[out] /media/administrador/Storage1/sdonoso/clam_testing2/oncomets-ernesto/sprints/B8_sprint8/anotaciones_patologo/regiones_escaneo/147784_registro_level0.png  (izq = región 0 en (22656,17920), der = lo mejor que se encontró en la región 1, NCC 0.2581)
[out] /media/administrador/Storage1/sdonoso/clam_testing2/oncomets-ernesto/sprints/B8_sprint8/anotaciones_patologo/regiones_escaneo/registro_147784.json
