[silueta] level 6 (downsample 64), miniatura 720x400
[silueta] NCC sin registrar 0.9571, registrada 0.9571 (dx=0 dy=0 px de level 0)
[silueta] control contra la región 1 espejada: -0.0175
[silueta] OJO: esta medida la domina el CONTORNO del tejido, no las células. Dos secciones seriadas del mismo bloque también la pasan.

[etapa A] 8 ventanas de 1024 px (476 µm) repartidas en grilla 4x4; búsqueda ±2048 px (952 µm) a level 2
vent      x0      y0      NCC      dx      dy     sd     2do
   1   30720   65024   0.3953    -116    -632    3.4  0.3758
   2   22272   61440   0.0811   -1972    -120    4.7  0.0684
   3   23040   61184   0.0952    -824   -1772    3.6  0.0894
   4   22272   61184   0.1255     172    -916    6.4  0.0925
   6   37120   61440   0.6255    -144   -1076    2.8  0.5864
   7   12544   68864   0.4149    -588   -1048    7.1  0.2059

[rígido] ajuste con 6 ventanas sobre 12.0 mm de vidrio: rotación -0.090°, escala 1.02644
[rígido] residuo: RMS 834 px = 388 µm, máximo 733 µm

[etapa B] level 0, plantilla 512 px (238 µm), residual ±48 px, rotación ±8.0° en pasos de 0.5°
vent      NCC     ctrl      θ    dx    dy     sd     2do
   1   0.4088  -0.0117  +0.00   -48     5    3.1  0.3995
   2   0.0395   0.0368  -1.50    30   -27    5.0  0.0331
   3   0.0458   0.0343  -7.50   -15    31    4.8  0.0372
   4   0.2522  -0.0196  +4.00   -37    48   23.9  0.0532
   6   0.8639   0.3163  +8.00   -28   -48    1.8  0.8555
   7   0.5488   0.0200  +2.50    10    -6    6.5  0.3202

[resumen] NCC a level 0, señal  : medio 0.3598, mediana 0.3305, rango 0.0395..0.8639
[resumen] NCC a level 0, control: medio 0.0627, mediana 0.0271, máximo 0.3163
[resumen] separación señal-control: 2.6 sd del control; ventanas con señal > máximo del control: 3/6

[out] /media/administrador/Storage1/sdonoso/clam_testing2/oncomets-ernesto/sprints/B8_sprint8/anotaciones_patologo/regiones_escaneo/147844_registro_level0.png  (izq = región 0 en (37376,61696), der = lo mejor que se encontró en la región 1, NCC 0.8639)
[out] /media/administrador/Storage1/sdonoso/clam_testing2/oncomets-ernesto/sprints/B8_sprint8/anotaciones_patologo/regiones_escaneo/registro_147844.json
