[silueta] level 6 (downsample 64), miniatura 480x440
[silueta] NCC sin registrar 0.9473, registrada 0.9758 (dx=0 dy=1152 px de level 0)
[silueta] control contra la región 1 espejada: -0.2920
[silueta] OJO: esta medida la domina el CONTORNO del tejido, no las células. Dos secciones seriadas del mismo bloque también la pasan.

[etapa A] 8 ventanas de 1024 px (476 µm) repartidas en grilla 4x4; búsqueda ±2048 px (952 µm) a level 2
vent      x0      y0      NCC      dx      dy     sd     2do
   0   19456   21632   0.2512     524    -992    4.8  0.1922
   2   20480   14080   0.1085     400   -1096    4.3  0.0857
   3   14336   14080   0.1186     392   -1012    2.5  0.1025
   5   15360    9600   0.1836    -508     728    3.7  0.1834
   6   13824    9088   0.0844     324    -972    3.3  0.0811
   7   18944    3584   0.3110     236   -1108    5.8  0.1750

[rígido] ajuste con 6 ventanas sobre 8.9 mm de vidrio: rotación -2.145°, escala 0.99335
[rígido] residuo: RMS 704 px = 327 µm, máximo 715 µm

[etapa B] level 0, plantilla 512 px (238 µm), residual ±48 px, rotación ±8.0° en pasos de 0.5°
vent      NCC     ctrl      θ    dx    dy     sd     2do
   0   0.2924   0.0227  +0.00    -2    -1    8.1  0.1757
   2   0.1439   0.0309  -1.00    -3    -2   20.7  0.0253
   3   0.1590  -0.0185  -0.50     0     2   16.9  0.0348
   5   0.2336   0.0392  +8.00     6    39    1.6  0.2317
   6   0.2171   0.0406  -1.00    -2    -3   26.5  0.0369
   7   0.3279   0.0109  -1.00     4    -2    8.0  0.2090

[resumen] NCC a level 0, señal  : medio 0.2290, mediana 0.2253, rango 0.1439..0.3279
[resumen] NCC a level 0, control: medio 0.0210, mediana 0.0268, máximo 0.0406
[resumen] separación señal-control: 10.2 sd del control; ventanas con señal > máximo del control: 6/6

[out] /media/administrador/Storage1/sdonoso/clam_testing2/oncomets-ernesto/sprints/B8_sprint8/anotaciones_patologo/regiones_escaneo/148150_registro_level0.png  (izq = región 0 en (19200,3840), der = lo mejor que se encontró en la región 1, NCC 0.3279)
[out] /media/administrador/Storage1/sdonoso/clam_testing2/oncomets-ernesto/sprints/B8_sprint8/anotaciones_patologo/regiones_escaneo/registro_148150.json
