[silueta] level 6 (downsample 64), miniatura 480x460
[silueta] NCC sin registrar 0.9564, registrada 0.9588 (dx=0 dy=640 px de level 0)
[silueta] control contra la región 1 espejada: -0.3261
[silueta] OJO: esta medida la domina el CONTORNO del tejido, no las células. Dos secciones seriadas del mismo bloque también la pasan.

[etapa A] 8 ventanas de 1024 px (476 µm) repartidas en grilla 4x4; búsqueda ±2048 px (952 µm) a level 2
vent      x0      y0      NCC      dx      dy     sd     2do
   0   25088   22080   0.3587    1052    -316   12.6  0.1105
   1   27136   16768   0.4462     940    -312    2.6  0.3403
   2   22016   14720   0.4304     852    -192    9.1  0.1840
   3   22016   14528   0.4450     852    -196   10.2  0.1537
   4   29696    4096   0.4509     740    -264   13.7  0.1162
   5   17408   17792   0.4325     880    -116    7.7  0.1707
   6   17920    6144   0.4342     668     -44    5.3  0.2401

[rígido] ajuste con 7 ventanas sobre 10.1 mm de vidrio: rotación -1.068°, escala 0.99826
[rígido] residuo: RMS 61 px = 28 µm, máximo 42 µm

[etapa B] level 0, plantilla 512 px (238 µm), residual ±48 px, rotación ±8.0° en pasos de 0.5°
vent      NCC     ctrl      θ    dx    dy     sd     2do
   0   0.4499   0.1281  -1.50    -3     2    8.0  0.2151
   1   0.4332   0.0096  -1.50    -1     3   11.8  0.2022
   2   0.4763   0.0552  -1.50    -1     2    8.9  0.2300
   3   0.5318   0.0589  -1.50    -7     5    6.5  0.3008
   4   0.4388   0.0532  -0.50    -1    -2   20.8  0.0868
   5   0.4189   0.0424  -1.00    -2     2   19.1  0.0972
   6   0.4212   0.0303  -0.50    -3    -1   12.3  0.2275

[resumen] NCC a level 0, señal  : medio 0.4529, mediana 0.4388, rango 0.4189..0.5318
[resumen] NCC a level 0, control: medio 0.0540, mediana 0.0532, máximo 0.1281
[resumen] separación señal-control: 11.7 sd del control; ventanas con señal > máximo del control: 7/7

[out] /media/administrador/Storage1/sdonoso/clam_testing2/oncomets-ernesto/sprints/B8_sprint8/anotaciones_patologo/regiones_escaneo/148365_registro_level0.png  (izq = región 0 en (22272,14784), der = lo mejor que se encontró en la región 1, NCC 0.5318)
[out] /media/administrador/Storage1/sdonoso/clam_testing2/oncomets-ernesto/sprints/B8_sprint8/anotaciones_patologo/regiones_escaneo/registro_148365.json
