[silueta] level 6 (downsample 64), miniatura 500x440
[silueta] NCC sin registrar 0.9817, registrada 0.9847 (dx=0 dy=1216 px de level 0)
[silueta] control contra la región 1 espejada: -0.5177
[silueta] OJO: esta medida la domina el CONTORNO del tejido, no las células. Dos secciones seriadas del mismo bloque también la pasan.

[etapa A] 8 ventanas de 1024 px (476 µm) repartidas en grilla 4x4; búsqueda ±2048 px (952 µm) a level 2
vent      x0      y0      NCC      dx      dy     sd     2do
   0   21120   49280   0.2939     584   -1168    3.9  0.2353
   1   21632   48896   0.3267     616   -1136    3.7  0.2468
   2   27584   41856   0.1665    1152    -812    4.9  0.0997
   3   29120   32256   0.3569    1736    -856    6.1  0.1805
   4   19584   41856   0.4077    1188   -1244    6.4  0.2378
   7   13632   36736   0.8269    1592   -1472    7.1  0.5337

[rígido] ajuste con 6 ventanas sobre 10.7 mm de vidrio: rotación +3.411°, escala 1.00149
[rígido] residuo: RMS 127 px = 59 µm, máximo 95 µm

[etapa B] level 0, plantilla 512 px (238 µm), residual ±48 px, rotación ±8.0° en pasos de 0.5°
vent      NCC     ctrl      θ    dx    dy     sd     2do
   0   0.4468   0.1492  +4.00    14    15   11.5  0.2146
   1   0.5482   0.0906  +4.00     3    27    5.9  0.3825
   2   0.3476   0.0629  +3.50     1   -11   14.8  0.1090
   3   0.5610   0.1782  +3.00    -8     8    7.3  0.3198
   4   0.4520   0.1877  +3.50     4    -5    3.8  0.3494
   7   0.8463   0.0517  +2.50     1     8    4.6  0.7473

[resumen] NCC a level 0, señal  : medio 0.5337, mediana 0.5001, rango 0.3476..0.8463
[resumen] NCC a level 0, control: medio 0.1201, mediana 0.1199, máximo 0.1877
[resumen] separación señal-control: 7.6 sd del control; ventanas con señal > máximo del control: 6/6

[out] /media/administrador/Storage1/sdonoso/clam_testing2/oncomets-ernesto/sprints/B8_sprint8/anotaciones_patologo/regiones_escaneo/148781_registro_level0.png  (izq = región 0 en (13888,36992), der = lo mejor que se encontró en la región 1, NCC 0.8463)
[out] /media/administrador/Storage1/sdonoso/clam_testing2/oncomets-ernesto/sprints/B8_sprint8/anotaciones_patologo/regiones_escaneo/registro_148781.json
