[silueta] level 6 (downsample 64), miniatura 420x360
[silueta] NCC sin registrar 0.9876, registrada 0.9884 (dx=0 dy=-192 px de level 0)
[silueta] control contra la región 1 espejada: -0.6535
[silueta] OJO: esta medida la domina el CONTORNO del tejido, no las células. Dos secciones seriadas del mismo bloque también la pasan.

[etapa A] 6 ventanas de 1024 px (476 µm) repartidas en grilla 4x4; búsqueda ±2048 px (952 µm) a level 2
vent      x0      y0      NCC      dx      dy     sd     2do
   0   18560   43776   0.3551     324      72    3.8  0.3137
   1   14976   39040   0.4403     360    -120    3.2  0.3066
   2   23744   36480   0.2107    1164    -664    3.9  0.2069
   3   23744   36352   0.2660     460      56    3.2  0.2529
   5   20672   46336   0.5073     248     332    3.6  0.4570

[rígido] ajuste con 5 ventanas sobre 6.2 mm de vidrio: rotación +1.158°, escala 1.05822
[rígido] residuo: RMS 344 px = 160 µm, máximo 270 µm

[etapa B] level 0, plantilla 512 px (238 µm), residual ±48 px, rotación ±8.0° en pasos de 0.5°
vent      NCC     ctrl      θ    dx    dy     sd     2do
   0   0.2812   0.1102  +7.00   -20    48    6.8  0.1764
   1   0.3483   0.0910  +1.50    -4     6    8.6  0.1700
   2   0.1200   0.0580  -5.00   -18   -25    2.5  0.1104
   3   0.0597   0.0687  +5.50   -20     4    3.4  0.0499
   5   0.4088   0.0839  +5.50   -11    17   13.1  0.1207

[resumen] NCC a level 0, señal  : medio 0.2436, mediana 0.2812, rango 0.0597..0.4088
[resumen] NCC a level 0, control: medio 0.0823, mediana 0.0839, máximo 0.1102
[resumen] separación señal-control: 8.9 sd del control; ventanas con señal > máximo del control: 4/5

[out] /media/administrador/Storage1/sdonoso/clam_testing2/oncomets-ernesto/sprints/B8_sprint8/anotaciones_patologo/regiones_escaneo/148771_registro_level0.png  (izq = región 0 en (20928,46592), der = lo mejor que se encontró en la región 1, NCC 0.4088)
[out] /media/administrador/Storage1/sdonoso/clam_testing2/oncomets-ernesto/sprints/B8_sprint8/anotaciones_patologo/regiones_escaneo/registro_148771.json
