[silueta] level 6 (downsample 64), miniatura 480x420
[silueta] NCC sin registrar 0.9756, registrada 0.9776 (dx=0 dy=-1216 px de level 0)
[silueta] control contra la región 1 espejada: -0.9216
[silueta] OJO: esta medida la domina el CONTORNO del tejido, no las células. Dos secciones seriadas del mismo bloque también la pasan.

[etapa A] 8 ventanas de 1024 px (476 µm) repartidas en grilla 4x4; búsqueda ±2048 px (952 µm) a level 2
vent      x0      y0      NCC      dx      dy     sd     2do
   0   22016   49600   0.1607    1704    -172    3.6  0.1268
   1   22528   49024   0.1284    1704    -176    5.8  0.0877
   2   22016   40768   0.1344     972    -284    4.1  0.1282
   3   23552   46976   0.2836    1580    -264    3.7  0.2254
   5   24576   31488   0.1184     744    -232    4.3  0.0962
   7   22528   33024   0.2785     960    -136    2.9  0.2200

[rígido] ajuste con 6 ventanas sobre 8.5 mm de vidrio: rotación -2.904°, escala 0.99846
[rígido] residuo: RMS 133 px = 62 µm, máximo 131 µm

[etapa B] level 0, plantilla 512 px (238 µm), residual ±48 px, rotación ±8.0° en pasos de 0.5°
vent      NCC     ctrl      θ    dx    dy     sd     2do
   0   0.2282   0.0472  -2.50     6    19   15.0  0.0649
   1   0.2844   0.0625  -2.50   -18    -5   14.3  0.0778
   2   0.0959   0.0282  -5.50   -21    45    4.1  0.0778
   3   0.1458   0.0347  -2.50    -7    11   18.1  0.0215
   5   0.2146   0.0511  -6.00     9    -4    6.6  0.1160
   7   0.1293   0.0588  -0.50   -24    14    2.9  0.1095

[resumen] NCC a level 0, señal  : medio 0.1830, mediana 0.1802, rango 0.0959..0.2844
[resumen] NCC a level 0, control: medio 0.0471, mediana 0.0492, máximo 0.0625
[resumen] separación señal-control: 11.1 sd del control; ventanas con señal > máximo del control: 6/6

[out] /media/administrador/Storage1/sdonoso/clam_testing2/oncomets-ernesto/sprints/B8_sprint8/anotaciones_patologo/regiones_escaneo/149567-2_registro_level0.png  (izq = región 0 en (22784,49280), der = lo mejor que se encontró en la región 1, NCC 0.2844)
[out] /media/administrador/Storage1/sdonoso/clam_testing2/oncomets-ernesto/sprints/B8_sprint8/anotaciones_patologo/regiones_escaneo/registro_149567-2.json
