[silueta] level 6 (downsample 64), miniatura 420x460
[silueta] NCC sin registrar 0.9473, registrada 0.9491 (dx=0 dy=-576 px de level 0)
[silueta] control contra la región 1 espejada: -0.4125
[silueta] OJO: esta medida la domina el CONTORNO del tejido, no las células. Dos secciones seriadas del mismo bloque también la pasan.

[etapa A] 8 ventanas de 1024 px (476 µm) repartidas en grilla 4x4; búsqueda ±2048 px (952 µm) a level 2
vent      x0      y0      NCC      dx      dy     sd     2do
   0   18560   19840   0.0921    1408   -1456    3.9  0.0894
   1   21184   15744   0.1501       8    1316    4.2  0.1428
   2   12352   15232   0.1508    1724   -1700    3.0  0.1493
   3   13376   12992   0.1859   -1492   -2040    5.8  0.1643
   4   20672   11456   0.1891    -296    1868    2.6  0.1869
   5   19072    7360   0.1894   -1228     208    2.4  0.1881
   6   19584    4096   0.1428   -1664    1572    3.1  0.1419

[rígido] ajuste con 7 ventanas sobre 8.4 mm de vidrio: rotación -1.286°, escala 0.85561
[rígido] residuo: RMS 1809 px = 841 µm, máximo 1293 µm

[etapa B] level 0, plantilla 512 px (238 µm), residual ±48 px, rotación ±8.0° en pasos de 0.5°
vent      NCC     ctrl      θ    dx    dy     sd     2do
   0   0.0955   0.0308  -7.00     4   -38    3.0  0.0853
   1   0.0696   0.0332  -5.00    18    -4    4.1  0.0544
   2   0.1013   0.0316  -4.50   -14    32    2.4  0.0920
   3   0.0291   0.0857  -2.00    15    39    5.4  0.0240
   4   0.0722   0.0588  +7.50     8    48    4.5  0.0519
   5   0.0932   0.0849  -8.00   -38    18    2.7  0.0897
   6   0.0586   0.0288  +8.00   -27   -19    2.6  0.0567

[resumen] NCC a level 0, señal  : medio 0.0742, mediana 0.0722, rango 0.0291..0.1013
[resumen] NCC a level 0, control: medio 0.0505, mediana 0.0332, máximo 0.0857
[resumen] separación señal-control: 1.0 sd del control; ventanas con señal > máximo del control: 3/7

[out] /media/administrador/Storage1/sdonoso/clam_testing2/oncomets-ernesto/sprints/B8_sprint8/anotaciones_patologo/regiones_escaneo/149618-2_registro_level0.png  (izq = región 0 en (12608,15488), der = lo mejor que se encontró en la región 1, NCC 0.1013)
[out] /media/administrador/Storage1/sdonoso/clam_testing2/oncomets-ernesto/sprints/B8_sprint8/anotaciones_patologo/regiones_escaneo/registro_149618-2.json
