[silueta] level 6 (downsample 64), miniatura 420x440
[silueta] NCC sin registrar 0.9890, registrada 0.9901 (dx=0 dy=640 px de level 0)
[silueta] control contra la región 1 espejada: -0.3657
[silueta] OJO: esta medida la domina el CONTORNO del tejido, no las células. Dos secciones seriadas del mismo bloque también la pasan.

[etapa A] 4 ventanas de 1024 px (476 µm) repartidas en grilla 4x4; búsqueda ±2048 px (952 µm) a level 2
vent      x0      y0      NCC      dx      dy     sd     2do
   0   24512   51584   0.2294    -476    -676    5.8  0.1251
   2   24000   35072   0.4451    -436   -1024    7.8  0.1686
   3   25024   42112   0.2800    -476   -1060    4.2  0.1798

[rígido] ajuste con 3 ventanas sobre 7.7 mm de vidrio: rotación +0.120°, escala 1.02193
[rígido] residuo: RMS 90 px = 42 µm, máximo 59 µm

[etapa B] level 0, plantilla 512 px (238 µm), residual ±48 px, rotación ±8.0° en pasos de 0.5°
vent      NCC     ctrl      θ    dx    dy     sd     2do
   0   0.3974   0.0582  -3.50     1   -15   17.4  0.0924
   2   0.4609   0.0288  +0.00    -2    -1    6.0  0.3007
   3   0.1854   0.0483  +0.00     1    -3    6.5  0.1022

[resumen] NCC a level 0, señal  : medio 0.3479, mediana 0.3974, rango 0.1854..0.4609
[resumen] NCC a level 0, control: medio 0.0451, mediana 0.0483, máximo 0.0582
[resumen] separación señal-control: 24.8 sd del control; ventanas con señal > máximo del control: 3/3

[out] /media/administrador/Storage1/sdonoso/clam_testing2/oncomets-ernesto/sprints/B8_sprint8/anotaciones_patologo/regiones_escaneo/149618-1_registro_level0.png  (izq = región 0 en (24256,35328), der = lo mejor que se encontró en la región 1, NCC 0.4609)
[out] /media/administrador/Storage1/sdonoso/clam_testing2/oncomets-ernesto/sprints/B8_sprint8/anotaciones_patologo/regiones_escaneo/registro_149618-1.json
