[silueta] level 6 (downsample 64), miniatura 380x340
[silueta] NCC sin registrar 0.9935, registrada 0.9936 (dx=0 dy=-64 px de level 0)
[silueta] control contra la región 1 espejada: -0.9690
[silueta] OJO: esta medida la domina el CONTORNO del tejido, no las células. Dos secciones seriadas del mismo bloque también la pasan.

[etapa A] 6 ventanas de 1024 px (476 µm) repartidas en grilla 4x4; búsqueda ±2048 px (952 µm) a level 2
vent      x0      y0      NCC      dx      dy     sd     2do
   0   17792    7488   0.1803    1656     856    5.8  0.1293
   1   18240    7488   0.2230    1656     852    4.0  0.1748
   2   18752   18368   0.1675     184    1540    3.7  0.1529
   3   17792   18368   0.0984    -896     164    4.7  0.0764
   4   21312   12928   0.1856    1868     732    5.2  0.1415
   5   22336    3072   0.2199    1480     800    5.5  0.1165

[rígido] ajuste con 6 ventanas sobre 7.4 mm de vidrio: rotación +6.879°, escala 1.03050
[rígido] residuo: RMS 777 px = 361 µm, máximo 540 µm

[etapa B] level 0, plantilla 512 px (238 µm), residual ±48 px, rotación ±8.0° en pasos de 0.5°
vent      NCC     ctrl      θ    dx    dy     sd     2do
   0   0.3339   0.1215  -3.00     0    21    7.3  0.1649
   1   0.4389  -0.0906  -2.00    -5    -2   10.4  0.2399
   2   0.1524   0.1017  -7.00    25    17    2.7  0.1422
   3   0.0390   0.0546  -8.00    48    42    5.4  0.0317
   4   0.2310   0.0624  -7.50   -10   -29    4.1  0.2054
   5   0.2846   0.0389  -3.50     2    15    3.7  0.1934

[resumen] NCC a level 0, señal  : medio 0.2466, mediana 0.2578, rango 0.0390..0.4389
[resumen] NCC a level 0, control: medio 0.0481, mediana 0.0585, máximo 0.1215
[resumen] separación señal-control: 2.9 sd del control; ventanas con señal > máximo del control: 5/6

[out] /media/administrador/Storage1/sdonoso/clam_testing2/oncomets-ernesto/sprints/B8_sprint8/anotaciones_patologo/regiones_escaneo/149771_registro_level0.png  (izq = región 0 en (18496,7744), der = lo mejor que se encontró en la región 1, NCC 0.4389)
[out] /media/administrador/Storage1/sdonoso/clam_testing2/oncomets-ernesto/sprints/B8_sprint8/anotaciones_patologo/regiones_escaneo/registro_149771.json
