[silueta] level 6 (downsample 64), miniatura 500x500
[silueta] NCC sin registrar 0.8537, registrada 0.8550 (dx=0 dy=-192 px de level 0)
[silueta] control contra la región 1 espejada: -0.0875
[silueta] OJO: esta medida la domina el CONTORNO del tejido, no las células. Dos secciones seriadas del mismo bloque también la pasan.

[etapa A] 8 ventanas de 1024 px (476 µm) repartidas en grilla 4x4; búsqueda ±2048 px (952 µm) a level 2
vent      x0      y0      NCC      dx      dy     sd     2do
   0   20864   28096   0.1157    -360     360    3.5  0.1097
   1   12864   24000   0.0780    1076    1388    2.8  0.0780
   2   11008   24000   0.1032     -84    1088    3.8  0.0986
   3   11008   20096   0.2372     500    -308    4.1  0.2279
   5   19840   16000   0.1391    1084     496    3.7  0.1371
   6   19520   16000   0.0787   -1700   -1228    2.8  0.0757
   7   16960   13632   0.2585     828    -404    2.9  0.2482

[rígido] ajuste con 7 ventanas sobre 8.1 mm de vidrio: rotación -1.430°, escala 1.03479
[rígido] residuo: RMS 1224 px = 569 µm, máximo 1044 µm

[etapa B] level 0, plantilla 512 px (238 µm), residual ±48 px, rotación ±8.0° en pasos de 0.5°
vent      NCC     ctrl      θ    dx    dy     sd     2do
   0   0.0660  -0.0312  +4.50    27    25    4.9  0.0522
   1   0.1305   0.0118  -8.00   -43   -48    2.9  0.1275
   2   0.0351   0.0214  -4.00   -34   -31    4.9  0.0232
   3   0.1816   0.0416  +6.50   -17    -3    3.6  0.1379
   5   0.0349   0.0364  +2.50    -2   -30    4.1  0.0315
   6   0.0302   0.0286  -3.00   -34    48    4.6  0.0227
   7   0.0307   0.0267  -6.00    19   -28    4.0  0.0277

[resumen] NCC a level 0, señal  : medio 0.0727, mediana 0.0351, rango 0.0302..0.1816
[resumen] NCC a level 0, control: medio 0.0193, mediana 0.0267, máximo 0.0416
[resumen] separación señal-control: 2.4 sd del control; ventanas con señal > máximo del control: 3/7

[out] /media/administrador/Storage1/sdonoso/clam_testing2/oncomets-ernesto/sprints/B8_sprint8/anotaciones_patologo/regiones_escaneo/153228_registro_level0.png  (izq = región 0 en (11264,20352), der = lo mejor que se encontró en la región 1, NCC 0.1816)
[out] /media/administrador/Storage1/sdonoso/clam_testing2/oncomets-ernesto/sprints/B8_sprint8/anotaciones_patologo/regiones_escaneo/registro_153228.json
