[silueta] level 6 (downsample 64), miniatura 500x440
[silueta] NCC sin registrar 0.9913, registrada 0.9919 (dx=0 dy=-320 px de level 0)
[silueta] control contra la región 1 espejada: -0.5690
[silueta] OJO: esta medida la domina el CONTORNO del tejido, no las células. Dos secciones seriadas del mismo bloque también la pasan.

[etapa A] 8 ventanas de 1024 px (476 µm) repartidas en grilla 4x4; búsqueda ±2048 px (952 µm) a level 2
vent      x0      y0      NCC      dx      dy     sd     2do
   0   28096   21120   0.1282    -740   -1432    4.0  0.1225
   1   25536   14592   0.1581    1348     104    3.4  0.1459
   2   25536    9600   0.1613    1092   -1504    2.6  0.1605
   3   16512    5632   0.0744     724    -416    5.0  0.0555
   4   15168    5120   0.0970    1228   -1620    3.2  0.0947
   5   28608    2048   0.2448    1108     688    4.4  0.1779
   6   15680    7040   0.0922     624    -436    5.5  0.0761
   7   16000    7040   0.1743     636    -420    5.4  0.1091

[rígido] ajuste con 8 ventanas sobre 10.8 mm de vidrio: rotación +2.839°, escala 0.96634
[rígido] residuo: RMS 870 px = 405 µm, máximo 578 µm

[etapa B] level 0, plantilla 512 px (238 µm), residual ±48 px, rotación ±8.0° en pasos de 0.5°
vent      NCC     ctrl      θ    dx    dy     sd     2do
   0   0.1607  -0.0312  +7.50   -30   -35    2.9  0.1581
   1   0.1247   0.1330  +4.00    20    -2    3.2  0.1202
   2   0.0496   0.0285  +3.00   -47    48    6.3  0.0392
   3   0.1122   0.0265  +5.50    15    16    8.0  0.0710
   4   0.0475   0.0293  +5.50    36    48    4.2  0.0404
   5   0.2903   0.0430  +2.50     1    -6    7.1  0.1673
   6   0.1223   0.0339  +4.50     7   -22    4.9  0.0906
   7   0.1682  -0.0221  +4.00    -6   -14    8.2  0.0835

[resumen] NCC a level 0, señal  : medio 0.1345, mediana 0.1235, rango 0.0475..0.2903
[resumen] NCC a level 0, control: medio 0.0301, mediana 0.0289, máximo 0.1330
[resumen] separación señal-control: 2.2 sd del control; ventanas con señal > máximo del control: 3/8

[out] /media/administrador/Storage1/sdonoso/clam_testing2/oncomets-ernesto/sprints/B8_sprint8/anotaciones_patologo/regiones_escaneo/154142_registro_level0.png  (izq = región 0 en (28864,2304), der = lo mejor que se encontró en la región 1, NCC 0.2903)
[out] /media/administrador/Storage1/sdonoso/clam_testing2/oncomets-ernesto/sprints/B8_sprint8/anotaciones_patologo/regiones_escaneo/registro_154142.json
