[silueta] level 6 (downsample 64), miniatura 600x580
[silueta] NCC sin registrar 0.9387, registrada 0.9395 (dx=0 dy=256 px de level 0)
[silueta] control contra la región 1 espejada: -0.1133
[silueta] OJO: esta medida la domina el CONTORNO del tejido, no las células. Dos secciones seriadas del mismo bloque también la pasan.

[etapa A] 8 ventanas de 1024 px (476 µm) repartidas en grilla 4x4; búsqueda ±2048 px (952 µm) a level 2
vent      x0      y0      NCC      dx      dy     sd     2do
   0   13184   23168   0.1094     968     452    3.6  0.0862
   2   23808   19584   0.1206    1176     632    4.2  0.0975
   3   10112   12352   0.0961    -208    -460    4.5  0.0911
   4   33920    9792   0.1889    1020    1500    9.6  0.0874
   5   24832    9280   0.0755     624   -1000    3.9  0.0733
   6   24832    9216   0.0685     624   -1000    4.1  0.0679
   7   32896    8192   0.1188     568     348    3.7  0.1177

[rígido] ajuste con 7 ventanas sobre 13.1 mm de vidrio: rotación +0.908°, escala 1.03100
[rígido] residuo: RMS 891 px = 414 µm, máximo 634 µm

[etapa B] level 0, plantilla 512 px (238 µm), residual ±48 px, rotación ±8.0° en pasos de 0.5°
vent      NCC     ctrl      θ    dx    dy     sd     2do
   0   0.0903   0.0245  -1.50    -8   -11    7.3  0.0391
   2   0.1200   0.0183  +0.50    -5    -6   18.6  0.0261
   3   0.0787   0.0381  -5.50    27    42    3.1  0.0713
   4   0.3010   0.0112  +3.00   -13     3    4.8  0.1854
   5   0.0521   0.0482  -2.50     3     0    4.8  0.0440
   6   0.0487  -0.0144  +7.50    -1    -7    3.6  0.0443
   7   0.0899   0.0298  -5.00    48    18    3.1  0.0887

[resumen] NCC a level 0, señal  : medio 0.1115, mediana 0.0899, rango 0.0487..0.3010
[resumen] NCC a level 0, control: medio 0.0222, mediana 0.0245, máximo 0.0482
[resumen] separación señal-control: 4.8 sd del control; ventanas con señal > máximo del control: 7/7

[out] /media/administrador/Storage1/sdonoso/clam_testing2/oncomets-ernesto/sprints/B8_sprint8/anotaciones_patologo/regiones_escaneo/155525_registro_level0.png  (izq = región 0 en (34176,10048), der = lo mejor que se encontró en la región 1, NCC 0.3010)
[out] /media/administrador/Storage1/sdonoso/clam_testing2/oncomets-ernesto/sprints/B8_sprint8/anotaciones_patologo/regiones_escaneo/registro_155525.json
