[silueta] level 6 (downsample 64), miniatura 440x400
[silueta] NCC sin registrar 0.9813, registrada 0.9813 (dx=0 dy=0 px de level 0)
[silueta] control contra la región 1 espejada: -0.6954
[silueta] OJO: esta medida la domina el CONTORNO del tejido, no las células. Dos secciones seriadas del mismo bloque también la pasan.

[etapa A] 7 ventanas de 1024 px (476 µm) repartidas en grilla 4x4; búsqueda ±2048 px (952 µm) a level 2
vent      x0      y0      NCC      dx      dy     sd     2do
   0   22016   19200   0.1036   -2008   -1064    2.7  0.0985
   1   22016   18944   0.0826   -1224    -576    3.3  0.0771
   2   23936   14848   0.0871     708    1948    3.6  0.0851
   4   24960    7936   0.1794   -1576    1152    3.7  0.1693
   5   22016   11008   0.1780   -1588    -700    3.8  0.1627

[rígido] ajuste con 5 ventanas sobre 5.4 mm de vidrio: rotación +3.473°, escala 0.90948
[rígido] residuo: RMS 1437 px = 668 µm, máximo 1233 µm

[etapa B] level 0, plantilla 512 px (238 µm), residual ±48 px, rotación ±8.0° en pasos de 0.5°
vent      NCC     ctrl      θ    dx    dy     sd     2do
   0   0.0328   0.0305  +8.00    34    14    3.7  0.0303
   1   0.0294   0.0408  -8.00   -48    47    6.8  0.0268
   2   0.0422   0.0679  -2.00    35     7    3.6  0.0319
   4   0.1540   0.0215  -4.50    26    -5    2.0  0.1510
   5   0.1153   0.1263  +1.00    -1   -46    3.1  0.0933

[resumen] NCC a level 0, señal  : medio 0.0747, mediana 0.0422, rango 0.0294..0.1540
[resumen] NCC a level 0, control: medio 0.0574, mediana 0.0408, máximo 0.1263
[resumen] separación señal-control: 0.5 sd del control; ventanas con señal > máximo del control: 1/5

[out] /media/administrador/Storage1/sdonoso/clam_testing2/oncomets-ernesto/sprints/B8_sprint8/anotaciones_patologo/regiones_escaneo/157135_registro_level0.png  (izq = región 0 en (25216,8192), der = lo mejor que se encontró en la región 1, NCC 0.1540)
[out] /media/administrador/Storage1/sdonoso/clam_testing2/oncomets-ernesto/sprints/B8_sprint8/anotaciones_patologo/regiones_escaneo/registro_157135.json
