[silueta] level 6 (downsample 64), miniatura 520x360
[silueta] NCC sin registrar 0.9915, registrada 0.9915 (dx=0 dy=0 px de level 0)
[silueta] control contra la región 1 espejada: -0.6508
[silueta] OJO: esta medida la domina el CONTORNO del tejido, no las células. Dos secciones seriadas del mismo bloque también la pasan.

[etapa A] 8 ventanas de 1024 px (476 µm) repartidas en grilla 4x4; búsqueda ±2048 px (952 µm) a level 2
vent      x0      y0      NCC      dx      dy     sd     2do
   1   29056   27648   0.1881     396    -572    6.8  0.0902
   2   17664   40704   0.1407    -864      44    3.1  0.1389
   3   24320   35456   0.3679      64      20    8.0  0.1711
   4   25472   38656   0.4913     -52      64    8.1  0.1676
   5   24960   44928   0.3353    -292      56    6.1  0.2154
   6   24832   44928   0.3571    -292      56    4.8  0.2332
   7   20224   31232   0.4802     240    -172    6.8  0.2311

[rígido] ajuste con 7 ventanas sobre 9.6 mm de vidrio: rotación +1.618°, escala 1.03979
[rígido] residuo: RMS 279 px = 130 µm, máximo 211 µm

[etapa B] level 0, plantilla 512 px (238 µm), residual ±48 px, rotación ±8.0° en pasos de 0.5°
vent      NCC     ctrl      θ    dx    dy     sd     2do
   1   0.1631   0.0773  -1.50     9    23    8.6  0.0874
   2   0.0920   0.0473  -5.50   -47   -29    2.8  0.0845
   3   0.3609   0.0806  +2.00    -4     5    9.2  0.1519
   4   0.3912   0.0724  +1.50    -6     1   10.4  0.1533
   5   0.3687   0.2169  +0.00     0     2    3.8  0.2846
   6   0.3747   0.0735  +0.00     0     2    7.4  0.2592
   7   0.5122   0.0655  +2.00    -2    -3    7.8  0.2740

[resumen] NCC a level 0, señal  : medio 0.3233, mediana 0.3687, rango 0.0920..0.5122
[resumen] NCC a level 0, control: medio 0.0905, mediana 0.0735, máximo 0.2169
[resumen] separación señal-control: 4.4 sd del control; ventanas con señal > máximo del control: 5/7

[out] /media/administrador/Storage1/sdonoso/clam_testing2/oncomets-ernesto/sprints/B8_sprint8/anotaciones_patologo/regiones_escaneo/157376_registro_level0.png  (izq = región 0 en (20480,31488), der = lo mejor que se encontró en la región 1, NCC 0.5122)
[out] /media/administrador/Storage1/sdonoso/clam_testing2/oncomets-ernesto/sprints/B8_sprint8/anotaciones_patologo/regiones_escaneo/registro_157376.json
