[silueta] level 6 (downsample 64), miniatura 500x420
[silueta] NCC sin registrar 0.9784, registrada 0.9834 (dx=0 dy=-1536 px de level 0)
[silueta] control contra la región 1 espejada: -0.4618
[silueta] OJO: esta medida la domina el CONTORNO del tejido, no las células. Dos secciones seriadas del mismo bloque también la pasan.

[etapa A] 5 ventanas de 1024 px (476 µm) repartidas en grilla 4x4; búsqueda ±2048 px (952 µm) a level 2
vent      x0      y0      NCC      dx      dy     sd     2do
   1   25536   11840   0.0497     700    1780    4.0  0.0431
   2   28608   18560   0.1562    -852   -1596    3.6  0.1518
   3   23680   17024   0.0744    -580   -1144    2.8  0.0679
   4   27072    3584   0.0652    -804    2012    4.1  0.0614

[rígido] ajuste con 4 ventanas sobre 7.3 mm de vidrio: rotación +0.141°, escala 0.76071
[rígido] residuo: RMS 975 px = 453 µm, máximo 740 µm

[etapa B] level 0, plantilla 512 px (238 µm), residual ±48 px, rotación ±8.0° en pasos de 0.5°
vent      NCC     ctrl      θ    dx    dy     sd     2do
   1   0.0339  -0.0082  -2.50     4   -35    4.6  0.0303
   2   0.2393   0.0016  +7.00    24   -45    2.2  0.2293
   3   0.0341   0.0329  +0.00   -48   -48    3.6  0.0297
   4   0.0507   0.0332  -6.00    44    38    4.4  0.0409

[resumen] NCC a level 0, señal  : medio 0.0895, mediana 0.0424, rango 0.0339..0.2393
[resumen] NCC a level 0, control: medio 0.0149, mediana 0.0172, máximo 0.0332
[resumen] separación señal-control: 4.0 sd del control; ventanas con señal > máximo del control: 4/4

[out] /media/administrador/Storage1/sdonoso/clam_testing2/oncomets-ernesto/sprints/B8_sprint8/anotaciones_patologo/regiones_escaneo/159188_registro_level0.png  (izq = región 0 en (28864,18816), der = lo mejor que se encontró en la región 1, NCC 0.2393)
[out] /media/administrador/Storage1/sdonoso/clam_testing2/oncomets-ernesto/sprints/B8_sprint8/anotaciones_patologo/regiones_escaneo/registro_159188.json
