[silueta] level 6 (downsample 64), miniatura 380x340
[silueta] NCC sin registrar 0.9727, registrada 0.9737 (dx=0 dy=-640 px de level 0)
[silueta] control contra la región 1 espejada: -0.5890
[silueta] OJO: esta medida la domina el CONTORNO del tejido, no las células. Dos secciones seriadas del mismo bloque también la pasan.

[etapa A] 6 ventanas de 1024 px (476 µm) repartidas en grilla 4x4; búsqueda ±2048 px (952 µm) a level 2
vent      x0      y0      NCC      dx      dy     sd     2do
   0   27008   12416   0.1865   -1632   -1480    3.1  0.1529
   1   31040   10880   0.2574     380     620    3.2  0.2529
   2   28480    8512   0.0629    1884    1648    3.5  0.0608
   3   28032    8512   0.1951    -856     124    2.8  0.1857
   4   32576   17344   0.1558   -1520   -1048    3.4  0.1534
   5   32064    3072   0.1469   -1988    2024    4.2  0.1381

[rígido] ajuste con 6 ventanas sobre 7.1 mm de vidrio: rotación +3.250°, escala 0.77224
[rígido] residuo: RMS 1491 px = 693 µm, máximo 1094 µm

[etapa B] level 0, plantilla 512 px (238 µm), residual ±48 px, rotación ±8.0° en pasos de 0.5°
vent      NCC     ctrl      θ    dx    dy     sd     2do
   0   0.0210  -0.1164  -8.00    47   -35    3.2  0.0165
   1   0.2692   0.2289  -3.00    39    48    2.7  0.2653
   2   0.0760   0.0400  -8.00    21   -46    4.3  0.0709
   3   0.0306   0.0278  +3.50    48   -30    4.9  0.0202
   4   0.1768   0.0948  +3.50   -34     6    3.5  0.1627
   5   0.0356   0.0157  +7.50   -13    46    1.8  0.0333

[resumen] NCC a level 0, señal  : medio 0.1015, mediana 0.0558, rango 0.0210..0.2692
[resumen] NCC a level 0, control: medio 0.0485, mediana 0.0339, máximo 0.2289
[resumen] separación señal-control: 0.5 sd del control; ventanas con señal > máximo del control: 1/6

[out] /media/administrador/Storage1/sdonoso/clam_testing2/oncomets-ernesto/sprints/B8_sprint8/anotaciones_patologo/regiones_escaneo/160814_registro_level0.png  (izq = región 0 en (31296,11136), der = lo mejor que se encontró en la región 1, NCC 0.2692)
[out] /media/administrador/Storage1/sdonoso/clam_testing2/oncomets-ernesto/sprints/B8_sprint8/anotaciones_patologo/regiones_escaneo/registro_160814.json
