[silueta] level 6 (downsample 64), miniatura 480x520
[silueta] NCC sin registrar 0.9492, registrada 0.9596 (dx=0 dy=1536 px de level 0)
[silueta] control contra la región 1 espejada: -0.4189
[silueta] OJO: esta medida la domina el CONTORNO del tejido, no las células. Dos secciones seriadas del mismo bloque también la pasan.

[etapa A] 8 ventanas de 1024 px (476 µm) repartidas en grilla 4x4; búsqueda ±2048 px (952 µm) a level 2
vent      x0      y0      NCC      dx      dy     sd     2do
   0   19968   28032   0.5705   -1728    -456    3.6  0.5498
   1   16896   21760   0.5846   -1884   -1736    3.1  0.5775
   2   25088   18176   0.3271    1552   -2048    3.2  0.2895
   3   14848   13952   0.5735    1516   -2048    3.0  0.5317
   4   19456    8832   0.4592    1628   -1996    3.3  0.3813
   5   26112    8320   0.3176    1560   -1616    3.2  0.2753
   6   20480    4096   0.6126    -780    1300    2.4  0.5931
   7   25600    2048   0.5192    -788    -976    3.1  0.4662

[rígido] ajuste con 6 ventanas sobre 12.8 mm de vidrio: rotación +3.987°, escala 1.00415
[rígido] residuo: RMS 1668 px = 776 µm, máximo 1165 µm

[etapa B] level 0, plantilla 512 px (238 µm), residual ±48 px, rotación ±8.0° en pasos de 0.5°
vent      NCC     ctrl      θ    dx    dy     sd     2do
   0   0.3139   0.2294  +3.00    48    32    2.7  0.2773
   1   0.6644   0.3170  -8.00    48    48    1.5  0.6608
   2   0.4219   0.4912  -8.00    48   -48    2.7  0.3868
   3   0.7926  -0.0205  +4.00    17   -48    2.2  0.7827
   4   0.4511   0.0116  -8.00    25    48    1.9  0.4342
   5   0.3893   0.0379  -8.00   -15    17    1.7  0.3656
   6   0.5956   0.4883  +2.50   -17   -48    2.4  0.5760
   7   0.4757   0.2480  -8.00    21    48    2.2  0.4673

[resumen] NCC a level 0, señal  : medio 0.5131, mediana 0.4634, rango 0.3139..0.7926
[resumen] NCC a level 0, control: medio 0.2254, mediana 0.2387, máximo 0.4912
[resumen] separación señal-control: 1.5 sd del control; ventanas con señal > máximo del control: 3/8

[out] /media/administrador/Storage1/sdonoso/clam_testing2/oncomets-ernesto/sprints/B8_sprint8/anotaciones_patologo/regiones_escaneo/B25-150881_registro_level0.png  (izq = región 0 en (15104,14208), der = lo mejor que se encontró en la región 1, NCC 0.7926)
[out] /media/administrador/Storage1/sdonoso/clam_testing2/oncomets-ernesto/sprints/B8_sprint8/anotaciones_patologo/regiones_escaneo/registro_B25-150881.json
