[silueta] level 6 (downsample 64), miniatura 580x540
[silueta] NCC sin registrar 0.9850, registrada 0.9890 (dx=0 dy=-576 px de level 0)
[silueta] control contra la región 1 espejada: -0.5611
[silueta] OJO: esta medida la domina el CONTORNO del tejido, no las células. Dos secciones seriadas del mismo bloque también la pasan.

[etapa A] 8 ventanas de 1024 px (476 µm) repartidas en grilla 4x4; búsqueda ±2048 px (952 µm) a level 2
vent      x0      y0      NCC      dx      dy     sd     2do
   0   30912    2560   0.3747     344     536    3.6  0.2896
   2   32960   17792   0.3454    -176     748    4.5  0.2380
   3   31424    8640   0.6848     100     604   12.0  0.2947
   4   19072   19840   0.5205    -140     360    7.4  0.2023
   5   16960   16320   0.3389      28     276    4.9  0.2110
   6   16960   17280   0.3341      -4     288    7.2  0.1732
   7   27264   28992   0.5891    -480     592    8.4  0.2261

[rígido] ajuste con 7 ventanas sobre 14.4 mm de vidrio: rotación +1.554°, escala 1.00085
[rígido] residuo: RMS 85 px = 39 µm, máximo 49 µm

[etapa B] level 0, plantilla 512 px (238 µm), residual ±48 px, rotación ±8.0° en pasos de 0.5°
vent      NCC     ctrl      θ    dx    dy     sd     2do
   0   0.3424   0.0454  +2.50     1    -7    8.5  0.1711
   2   0.3786   0.0194  +2.00   -10    -3    6.1  0.2281
   3   0.5842   0.0253  +0.50    -1     2    6.5  0.3679
   4   0.5925   0.0428  +2.00     6    -3   10.1  0.3087
   5   0.3519   0.0669  +2.00    -8     9    5.0  0.2572
   6   0.2537   0.0892  +0.00     2    13    2.7  0.2365
   7   0.5795   0.0429  +1.50    -4     1   11.1  0.2552

[resumen] NCC a level 0, señal  : medio 0.4404, mediana 0.3786, rango 0.2537..0.5925
[resumen] NCC a level 0, control: medio 0.0474, mediana 0.0429, máximo 0.0892
[resumen] separación señal-control: 17.7 sd del control; ventanas con señal > máximo del control: 7/7

[out] /media/administrador/Storage1/sdonoso/clam_testing2/oncomets-ernesto/sprints/B8_sprint8/anotaciones_patologo/regiones_escaneo/B25-162426_registro_level0.png  (izq = región 0 en (19328,20096), der = lo mejor que se encontró en la región 1, NCC 0.5925)
[out] /media/administrador/Storage1/sdonoso/clam_testing2/oncomets-ernesto/sprints/B8_sprint8/anotaciones_patologo/regiones_escaneo/registro_B25-162426.json
