[silueta] level 6 (downsample 64), miniatura 640x540
[silueta] NCC sin registrar 0.9824, registrada 0.9837 (dx=0 dy=-384 px de level 0)
[silueta] control contra la región 1 espejada: -0.2746
[silueta] OJO: esta medida la domina el CONTORNO del tejido, no las células. Dos secciones seriadas del mismo bloque también la pasan.

[etapa A] 8 ventanas de 1024 px (476 µm) repartidas en grilla 4x4; búsqueda ±2048 px (952 µm) a level 2
vent      x0      y0      NCC      dx      dy     sd     2do
   1   25600   74560   0.0729     212    -560    6.6  0.0433
   2   19968   66432   0.0752     660    -552    9.1  0.0380
   3   31232   65920   0.1258     440    -552    2.3  0.1248
   4   20480   65920   0.0898     696    -540    5.0  0.0511
   5   35328   61888   0.1409     752    -356    2.3  0.1403
   6   24576   57280   0.2095    1068    -260    4.4  0.1823
   7   27648   51712   0.0987    1268    -516    3.5  0.0980

[rígido] ajuste con 7 ventanas sobre 12.8 mm de vidrio: rotación +1.859°, escala 0.99532
[rígido] residuo: RMS 209 px = 97 µm, máximo 132 µm

[etapa B] level 0, plantilla 512 px (238 µm), residual ±48 px, rotación ±8.0° en pasos de 0.5°
vent      NCC     ctrl      θ    dx    dy     sd     2do
   1   0.3494   0.0393  +3.00    17    -1   17.0  0.0552
   2   0.3242   0.0370  +2.00     9    -2   22.6  0.0336
   3   0.0681   0.0459  -3.50   -14   -20    3.8  0.0598
   4   0.3122   0.0831  +2.00    -7     3   22.5  0.0472
   5   0.0824   0.0213  -1.50    35    -7    4.2  0.0681
   6   0.2240   0.0280  +3.50     9   -13    4.8  0.1278
   7   0.0677   0.0587  +8.00     2   -29    3.6  0.0431

[resumen] NCC a level 0, señal  : medio 0.2040, mediana 0.2240, rango 0.0677..0.3494
[resumen] NCC a level 0, control: medio 0.0448, mediana 0.0393, máximo 0.0831
[resumen] separación señal-control: 8.3 sd del control; ventanas con señal > máximo del control: 4/7

[out] /media/administrador/Storage1/sdonoso/clam_testing2/oncomets-ernesto/sprints/B8_sprint8/anotaciones_patologo/regiones_escaneo/B25-164009_registro_level0.png  (izq = región 0 en (25856,74816), der = lo mejor que se encontró en la región 1, NCC 0.3494)
[out] /media/administrador/Storage1/sdonoso/clam_testing2/oncomets-ernesto/sprints/B8_sprint8/anotaciones_patologo/regiones_escaneo/registro_B25-164009.json
