[silueta] level 6 (downsample 64), miniatura 500x440
[silueta] NCC sin registrar 0.9652, registrada 0.9654 (dx=0 dy=768 px de level 0)
[silueta] control contra la región 1 espejada: -0.5720
[silueta] OJO: esta medida la domina el CONTORNO del tejido, no las células. Dos secciones seriadas del mismo bloque también la pasan.

[etapa A] 8 ventanas de 1024 px (476 µm) repartidas en grilla 4x4; búsqueda ±2048 px (952 µm) a level 2
vent      x0      y0      NCC      dx      dy     sd     2do
   0   23680   77312   0.1635    1296     -12    2.9  0.1622
   1   30656   66688   0.1568    -248    -644    3.7  0.1466
   2   21120   64256   0.1019    -180    1204    3.3  0.0951
   3   16000   69248   0.1577      88   -1892    3.9  0.1509
   4   26560   63232   0.0873    -796   -2032    3.9  0.0822
   5   15680   68736   0.3028    1584   -1684    4.1  0.3015
   6   20608   80256   0.0855   -1576     -60    4.9  0.0767
   7   24000   76800   0.1865    -584   -1296    3.4  0.1844

[rígido] ajuste con 8 ventanas sobre 10.5 mm de vidrio: rotación +1.294°, escala 0.99052
[rígido] residuo: RMS 1431 px = 666 µm, máximo 925 µm

[etapa B] level 0, plantilla 512 px (238 µm), residual ±48 px, rotación ±8.0° en pasos de 0.5°
vent      NCC     ctrl      θ    dx    dy     sd     2do
   0   0.1996   0.0257  +8.00     3   -10    3.5  0.1866
   1   0.0980   0.0445  +5.00    15    32    3.5  0.0918
   2   0.0984   0.0671  -6.00   -26    -9    3.6  0.0861
   3   0.1532   0.0488  +8.00   -48   -31    3.1  0.1388
   4   0.0788   0.0223  -3.00    -1    -8    3.1  0.0665
   5   0.1160  -0.0392  -6.00    44   -13    2.6  0.1098
   6   0.0796   0.0360  +0.00    13   -16    3.8  0.0704
   7   0.0462   0.0564  +7.00    48    48    2.3  0.0418

[resumen] NCC a level 0, señal  : medio 0.1087, mediana 0.0982, rango 0.0462..0.1996
[resumen] NCC a level 0, control: medio 0.0327, mediana 0.0403, máximo 0.0671
[resumen] separación señal-control: 2.5 sd del control; ventanas con señal > máximo del control: 7/8

[out] /media/administrador/Storage1/sdonoso/clam_testing2/oncomets-ernesto/sprints/B8_sprint8/anotaciones_patologo/regiones_escaneo/B25-158771_registro_level0.png  (izq = región 0 en (23936,77568), der = lo mejor que se encontró en la región 1, NCC 0.1996)
[out] /media/administrador/Storage1/sdonoso/clam_testing2/oncomets-ernesto/sprints/B8_sprint8/anotaciones_patologo/regiones_escaneo/registro_B25-158771.json
