[silueta] level 6 (downsample 64), miniatura 500x480
[silueta] NCC sin registrar 0.9649, registrada 0.9747 (dx=0 dy=-704 px de level 0)
[silueta] control contra la región 1 espejada: -0.7008
[silueta] OJO: esta medida la domina el CONTORNO del tejido, no las células. Dos secciones seriadas del mismo bloque también la pasan.

[etapa A] 8 ventanas de 1024 px (476 µm) repartidas en grilla 4x4; búsqueda ±2048 px (952 µm) a level 2
vent      x0      y0      NCC      dx      dy     sd     2do
   0   24000   23040   0.0327    -908    -164    4.8  0.0326
   1   22656   23040   0.0349     240     516    5.0  0.0326
   2   28608   18432   0.3305     184     984    2.7  0.3028
   3   20608   18432   0.1209     104     524    4.2  0.1107
   4   18048    7680   0.1057    1096     416    5.7  0.0867
   5   22144    6144   0.0444     200    -364    4.9  0.0416
   6   24512    3072   0.1631    1456     768    3.9  0.1253
   7   15680    8704   0.8383    1000     320    2.6  0.7559

[rígido] ajuste con 8 ventanas sobre 11.1 mm de vidrio: rotación +3.798°, escala 0.99087
[rígido] residuo: RMS 590 px = 274 µm, máximo 507 µm

[etapa B] level 0, plantilla 512 px (238 µm), residual ±48 px, rotación ±8.0° en pasos de 0.5°
vent      NCC     ctrl      θ    dx    dy     sd     2do
   0   0.0632   0.0383  -6.50    23   -18    3.8  0.0560
   1   0.0409   0.0447  +4.50   -10    -8    3.9  0.0328
   2   0.2614   0.0293  +5.00   -26    26   14.4  0.0801
   3   0.2094   0.0347  +3.00     4    13   10.7  0.0623
   4   0.2008   0.0368  +3.00    10    19   24.0  0.0320
   5   0.0298   0.0462  +5.00    28    26    4.0  0.0228
   6   0.2740   0.0042  +2.50     0    16   17.3  0.0674
   7   0.7989   0.0489  +3.50    18   -11    3.7  0.7122

[resumen] NCC a level 0, señal  : medio 0.2348, mediana 0.2051, rango 0.0298..0.7989
[resumen] NCC a level 0, control: medio 0.0354, mediana 0.0375, máximo 0.0489
[resumen] separación señal-control: 15.0 sd del control; ventanas con señal > máximo del control: 6/8

[out] /media/administrador/Storage1/sdonoso/clam_testing2/oncomets-ernesto/sprints/B8_sprint8/anotaciones_patologo/regiones_escaneo/B25-163767_registro_level0.png  (izq = región 0 en (15936,8960), der = lo mejor que se encontró en la región 1, NCC 0.7989)
[out] /media/administrador/Storage1/sdonoso/clam_testing2/oncomets-ernesto/sprints/B8_sprint8/anotaciones_patologo/regiones_escaneo/registro_B25-163767.json
