[silueta] level 6 (downsample 64), miniatura 480x460
[silueta] NCC sin registrar 0.9631, registrada 0.9641 (dx=0 dy=192 px de level 0)
[silueta] control contra la región 1 espejada: -0.2716
[silueta] OJO: esta medida la domina el CONTORNO del tejido, no las células. Dos secciones seriadas del mismo bloque también la pasan.

[etapa A] 8 ventanas de 1024 px (476 µm) repartidas en grilla 4x4; búsqueda ±2048 px (952 µm) a level 2
vent      x0      y0      NCC      dx      dy     sd     2do
   0   23040   22080   0.1449    -664    -600    8.7  0.0660
   1   22528   22080   0.1117    -648    -636    6.9  0.0579
   2   13824   22080   0.4141    -588    -928   11.5  0.1388
   3   13824   21888   0.4296    -584    -932   10.6  0.1339
   4   23040   14720   0.4121    -548    -640    4.6  0.2406
   5   21504   14720   0.3914    -532    -660    4.9  0.2042
   6   18944    7872   0.2690    -484    -664    9.1  0.1563
   7   28160    7360   0.2429    -340    -572    8.4  0.0875

[rígido] ajuste con 8 ventanas sobre 9.6 mm de vidrio: rotación +1.097°, escala 0.99635
[rígido] residuo: RMS 74 px = 35 µm, máximo 53 µm

[etapa B] level 0, plantilla 512 px (238 µm), residual ±48 px, rotación ±8.0° en pasos de 0.5°
vent      NCC     ctrl      θ    dx    dy     sd     2do
   0   0.3474   0.0621  +2.00     8    -6   11.5  0.1215
   1   0.2546   0.0681  +2.00     2     9   13.0  0.0832
   2   0.4267   0.0679  +0.50     3    -3   10.7  0.1626
   3   0.4449   0.0340  +0.00    -2     2   11.6  0.1348
   4   0.4200   0.0247  +1.00    -5     2   22.0  0.1091
   5   0.3583   0.0204  +0.50    -1     0   25.9  0.1051
   6   0.2986   0.0488  +0.50    -2    -1   12.4  0.1463
   7   0.2645   0.0570  +0.50     0     3   21.8  0.0492

[resumen] NCC a level 0, señal  : medio 0.3519, mediana 0.3528, rango 0.2546..0.4449
[resumen] NCC a level 0, control: medio 0.0479, mediana 0.0529, máximo 0.0681
[resumen] separación señal-control: 16.9 sd del control; ventanas con señal > máximo del control: 8/8

[out] /media/administrador/Storage1/sdonoso/clam_testing2/oncomets-ernesto/sprints/B8_sprint8/anotaciones_patologo/regiones_escaneo/B25-151501_registro_level0.png  (izq = región 0 en (14080,22144), der = lo mejor que se encontró en la región 1, NCC 0.4449)
[out] /media/administrador/Storage1/sdonoso/clam_testing2/oncomets-ernesto/sprints/B8_sprint8/anotaciones_patologo/regiones_escaneo/registro_B25-151501.json
