[silueta] level 6 (downsample 64), miniatura 640x480
[silueta] NCC sin registrar 0.9602, registrada 0.9606 (dx=0 dy=-192 px de level 0)
[silueta] control contra la región 1 espejada: -0.1451
[silueta] OJO: esta medida la domina el CONTORNO del tejido, no las células. Dos secciones seriadas del mismo bloque también la pasan.

[etapa A] 8 ventanas de 1024 px (476 µm) repartidas en grilla 4x4; búsqueda ±2048 px (952 µm) a level 2
vent      x0      y0      NCC      dx      dy     sd     2do
   0   35328    3072   0.1909   -1416    -368    2.3  0.1864
   1   27136   12800   0.2960     392     576    6.2  0.1770
   2   10240    9728   0.1409    2044    1024    3.1  0.1378
   3    9728    9728   0.2110   -1580     804    3.1  0.2027
   4   30208   22016   0.3188     848     504    4.1  0.2078
   5   10752    7168   0.2257     220    1176    4.2  0.1673
   6    8704   16896   0.5680     656    1204    6.7  0.4511
   7   16896   19968   0.6390     708     956    5.3  0.5218

[rígido] ajuste con 7 ventanas sobre 15.2 mm de vidrio: rotación -3.639°, escala 1.00581
[rígido] residuo: RMS 755 px = 351 µm, máximo 652 µm

[etapa B] level 0, plantilla 512 px (238 µm), residual ±48 px, rotación ±8.0° en pasos de 0.5°
vent      NCC     ctrl      θ    dx    dy     sd     2do
   0   0.1182   0.0431  +6.50   -31    48    3.7  0.1058
   1   0.1574   0.0211  -2.50     2    -3   10.5  0.0689
   2   0.0474   0.0386  +7.00     4   -25    3.6  0.0465
   3   0.1065   0.0224  +6.50     5    39    3.3  0.0899
   4   0.2349   0.0666  -5.00    24    -7    2.4  0.1962
   5   0.2693   0.0797  -4.50    22    -9    2.3  0.2533
   6   0.3579   0.1000  -1.00   -33    25    2.8  0.3239
   7   0.4513   0.1541  -3.00    -7    15    3.4  0.3871

[resumen] NCC a level 0, señal  : medio 0.2179, mediana 0.1962, rango 0.0474..0.4513
[resumen] NCC a level 0, control: medio 0.0657, mediana 0.0548, máximo 0.1541
[resumen] separación señal-control: 3.6 sd del control; ventanas con señal > máximo del control: 5/8

[out] /media/administrador/Storage1/sdonoso/clam_testing2/oncomets-ernesto/sprints/B8_sprint8/anotaciones_patologo/regiones_escaneo/B25-150006_registro_level0.png  (izq = región 0 en (17152,20224), der = lo mejor que se encontró en la región 1, NCC 0.4513)
[out] /media/administrador/Storage1/sdonoso/clam_testing2/oncomets-ernesto/sprints/B8_sprint8/anotaciones_patologo/regiones_escaneo/registro_B25-150006.json
