[silueta] level 6 (downsample 64), miniatura 560x340
[silueta] NCC sin registrar 0.9833, registrada 0.9908 (dx=0 dy=512 px de level 0)
[silueta] control contra la región 1 espejada: -0.4445
[silueta] OJO: esta medida la domina el CONTORNO del tejido, no las células. Dos secciones seriadas del mismo bloque también la pasan.

[etapa A] 8 ventanas de 1024 px (476 µm) repartidas en grilla 4x4; búsqueda ±2048 px (952 µm) a level 2
vent      x0      y0      NCC      dx      dy     sd     2do
   0   29440   10880   0.2544     -48    -456    3.2  0.1997
   1   24832    9024   0.2051     -44   -1312    2.2  0.2045
   2   32256    5440   0.1838    -220    -608    4.6  0.1291
   3   32256    5120   0.2967    -228    -608    3.5  0.2329
   4   30720   13952   0.7444      56    -512    3.5  0.5580
   5   28416   17344   0.2124   -1128   -2048    2.7  0.2111
   6   20480   12416   0.6780      16    -188    3.5  0.4880
   7   34304   16320   0.4113     116    -624    4.5  0.2654

[rígido] ajuste con 7 ventanas sobre 8.3 mm de vidrio: rotación -0.861°, escala 1.00607
[rígido] residuo: RMS 326 px = 151 µm, máximo 351 µm

[etapa B] level 0, plantilla 512 px (238 µm), residual ±48 px, rotación ±8.0° en pasos de 0.5°
vent      NCC     ctrl      θ    dx    dy     sd     2do
   0   0.2327   0.0796  +0.00    -1    -2    5.2  0.1735
   1   0.1367   0.0206  -8.00    44   -34    3.5  0.1249
   2   0.2432   0.0399  -1.00     0   -16    7.9  0.1061
   3   0.2833   0.1330  -1.50    -1   -19    8.0  0.1651
   4   0.6085   0.1563  +0.00   -13     0    3.2  0.5671
   5   0.1441   0.0210  -3.00    42     2    3.2  0.1400
   6   0.4113   0.1151  -1.00    -2     2    7.8  0.2487
   7   0.3605   0.0761  -2.00     7     3    9.4  0.1688

[resumen] NCC a level 0, señal  : medio 0.3025, mediana 0.2632, rango 0.1367..0.6085
[resumen] NCC a level 0, control: medio 0.0802, mediana 0.0778, máximo 0.1563
[resumen] separación señal-control: 4.6 sd del control; ventanas con señal > máximo del control: 6/8

[out] /media/administrador/Storage1/sdonoso/clam_testing2/oncomets-ernesto/sprints/B8_sprint8/anotaciones_patologo/regiones_escaneo/B25-163514_registro_level0.png  (izq = región 0 en (30976,14208), der = lo mejor que se encontró en la región 1, NCC 0.6085)
[out] /media/administrador/Storage1/sdonoso/clam_testing2/oncomets-ernesto/sprints/B8_sprint8/anotaciones_patologo/regiones_escaneo/registro_B25-163514.json
