[silueta] level 6 (downsample 64), miniatura 660x660
[silueta] NCC sin registrar 0.9080, registrada 0.9080 (dx=0 dy=0 px de level 0)
[silueta] control contra la región 1 espejada: -0.1698
[silueta] OJO: esta medida la domina el CONTORNO del tejido, no las células. Dos secciones seriadas del mismo bloque también la pasan.

[etapa A] 8 ventanas de 1024 px (476 µm) repartidas en grilla 4x4; búsqueda ±2048 px (952 µm) a level 2
vent      x0      y0      NCC      dx      dy     sd     2do
   0   34752   22144   0.0917    1504     316    3.5  0.0878
   1   15680   13120   0.1399    1180    2048    4.7  0.1283
   2   29312   18752   0.1134     692    -864    3.7  0.1121
   3   34752   20800   0.1752    1192    1784    4.8  0.1651
   4   33728    6656   0.2596    1592     728    6.3  0.2154
   5   28288    5120   0.1124    1288    1412    5.5  0.1051
   6   15680   36288   0.1134     648    -344    4.6  0.0962
   7   29824   21632   0.1104    1712    1952    5.4  0.0959

[rígido] ajuste con 7 ventanas sobre 17.0 mm de vidrio: rotación +1.950°, escala 0.98677
[rígido] residuo: RMS 984 px = 458 µm, máximo 773 µm

[etapa B] level 0, plantilla 512 px (238 µm), residual ±48 px, rotación ±8.0° en pasos de 0.5°
vent      NCC     ctrl      θ    dx    dy     sd     2do
   0   0.0792   0.0176  -4.50    19   -45    3.1  0.0620
   1   0.1247   0.0657  -5.00   -36    13    2.4  0.1210
   2   0.1317   0.1682  -8.00    24    27    2.9  0.1219
   3   0.2248   0.0543  +8.00    22   -37    4.0  0.2010
   4   0.2557   0.0373  -4.50     1    10   10.6  0.0780
   5   0.1424   0.0198  -2.50    25     9    8.8  0.0940
   6   0.0293  -0.0298  -8.00   -20    32    2.7  0.0267
   7   0.1982   0.0282  +0.00   -27     1    2.3  0.1905

[resumen] NCC a level 0, señal  : medio 0.1483, mediana 0.1370, rango 0.0293..0.2557
[resumen] NCC a level 0, control: medio 0.0452, mediana 0.0328, máximo 0.1682
[resumen] separación señal-control: 1.9 sd del control; ventanas con señal > máximo del control: 3/8

[out] /media/administrador/Storage1/sdonoso/clam_testing2/oncomets-ernesto/sprints/B8_sprint8/anotaciones_patologo/regiones_escaneo/B25-150234_registro_level0.png  (izq = región 0 en (33984,6912), der = lo mejor que se encontró en la región 1, NCC 0.2557)
[out] /media/administrador/Storage1/sdonoso/clam_testing2/oncomets-ernesto/sprints/B8_sprint8/anotaciones_patologo/regiones_escaneo/registro_B25-150234.json
