[silueta] level 6 (downsample 64), miniatura 560x640
[silueta] NCC sin registrar 0.9559, registrada 0.9611 (dx=0 dy=1536 px de level 0)
[silueta] control contra la región 1 espejada: -0.3063
[silueta] OJO: esta medida la domina el CONTORNO del tejido, no las células. Dos secciones seriadas del mismo bloque también la pasan.

[etapa A] 8 ventanas de 1024 px (476 µm) repartidas en grilla 4x4; búsqueda ±2048 px (952 µm) a level 2
vent      x0      y0      NCC      dx      dy     sd     2do
   0   28160   78080   0.1440   -2044    1576    4.9  0.1411
   1   25344   76544   0.1981     596      92    2.5  0.1964
   2   24832   66304   0.1071    -724     368    3.0  0.1033
   3   33792   65280   0.1450   -1616   -1624    3.6  0.1425
   4   31232   61184   0.2036    -472   -1488    3.0  0.1954
   5   17920   60672   0.1167    1364   -1604    3.5  0.1155
   6   26880   59136   0.0809    1932   -1596    4.3  0.0639
   7   15872   65280   0.2198    1600     552    3.9  0.2133

[rígido] ajuste con 7 ventanas sobre 11.6 mm de vidrio: rotación -1.343°, escala 0.96732
[rígido] residuo: RMS 1536 px = 714 µm, máximo 930 µm

[etapa B] level 0, plantilla 512 px (238 µm), residual ±48 px, rotación ±8.0° en pasos de 0.5°
vent      NCC     ctrl      θ    dx    dy     sd     2do
   0   0.0429   0.0452  -6.00    39    48    3.6  0.0309
   1   0.1353   0.0997  +6.50    -6    -9    3.4  0.1324
   2   0.0737   0.0613  -8.00   -22   -32    4.1  0.0646
   3   0.1110   0.0704  +4.00    22    -1    3.9  0.0882
   4   0.0389   0.0404  +1.00   -42   -10    4.3  0.0261
   5   0.0719   0.0681  +1.00    12   -39    3.1  0.0671
   6   0.0324   0.0458  +8.00    18    17    3.5  0.0263
   7   0.1089   0.0609  -2.00    16    38    3.9  0.0955

[resumen] NCC a level 0, señal  : medio 0.0769, mediana 0.0728, rango 0.0324..0.1353
[resumen] NCC a level 0, control: medio 0.0615, mediana 0.0611, máximo 0.0997
[resumen] separación señal-control: 0.9 sd del control; ventanas con señal > máximo del control: 3/8

[out] /media/administrador/Storage1/sdonoso/clam_testing2/oncomets-ernesto/sprints/B8_sprint8/anotaciones_patologo/regiones_escaneo/B25-151249_registro_level0.png  (izq = región 0 en (25600,76800), der = lo mejor que se encontró en la región 1, NCC 0.1353)
[out] /media/administrador/Storage1/sdonoso/clam_testing2/oncomets-ernesto/sprints/B8_sprint8/anotaciones_patologo/regiones_escaneo/registro_B25-151249.json
