[silueta] level 6 (downsample 64), miniatura 580x480
[silueta] NCC sin registrar 0.9767, registrada 0.9917 (dx=0 dy=-1472 px de level 0)
[silueta] control contra la región 1 espejada: -0.3709
[silueta] OJO: esta medida la domina el CONTORNO del tejido, no las células. Dos secciones seriadas del mismo bloque también la pasan.

[etapa A] 8 ventanas de 1024 px (476 µm) repartidas en grilla 4x4; búsqueda ±2048 px (952 µm) a level 2
vent      x0      y0      NCC      dx      dy     sd     2do
   0   30912   23040   0.1524    -304    1620    4.4  0.1260
   1   31936   15872   0.1659    -884    -324    4.1  0.1583
   2   21632   15360   0.2355      40    1232    3.4  0.1766
   3   33472    9216   0.2363    1784    2016    3.3  0.2321
   4   25216    8704   0.1497     236    1352    6.5  0.0939
   5   27840    3584   0.2917     404    1444    4.3  0.1852
   6   18496   10240   0.1662     224    1100    6.9  0.1117
   7   27776    3584   0.2834     404    1444    3.5  0.2165

[rígido] ajuste con 8 ventanas sobre 11.4 mm de vidrio: rotación +2.131°, escala 0.99292
[rígido] residuo: RMS 911 px = 424 µm, máximo 897 µm

[etapa B] level 0, plantilla 512 px (238 µm), residual ±48 px, rotación ±8.0° en pasos de 0.5°
vent      NCC     ctrl      θ    dx    dy     sd     2do
   0   0.2595   0.0154  +3.00   -24    -3   10.4  0.0972
   1   0.0589   0.0386  +8.00   -16   -28    3.5  0.0549
   2   0.4119   0.0328  +2.00    -8    -8    3.5  0.2508
   3   0.1114   0.0262  -3.50    48     6    4.9  0.0951
   4   0.4097   0.0376  +2.50     9    -8   10.2  0.1449
   5   0.2206   0.0307  +0.50     1     1    6.5  0.1137
   6   0.1845   0.0196  +3.00    -7    14    9.7  0.1008
   7   0.1953   0.0480  +1.00     0    -1    9.6  0.0978

[resumen] NCC a level 0, señal  : medio 0.2315, mediana 0.2079, rango 0.0589..0.4119
[resumen] NCC a level 0, control: medio 0.0311, mediana 0.0318, máximo 0.0480
[resumen] separación señal-control: 20.1 sd del control; ventanas con señal > máximo del control: 8/8

[out] /media/administrador/Storage1/sdonoso/clam_testing2/oncomets-ernesto/sprints/B8_sprint8/anotaciones_patologo/regiones_escaneo/B25-162428_registro_level0.png  (izq = región 0 en (21888,15616), der = lo mejor que se encontró en la región 1, NCC 0.4119)
[out] /media/administrador/Storage1/sdonoso/clam_testing2/oncomets-ernesto/sprints/B8_sprint8/anotaciones_patologo/regiones_escaneo/registro_B25-162428.json
