
Load Dataset

============================================================
AUTO-GENERATED LABEL DICTIONARY
============================================================
CSV Path: environ/csv/dataset_grado_histologico_score_total_label.csv
Label Column: label
Number of Classes: 4

Label Mapping (alphabetically sorted):
  'grado 1': 0
  'grado 2': 1
  'grado 3': 2
  'no identificado': 3
============================================================

NOTE: Overriding existing label_dict for task 'grado_histologico_grado_general'
Original had 4 classes, auto-generated has 4 classes

label column: label
label dictionary: {'grado 1': 0, 'grado 2': 1, 'grado 3': 2, 'no identificado': 3}
number of classes: 4
slide-level counts:  
 label
0     5
2    14
1    13
3     6
Name: count, dtype: int64
Patient-LVL; Number of samples registered in class 0: 5
Slide-LVL; Number of samples registered in class 0: 5
Patient-LVL; Number of samples registered in class 1: 11
Slide-LVL; Number of samples registered in class 1: 13
Patient-LVL; Number of samples registered in class 2: 10
Slide-LVL; Number of samples registered in class 2: 14
Patient-LVL; Number of samples registered in class 3: 4
Slide-LVL; Number of samples registered in class 3: 6
split_dir:  /mnt/disco_duro/onco/sebastianDonoso/testMIL/CLAM/environ/splits/grado_histologico_grado_general_100
################# Settings ###################
num_splits:  1
k_start:  -1
k_end:  -1
task:  grado_histologico_grado_general
max_epochs:  30
results_dir:  /mnt/disco_duro/onco/oncologiaEnviron/ernestogamero/oncomets-ernesto/sprints/B3_sprint3/objetivo_2_entrenamiento/logs/20260505_230052_B3_sprint3_20260505_2300_grado_general
lr:  0.0002
experiment:  B3_sprint3_20260505_2300_grado_general
reg:  1e-05
label_frac:  1.0
bag_loss:  ce
seed:  1
model_type:  clam_mb
model_size:  small
use_drop_out:  0.25
weighted_sample:  True
opt:  adam
bag_weight:  0.7
inst_loss:  svm
B:  8
split_dir:  /mnt/disco_duro/onco/sebastianDonoso/testMIL/CLAM/environ/splits/grado_histologico_grado_general_100

Training Fold 0!

Init train/val/test splits... 
Done!
Training on 30 samples
Validating on 4 samples
Testing on 4 samples

Init loss function... Done!

Init Model... Setting tau to 1.0
Done!
CLAM_MB(
  (attention_net): Sequential(
    (0): Linear(in_features=1024, out_features=512, bias=True)
    (1): ReLU()
    (2): Dropout(p=0.25, inplace=False)
    (3): Attn_Net_Gated(
      (attention_a): Sequential(
        (0): Linear(in_features=512, out_features=256, bias=True)
        (1): Tanh()
        (2): Dropout(p=0.25, inplace=False)
      )
      (attention_b): Sequential(
        (0): Linear(in_features=512, out_features=256, bias=True)
        (1): Sigmoid()
        (2): Dropout(p=0.25, inplace=False)
      )
      (attention_c): Linear(in_features=256, out_features=4, bias=True)
    )
  )
  (classifiers): ModuleList(
    (0-3): 4 x Linear(in_features=512, out_features=1, bias=True)
  )
  (instance_classifiers): ModuleList(
    (0-3): 4 x Linear(in_features=512, out_features=2, bias=True)
  )
  (instance_loss_fn): SmoothTop1SVM()
)
Total number of parameters: 794640
Total number of trainable parameters: 794640

Init optimizer ... Done!

Init Loaders... Done!

Setup EarlyStopping... Done!


batch 19, loss: 1.3498, instance_loss: 1.3115, weighted_loss: 1.3383, label: 3, bag_size: 1735


class 0 clustering acc 0.525: correct 126/240
class 1 clustering acc 0.49166666666666664: correct 118/240
Epoch: 0, train_loss: 1.4127, train_clustering_loss:  1.3130, train_error: 0.8000
class 0: acc 0.375, correct 3/8
class 1: acc 0.0, correct 0/7
class 2: acc 0.0, correct 0/8
class 3: acc 0.42857142857142855, correct 3/7

Val Set, val_loss: 1.4184, val_error: 1.0000, auc: 0.3333
class 0 clustering acc 0.25: correct 8/32
class 1 clustering acc 0.03125: correct 1/32
class 0: acc None, correct 0/0
class 1: acc 0.0, correct 0/3
class 2: acc 0.0, correct 0/1
class 3: acc None, correct 0/0
Validation loss decreased (inf --> 1.418382).  Saving model ...


batch 19, loss: 1.3698, instance_loss: 1.3133, weighted_loss: 1.3529, label: 1, bag_size: 9483


class 0 clustering acc 0.4166666666666667: correct 100/240
class 1 clustering acc 0.6583333333333333: correct 158/240
Epoch: 1, train_loss: 1.3785, train_clustering_loss:  1.3115, train_error: 0.7000
class 0: acc 1.0, correct 9/9
class 1: acc 0.0, correct 0/9
class 2: acc 0.0, correct 0/4
class 3: acc 0.0, correct 0/8

Val Set, val_loss: 1.3825, val_error: 1.0000, auc: 0.0000
class 0 clustering acc 0.3125: correct 10/32
class 1 clustering acc 0.5: correct 16/32
class 0: acc None, correct 0/0
class 1: acc 0.0, correct 0/3
class 2: acc 0.0, correct 0/1
class 3: acc None, correct 0/0
Validation loss decreased (1.418382 --> 1.382526).  Saving model ...


batch 19, loss: 1.4521, instance_loss: 1.3092, weighted_loss: 1.4092, label: 3, bag_size: 11696


class 0 clustering acc 0.42083333333333334: correct 101/240
class 1 clustering acc 0.6208333333333333: correct 149/240
Epoch: 2, train_loss: 1.3869, train_clustering_loss:  1.3107, train_error: 0.7000
class 0: acc 0.8571428571428571, correct 6/7
class 1: acc 0.3333333333333333, correct 3/9
class 2: acc 0.0, correct 0/7
class 3: acc 0.0, correct 0/7

Val Set, val_loss: 1.3702, val_error: 0.7500, auc: 0.1667
class 0 clustering acc 0.25: correct 8/32
class 1 clustering acc 0.25: correct 8/32
class 0: acc None, correct 0/0
class 1: acc 0.3333333333333333, correct 1/3
class 2: acc 0.0, correct 0/1
class 3: acc None, correct 0/0
Validation loss decreased (1.382526 --> 1.370199).  Saving model ...


batch 19, loss: 1.2768, instance_loss: 1.3115, weighted_loss: 1.2872, label: 0, bag_size: 5188


class 0 clustering acc 0.43333333333333335: correct 104/240
class 1 clustering acc 0.6875: correct 165/240
Epoch: 3, train_loss: 1.3799, train_clustering_loss:  1.3054, train_error: 0.6000
class 0: acc 0.9166666666666666, correct 11/12
class 1: acc 0.25, correct 1/4
class 2: acc 0.0, correct 0/8
class 3: acc 0.0, correct 0/6

Val Set, val_loss: 1.4665, val_error: 1.0000, auc: 0.1667
class 0 clustering acc 0.65625: correct 21/32
class 1 clustering acc 0.25: correct 8/32
class 0: acc None, correct 0/0
class 1: acc 0.0, correct 0/3
class 2: acc 0.0, correct 0/1
class 3: acc None, correct 0/0
EarlyStopping counter: 1 out of 20


batch 19, loss: 1.4217, instance_loss: 1.2816, weighted_loss: 1.3797, label: 3, bag_size: 12401


class 0 clustering acc 0.6625: correct 159/240
class 1 clustering acc 0.7083333333333334: correct 170/240
Epoch: 4, train_loss: 1.4095, train_clustering_loss:  1.2920, train_error: 0.8000
class 0: acc 1.0, correct 5/5
class 1: acc 0.1, correct 1/10
class 2: acc 0.0, correct 0/8
class 3: acc 0.0, correct 0/7

Val Set, val_loss: 1.3849, val_error: 1.0000, auc: 0.0000
class 0 clustering acc 1.0: correct 32/32
class 1 clustering acc 1.0: correct 32/32
class 0: acc None, correct 0/0
class 1: acc 0.0, correct 0/3
class 2: acc 0.0, correct 0/1
class 3: acc None, correct 0/0
EarlyStopping counter: 2 out of 20


batch 19, loss: 1.2609, instance_loss: 1.2864, weighted_loss: 1.2685, label: 0, bag_size: 10128


class 0 clustering acc 0.8208333333333333: correct 197/240
class 1 clustering acc 0.8666666666666667: correct 208/240
Epoch: 5, train_loss: 1.3622, train_clustering_loss:  1.2749, train_error: 0.6667
class 0: acc 0.6, correct 6/10
class 1: acc 0.4444444444444444, correct 4/9
class 2: acc 0.0, correct 0/5
class 3: acc 0.0, correct 0/6

Val Set, val_loss: 1.3782, val_error: 1.0000, auc: 0.1667
class 0 clustering acc 1.0: correct 32/32
class 1 clustering acc 1.0: correct 32/32
class 0: acc None, correct 0/0
class 1: acc 0.0, correct 0/3
class 2: acc 0.0, correct 0/1
class 3: acc None, correct 0/0
EarlyStopping counter: 3 out of 20


batch 19, loss: 1.2735, instance_loss: 1.2383, weighted_loss: 1.2630, label: 0, bag_size: 8751


class 0 clustering acc 1.0: correct 240/240
class 1 clustering acc 0.8666666666666667: correct 208/240
Epoch: 6, train_loss: 1.3730, train_clustering_loss:  1.2377, train_error: 0.7000
class 0: acc 0.2222222222222222, correct 2/9
class 1: acc 0.7777777777777778, correct 7/9
class 2: acc 0.0, correct 0/6
class 3: acc 0.0, correct 0/6

Val Set, val_loss: 1.3782, val_error: 1.0000, auc: 0.1667
class 0 clustering acc 1.0: correct 32/32
class 1 clustering acc 1.0: correct 32/32
class 0: acc None, correct 0/0
class 1: acc 0.0, correct 0/3
class 2: acc 0.0, correct 0/1
class 3: acc None, correct 0/0
EarlyStopping counter: 4 out of 20


batch 19, loss: 1.3765, instance_loss: 1.1064, weighted_loss: 1.2955, label: 1, bag_size: 7122


class 0 clustering acc 1.0: correct 240/240
class 1 clustering acc 0.7625: correct 183/240
Epoch: 7, train_loss: 1.3862, train_clustering_loss:  1.1977, train_error: 0.7333
class 0: acc 1.0, correct 8/8
class 1: acc 0.0, correct 0/7
class 2: acc 0.0, correct 0/8
class 3: acc 0.0, correct 0/7

Val Set, val_loss: 1.4054, val_error: 1.0000, auc: 0.1667
class 0 clustering acc 1.0: correct 32/32
class 1 clustering acc 1.0: correct 32/32
class 0: acc None, correct 0/0
class 1: acc 0.0, correct 0/3
class 2: acc 0.0, correct 0/1
class 3: acc None, correct 0/0
EarlyStopping counter: 5 out of 20


batch 19, loss: 1.3469, instance_loss: 1.2079, weighted_loss: 1.3052, label: 2, bag_size: 4488


class 0 clustering acc 1.0: correct 240/240
class 1 clustering acc 0.8625: correct 207/240
Epoch: 8, train_loss: 1.3874, train_clustering_loss:  1.1182, train_error: 0.6667
class 0: acc 0.5714285714285714, correct 4/7
class 1: acc 0.75, correct 6/8
class 2: acc 0.0, correct 0/8
class 3: acc 0.0, correct 0/7

Val Set, val_loss: 1.3648, val_error: 0.7500, auc: 0.0000
class 0 clustering acc 1.0: correct 32/32
class 1 clustering acc 1.0: correct 32/32
class 0: acc None, correct 0/0
class 1: acc 0.3333333333333333, correct 1/3
class 2: acc 0.0, correct 0/1
class 3: acc None, correct 0/0
Validation loss decreased (1.370199 --> 1.364759).  Saving model ...


batch 19, loss: 1.3532, instance_loss: 0.9270, weighted_loss: 1.2254, label: 1, bag_size: 4712


class 0 clustering acc 1.0: correct 240/240
class 1 clustering acc 0.9916666666666667: correct 238/240
Epoch: 9, train_loss: 1.3774, train_clustering_loss:  1.0400, train_error: 0.7333
class 0: acc 0.14285714285714285, correct 1/7
class 1: acc 0.16666666666666666, correct 1/6
class 2: acc 0.5, correct 5/10
class 3: acc 0.14285714285714285, correct 1/7

Val Set, val_loss: 1.4071, val_error: 1.0000, auc: 0.3333
class 0 clustering acc 1.0: correct 32/32
class 1 clustering acc 1.0: correct 32/32
class 0: acc None, correct 0/0
class 1: acc 0.0, correct 0/3
class 2: acc 0.0, correct 0/1
class 3: acc None, correct 0/0
EarlyStopping counter: 1 out of 20


batch 19, loss: 1.3100, instance_loss: 1.0846, weighted_loss: 1.2424, label: 3, bag_size: 1735


class 0 clustering acc 1.0: correct 240/240
class 1 clustering acc 0.9666666666666667: correct 232/240
Epoch: 10, train_loss: 1.3610, train_clustering_loss:  0.9432, train_error: 0.5667
class 0: acc 0.0, correct 0/4
class 1: acc 0.7142857142857143, correct 5/7
class 2: acc 0.6666666666666666, correct 6/9
class 3: acc 0.2, correct 2/10

Val Set, val_loss: 1.4194, val_error: 1.0000, auc: 0.0000
class 0 clustering acc 1.0: correct 32/32
class 1 clustering acc 1.0: correct 32/32
class 0: acc None, correct 0/0
class 1: acc 0.0, correct 0/3
class 2: acc 0.0, correct 0/1
class 3: acc None, correct 0/0
EarlyStopping counter: 2 out of 20


batch 19, loss: 1.1065, instance_loss: 1.2608, weighted_loss: 1.1528, label: 3, bag_size: 2334


class 0 clustering acc 0.9208333333333333: correct 221/240
class 1 clustering acc 0.8416666666666667: correct 202/240
Epoch: 11, train_loss: 1.3304, train_clustering_loss:  0.9246, train_error: 0.6333
class 0: acc 0.0, correct 0/4
class 1: acc 0.0, correct 0/6
class 2: acc 0.0, correct 0/9
class 3: acc 1.0, correct 11/11

Val Set, val_loss: 1.4670, val_error: 1.0000, auc: 0.0000
class 0 clustering acc 1.0: correct 32/32
class 1 clustering acc 1.0: correct 32/32
class 0: acc None, correct 0/0
class 1: acc 0.0, correct 0/3
class 2: acc 0.0, correct 0/1
class 3: acc None, correct 0/0
EarlyStopping counter: 3 out of 20


batch 19, loss: 1.1092, instance_loss: 1.0362, weighted_loss: 1.0873, label: 3, bag_size: 12401


class 0 clustering acc 0.9833333333333333: correct 236/240
class 1 clustering acc 0.925: correct 222/240
Epoch: 12, train_loss: 1.2991, train_clustering_loss:  0.8452, train_error: 0.6000
class 0: acc 0.0, correct 0/3
class 1: acc 0.0, correct 0/7
class 2: acc 0.0, correct 0/8
class 3: acc 1.0, correct 12/12

Val Set, val_loss: 1.5120, val_error: 1.0000, auc: 0.0000
class 0 clustering acc 1.0: correct 32/32
class 1 clustering acc 1.0: correct 32/32
class 0: acc None, correct 0/0
class 1: acc 0.0, correct 0/3
class 2: acc 0.0, correct 0/1
class 3: acc None, correct 0/0
EarlyStopping counter: 4 out of 20


batch 19, loss: 1.1585, instance_loss: 1.0399, weighted_loss: 1.1229, label: 3, bag_size: 11696


class 0 clustering acc 0.9958333333333333: correct 239/240
class 1 clustering acc 0.9958333333333333: correct 239/240
Epoch: 13, train_loss: 1.4307, train_clustering_loss:  0.6404, train_error: 0.8000
class 0: acc 0.0, correct 0/9
class 1: acc 0.0, correct 0/5
class 2: acc 0.2, correct 2/10
class 3: acc 0.6666666666666666, correct 4/6

Val Set, val_loss: 1.4859, val_error: 0.7500, auc: 0.1667
class 0 clustering acc 1.0: correct 32/32
class 1 clustering acc 1.0: correct 32/32
class 0: acc None, correct 0/0
class 1: acc 0.0, correct 0/3
class 2: acc 1.0, correct 1/1
class 3: acc None, correct 0/0
EarlyStopping counter: 5 out of 20


batch 19, loss: 1.1808, instance_loss: 0.4201, weighted_loss: 0.9526, label: 2, bag_size: 4488


class 0 clustering acc 1.0: correct 240/240
class 1 clustering acc 0.9: correct 216/240
Epoch: 14, train_loss: 1.3476, train_clustering_loss:  0.5513, train_error: 0.7000
class 0: acc 0.14285714285714285, correct 1/7
class 1: acc 0.0, correct 0/9
class 2: acc 0.8888888888888888, correct 8/9
class 3: acc 0.0, correct 0/5

Val Set, val_loss: 1.4306, val_error: 0.7500, auc: 0.1667
class 0 clustering acc 1.0: correct 32/32
class 1 clustering acc 1.0: correct 32/32
class 0: acc None, correct 0/0
class 1: acc 0.0, correct 0/3
class 2: acc 1.0, correct 1/1
class 3: acc None, correct 0/0
EarlyStopping counter: 6 out of 20


batch 19, loss: 1.0016, instance_loss: 0.2290, weighted_loss: 0.7699, label: 1, bag_size: 7122


class 0 clustering acc 0.9791666666666666: correct 235/240
class 1 clustering acc 0.7958333333333333: correct 191/240
Epoch: 15, train_loss: 1.2819, train_clustering_loss:  0.5343, train_error: 0.5333
class 0: acc 0.0, correct 0/6
class 1: acc 0.9230769230769231, correct 12/13
class 2: acc 0.5, correct 2/4
class 3: acc 0.0, correct 0/7

Val Set, val_loss: 1.2069, val_error: 0.2500, auc: 0.0000
class 0 clustering acc 1.0: correct 32/32
class 1 clustering acc 1.0: correct 32/32
class 0: acc None, correct 0/0
class 1: acc 1.0, correct 3/3
class 2: acc 0.0, correct 0/1
class 3: acc None, correct 0/0
Validation loss decreased (1.364759 --> 1.206858).  Saving model ...


batch 19, loss: 1.4542, instance_loss: 1.4384, weighted_loss: 1.4495, label: 3, bag_size: 1735


class 0 clustering acc 0.9375: correct 225/240
class 1 clustering acc 0.8916666666666667: correct 214/240
Epoch: 16, train_loss: 1.2924, train_clustering_loss:  0.5377, train_error: 0.6667
class 0: acc 0.0, correct 0/7
class 1: acc 1.0, correct 10/10
class 2: acc 0.0, correct 0/5
class 3: acc 0.0, correct 0/8

Val Set, val_loss: 1.2408, val_error: 0.2500, auc: 0.0000
class 0 clustering acc 1.0: correct 32/32
class 1 clustering acc 1.0: correct 32/32
class 0: acc None, correct 0/0
class 1: acc 1.0, correct 3/3
class 2: acc 0.0, correct 0/1
class 3: acc None, correct 0/0
EarlyStopping counter: 1 out of 20


batch 19, loss: 1.1950, instance_loss: 0.9907, weighted_loss: 1.1337, label: 3, bag_size: 2334


class 0 clustering acc 0.9958333333333333: correct 239/240
class 1 clustering acc 0.9916666666666667: correct 238/240
Epoch: 17, train_loss: 1.2974, train_clustering_loss:  0.3945, train_error: 0.6000
class 0: acc 0.3, correct 3/10
class 1: acc 0.8571428571428571, correct 6/7
class 2: acc 0.0, correct 0/6
class 3: acc 0.42857142857142855, correct 3/7

Val Set, val_loss: 1.4490, val_error: 1.0000, auc: 0.3333
class 0 clustering acc 1.0: correct 32/32
class 1 clustering acc 1.0: correct 32/32
class 0: acc None, correct 0/0
class 1: acc 0.0, correct 0/3
class 2: acc 0.0, correct 0/1
class 3: acc None, correct 0/0
EarlyStopping counter: 2 out of 20


batch 19, loss: 1.3732, instance_loss: 0.3627, weighted_loss: 1.0700, label: 0, bag_size: 1525


class 0 clustering acc 0.9875: correct 237/240
class 1 clustering acc 1.0: correct 240/240
Epoch: 18, train_loss: 1.2758, train_clustering_loss:  0.2716, train_error: 0.4667
class 0: acc 0.2857142857142857, correct 2/7
class 1: acc 0.8571428571428571, correct 6/7
class 2: acc 0.6153846153846154, correct 8/13
class 3: acc 0.0, correct 0/3

Val Set, val_loss: 1.4213, val_error: 0.7500, auc: 0.1667
class 0 clustering acc 1.0: correct 32/32
class 1 clustering acc 1.0: correct 32/32
class 0: acc None, correct 0/0
class 1: acc 0.0, correct 0/3
class 2: acc 1.0, correct 1/1
class 3: acc None, correct 0/0
EarlyStopping counter: 3 out of 20


batch 19, loss: 1.3876, instance_loss: 0.2279, weighted_loss: 1.0396, label: 2, bag_size: 6181


class 0 clustering acc 0.9791666666666666: correct 235/240
class 1 clustering acc 1.0: correct 240/240
Epoch: 19, train_loss: 1.3069, train_clustering_loss:  0.3899, train_error: 0.6333
class 0: acc 0.7272727272727273, correct 8/11
class 1: acc 0.16666666666666666, correct 1/6
class 2: acc 0.5, correct 2/4
class 3: acc 0.0, correct 0/9

Val Set, val_loss: 1.6393, val_error: 1.0000, auc: 0.3333
class 0 clustering acc 1.0: correct 32/32
class 1 clustering acc 1.0: correct 32/32
class 0: acc None, correct 0/0
class 1: acc 0.0, correct 0/3
class 2: acc 0.0, correct 0/1
class 3: acc None, correct 0/0
EarlyStopping counter: 4 out of 20


batch 19, loss: 1.1516, instance_loss: 0.0955, weighted_loss: 0.8348, label: 0, bag_size: 8751


class 0 clustering acc 1.0: correct 240/240
class 1 clustering acc 1.0: correct 240/240
Epoch: 20, train_loss: 1.2649, train_clustering_loss:  0.2981, train_error: 0.5333
class 0: acc 1.0, correct 6/6
class 1: acc 0.6666666666666666, correct 4/6
class 2: acc 0.0, correct 0/7
class 3: acc 0.36363636363636365, correct 4/11

Val Set, val_loss: 1.5922, val_error: 1.0000, auc: 0.1667
class 0 clustering acc 1.0: correct 32/32
class 1 clustering acc 1.0: correct 32/32
class 0: acc None, correct 0/0
class 1: acc 0.0, correct 0/3
class 2: acc 0.0, correct 0/1
class 3: acc None, correct 0/0
EarlyStopping counter: 5 out of 20


batch 19, loss: 1.4533, instance_loss: 0.1580, weighted_loss: 1.0647, label: 2, bag_size: 2374


class 0 clustering acc 1.0: correct 240/240
class 1 clustering acc 1.0: correct 240/240
Epoch: 21, train_loss: 1.2400, train_clustering_loss:  0.1975, train_error: 0.6333
class 0: acc 0.0, correct 0/7
class 1: acc 0.3, correct 3/10
class 2: acc 0.0, correct 0/5
class 3: acc 1.0, correct 8/8

Val Set, val_loss: 1.4522, val_error: 1.0000, auc: 0.0000
class 0 clustering acc 1.0: correct 32/32
class 1 clustering acc 1.0: correct 32/32
class 0: acc None, correct 0/0
class 1: acc 0.0, correct 0/3
class 2: acc 0.0, correct 0/1
class 3: acc None, correct 0/0
EarlyStopping counter: 6 out of 20


batch 19, loss: 1.1357, instance_loss: 0.2232, weighted_loss: 0.8620, label: 0, bag_size: 1525


class 0 clustering acc 1.0: correct 240/240
class 1 clustering acc 1.0: correct 240/240
Epoch: 22, train_loss: 1.2748, train_clustering_loss:  0.1768, train_error: 0.4667
class 0: acc 0.75, correct 6/8
class 1: acc 1.0, correct 4/4
class 2: acc 0.2, correct 2/10
class 3: acc 0.5, correct 4/8

Val Set, val_loss: 1.6515, val_error: 0.7500, auc: 0.3333
class 0 clustering acc 1.0: correct 32/32
class 1 clustering acc 1.0: correct 32/32
class 0: acc None, correct 0/0
class 1: acc 0.0, correct 0/3
class 2: acc 1.0, correct 1/1
class 3: acc None, correct 0/0
EarlyStopping counter: 7 out of 20


batch 19, loss: 1.0614, instance_loss: 0.3659, weighted_loss: 0.8528, label: 3, bag_size: 11696


class 0 clustering acc 1.0: correct 240/240
class 1 clustering acc 1.0: correct 240/240
Epoch: 23, train_loss: 1.1938, train_clustering_loss:  0.1794, train_error: 0.5667
class 0: acc 0.25, correct 1/4
class 1: acc 0.0, correct 0/4
class 2: acc 0.6, correct 6/10
class 3: acc 0.5, correct 6/12

Val Set, val_loss: 1.8948, val_error: 1.0000, auc: 0.1667
class 0 clustering acc 1.0: correct 32/32
class 1 clustering acc 1.0: correct 32/32
class 0: acc None, correct 0/0
class 1: acc 0.0, correct 0/3
class 2: acc 0.0, correct 0/1
class 3: acc None, correct 0/0
EarlyStopping counter: 8 out of 20


batch 19, loss: 0.9254, instance_loss: 0.2248, weighted_loss: 0.7152, label: 0, bag_size: 5188


class 0 clustering acc 1.0: correct 240/240
class 1 clustering acc 0.9958333333333333: correct 239/240
Epoch: 24, train_loss: 1.2003, train_clustering_loss:  0.1297, train_error: 0.5667
class 0: acc 0.25, correct 2/8
class 1: acc 0.3333333333333333, correct 2/6
class 2: acc 0.8, correct 8/10
class 3: acc 0.16666666666666666, correct 1/6

Val Set, val_loss: 1.6992, val_error: 0.7500, auc: 0.3333
class 0 clustering acc 1.0: correct 32/32
class 1 clustering acc 1.0: correct 32/32
class 0: acc None, correct 0/0
class 1: acc 0.0, correct 0/3
class 2: acc 1.0, correct 1/1
class 3: acc None, correct 0/0
EarlyStopping counter: 9 out of 20


batch 19, loss: 1.2288, instance_loss: 0.1205, weighted_loss: 0.8963, label: 2, bag_size: 1073


class 0 clustering acc 1.0: correct 240/240
class 1 clustering acc 1.0: correct 240/240
Epoch: 25, train_loss: 1.1864, train_clustering_loss:  0.1318, train_error: 0.4333
class 0: acc 0.8571428571428571, correct 6/7
class 1: acc 0.7777777777777778, correct 7/9
class 2: acc 0.4, correct 2/5
class 3: acc 0.2222222222222222, correct 2/9

Val Set, val_loss: 1.4223, val_error: 0.7500, auc: 0.1667
class 0 clustering acc 1.0: correct 32/32
class 1 clustering acc 1.0: correct 32/32
class 0: acc None, correct 0/0
class 1: acc 0.3333333333333333, correct 1/3
class 2: acc 0.0, correct 0/1
class 3: acc None, correct 0/0
EarlyStopping counter: 10 out of 20


batch 19, loss: 0.7065, instance_loss: 0.0262, weighted_loss: 0.5024, label: 1, bag_size: 7122


class 0 clustering acc 1.0: correct 240/240
class 1 clustering acc 1.0: correct 240/240
Epoch: 26, train_loss: 1.1059, train_clustering_loss:  0.1023, train_error: 0.5000
class 0: acc 0.42857142857142855, correct 3/7
class 1: acc 0.8333333333333334, correct 10/12
class 2: acc 0.2, correct 1/5
class 3: acc 0.16666666666666666, correct 1/6

Val Set, val_loss: 1.2912, val_error: 0.7500, auc: 0.0000
class 0 clustering acc 1.0: correct 32/32
class 1 clustering acc 1.0: correct 32/32
class 0: acc None, correct 0/0
class 1: acc 0.3333333333333333, correct 1/3
class 2: acc 0.0, correct 0/1
class 3: acc None, correct 0/0
EarlyStopping counter: 11 out of 20


batch 19, loss: 1.2423, instance_loss: 0.1308, weighted_loss: 0.9088, label: 3, bag_size: 12787


class 0 clustering acc 1.0: correct 240/240
class 1 clustering acc 1.0: correct 240/240
Epoch: 27, train_loss: 1.2244, train_clustering_loss:  0.0710, train_error: 0.5667
class 0: acc 0.3333333333333333, correct 3/9
class 1: acc 1.0, correct 6/6
class 2: acc 0.3, correct 3/10
class 3: acc 0.2, correct 1/5

Val Set, val_loss: 1.5832, val_error: 0.7500, auc: 0.3333
class 0 clustering acc 1.0: correct 32/32
class 1 clustering acc 1.0: correct 32/32
class 0: acc None, correct 0/0
class 1: acc 0.0, correct 0/3
class 2: acc 1.0, correct 1/1
class 3: acc None, correct 0/0
EarlyStopping counter: 12 out of 20


batch 19, loss: 1.6299, instance_loss: 0.1592, weighted_loss: 1.1886, label: 3, bag_size: 2334


class 0 clustering acc 1.0: correct 240/240
class 1 clustering acc 1.0: correct 240/240
Epoch: 28, train_loss: 1.2193, train_clustering_loss:  0.0897, train_error: 0.5333
class 0: acc 0.625, correct 5/8
class 1: acc 0.75, correct 6/8
class 2: acc 0.3333333333333333, correct 3/9
class 3: acc 0.0, correct 0/5

Val Set, val_loss: 1.4568, val_error: 1.0000, auc: 0.3333
class 0 clustering acc 1.0: correct 32/32
class 1 clustering acc 1.0: correct 32/32
class 0: acc None, correct 0/0
class 1: acc 0.0, correct 0/3
class 2: acc 0.0, correct 0/1
class 3: acc None, correct 0/0
EarlyStopping counter: 13 out of 20


batch 19, loss: 1.5160, instance_loss: 0.1706, weighted_loss: 1.1124, label: 3, bag_size: 2334


class 0 clustering acc 1.0: correct 240/240
class 1 clustering acc 1.0: correct 240/240
Epoch: 29, train_loss: 1.2449, train_clustering_loss:  0.0889, train_error: 0.6667
class 0: acc 0.5, correct 4/8
class 1: acc 0.42857142857142855, correct 3/7
class 2: acc 0.5, correct 3/6
class 3: acc 0.0, correct 0/9

Val Set, val_loss: 1.5479, val_error: 1.0000, auc: 0.3333
class 0 clustering acc 1.0: correct 32/32
class 1 clustering acc 1.0: correct 32/32
class 0: acc None, correct 0/0
class 1: acc 0.0, correct 0/3
class 2: acc 0.0, correct 0/1
class 3: acc None, correct 0/0
EarlyStopping counter: 14 out of 20
Val error: 0.2500, ROC AUC: 0.0000
Test error: 0.7500, ROC AUC: 1.0000
class 0: acc None, correct 0/0
class 1: acc 1.0, correct 1/1
class 2: acc 0.0, correct 0/3
class 3: acc None, correct 0/0
finished!
end script
